Microchip MPLAB XC8 Compiler V1.33 ()

Linker command line:

--edf=C:\Program Files (x86)\Microchip\xc8\v1.33\dat\en_msgs.txt -cs \
  -h+dist/default/production\KrasTouchPanel.X.production.sym \
  --cmf=dist/default/production\KrasTouchPanel.X.production.cmf -z \
  -Q18F46K22 -oC:\WINDOWS\Temp\s7u4.6 \
  -Mdist/default/production/KrasTouchPanel.X.production.map -E1 -ver=XC8 \
  -ASTACK=0A00h-0f37h -pstack=STACK -ACODE=00h-0FFFFh -ACONST=00h-0FFFFh \
  -ASMALLCONST=01000h-010FFhx240 -AMEDIUMCONST=01000h-0FFFFh \
  -ACOMRAM=01h-05Fh -AABS1=00h-0F37h -ABIGRAM=01h-0F37h \
  -ARAM=060h-0FFh,0100h-01FFhx14,0F00h-0F37h -ABANK0=060h-0FFh \
  -ABANK1=0100h-01FFh -ABANK2=0200h-02FFh -ABANK3=0300h-03FFh \
  -ABANK4=0400h-04FFh -ABANK5=0500h-05FFh -ABANK6=0600h-06FFh \
  -ABANK7=0700h-07FFh -ABANK8=0800h-08FFh -ABANK9=0900h-09FFh \
  -ABANK10=0A00h-0AFFh -ABANK11=0B00h-0BFFh -ABANK12=0C00h-0CFFh \
  -ABANK13=0D00h-0DFFh -ABANK14=0E00h-0EFFh -ABANK15=0F00h-0F37h \
  -ASFR=0F38h-0F5Fh,0F60h-0FFFh \
  -preset_vec=00h,intcode=08h,intcodelo=018h,powerup,init,end_init \
  -pramtop=01000h -psmallconst=SMALLCONST -pmediumconst=MEDIUMCONST \
  -pconst=CONST -AFARRAM=00h-00h -ACONFIG=0300000h-030000Dh -pconfig=CONFIG \
  -AIDLOC=0200000h-0200007h -pidloc=IDLOC -AEEDATA=0F00000h-0F003FFh \
  -peeprom_data=EEDATA \
  -prdata=COMRAM,nvrram=COMRAM,nvbit=COMRAM,rbss=COMRAM,rbit=COMRAM \
  -pfarbss=FARRAM,fardata=FARRAM,nvFARRAM=FARRAM \
  -pintsave_regs=BIGRAM,bigbss=BIGRAM,bigdata=BIGRAM -pbss=RAM \
  -pidata=CODE,irdata=CODE,ibigdata=CODE,ifardata=CODE \
  C:\WINDOWS\Temp\s7u4.obj \
  dist/default/production\KrasTouchPanel.X.production.obj 

Object code version is 3.11

Machine type is 18F46K22

Call graph: (short form)




                Name                               Link     Load   Length Selector   Space Scale
C:\WINDOWS\Temp\s7u4.obj
                end_init                            3F0      3F0        4        C       0
                reset_vec                             0        0        4        0       0
                config                           300000   300000        E   300000       0
dist/default/production\KrasTouchPanel.X.production.obj
                eeprom_data                      F00000   F00000      100   F00000       0
                intcodelo                            18       18      3D8        C       0
                intcode                               8        8       10        4       0
                mediumconst                        F21A     F21A      DE6     790D       0
                text75                             114E     114E      22E        C       0
                text74                             274A     274A       AA        C       0
                text73                             18FA     18FA      18E        C       0
                text72                             1D7E     1D7E      150        C       0
                intcode_body                       2D68     2D68       72        C       0
                text70                             3696     3696       10        C       0
                text69                             3686     3686       10        C       0
                text68                             2F0C     2F0C       60        C       0
                text67                             36A6     36A6        E        C       0
                text66                             30D4     30D4       50        C       0
                text65                             3024     3024       5A        C       0
                text64                             36C0     36C0        C        C       0
                text63                             35DC     35DC       22        C       0
                text62                             35B6     35B6       26        C       0
                text61                             36CC     36CC        6        C       0
                text60                             32E4     32E4       44        C       0
                text59                             34A2     34A2       2C        C       0
                text58                             307E     307E       56        C       0
                text57                             36B4     36B4        C        C       0
                text56                             3590     3590       26        C       0
                text54                             3368     3368       3E        C       0
                text53                             363A     363A       1C        C       0
                text52                             2AE6     2AE6       8C        C       0
                text51                             1A88     1A88      180        C       0
                text50                             361C     361C       1E        C       0
                text49                              F12      F12      23C        C       0
                text48                             356A     356A       26        C       0
                text47                             3474     3474       2E        C       0
                text46                             3544     3544       26        C       0
                text45                             2F6C     2F6C       5E        C       0
                text44                             2E42     2E42       68        C       0
                text43                             329E     329E       46        C       0
                text42                             2FCA     2FCA       5A        C       0
                text41                             3124     3124       4E        C       0
                text40                             2016     2016      10A        C       0
                text39                             232E     232E       F0        C       0
                text38                             2A5A     2A5A       8C        C       0
                text37                             2C78     2C78       7A        C       0
                text36                             34CE     34CE       2A        C       0
                text35                             3416     3416       30        C       0
                text34                             3254     3254       4A        C       0
                text33                             31BE     31BE       4C        C       0
                text32                             351E     351E       26        C       0
                text31                             268C     268C       BE        C       0
                text30                             157C     157C      1CC        C       0
                text29                             33A6     33A6       3C        C       0
                text28                             25CA     25CA       C2        C       0
                text27                             2CF2     2CF2       76        C       0
                text26                             2EAA     2EAA       62        C       0
                text25                             3446     3446       2E        C       0
                text24                             2228     2228      106        C       0
                text23                             241E     241E       DE        C       0
                text22                             2120     2120      108        C       0
                text21                             33E2     33E2       34        C       0
                text20                             34F8     34F8       26        C       0
                text19                             1748     1748      1B2        C       0
                text18                             35FE     35FE       1E        C       0
                text17                             29C6     29C6       94        C       0
                text16                             2B72     2B72       84        C       0
                text15                              C5E      C5E      2B4        C       0
                text14                              3F4      3F4      86A        C       0
                text13                             2DDA     2DDA       68        C       0
                text12                             320A     320A       4A        C       0
                text11                             366E     366E       18        C       0
                text10                             289A     289A       98        C       0
                text9                              27F4     27F4       A6        C       0
                text8                              24FC     24FC       CE        C       0
                text7                              1ECE     1ECE      148        C       0
                text6                              3172     3172       4C        C       0
                text5                              1C08     1C08      176        C       0
                text4                              3656     3656       18        C       0
                text3                              137C     137C      200        C       0
                text2                              36D6     36D6        4        C       0
                text1                              3328     3328       40        C       0
                text0                              2932     2932       94        C       0
                cstackCOMRAM                          1        1       23        1       1
                cstackBANK0                          60       60       62       60       1
                cstackBANK1                         1C8      1C8       1B      100       1
                cstackBANK2                         268      268       28      200       1
                bssBIGRAM                           400      400      160      400       1
                bssBANK3                            300      300      100      300       1
                bssBANK2                            200      200       68      200       1
                bssBANK1                            100      100       C8      100       1
                bssBANK0                             C2       C2       17       60       1
                dataCOMRAM                           44       44        4        1       1
                bssCOMRAM                            24       24       20        1       1
                cinit                              2BF6     2BF6       82        C       0
                idataCOMRAM                        36D2     36D2        4        C       0

TOTAL           Name                               Link     Load   Length     Space
        CLASS   STACK          

        CLASS   CODE           
                end_init                            3F0      3F0        4         0
                intcodelo                            18       18      3D8         0
                intcode                               8        8       10         0
                reset_vec                             0        0        4         0
                text75                             114E     114E      22E         0
                text74                             274A     274A       AA         0
                text73                             18FA     18FA      18E         0
                text72                             1D7E     1D7E      150         0
                intcode_body                       2D68     2D68       72         0
                text70                             3696     3696       10         0
                text69                             3686     3686       10         0
                text68                             2F0C     2F0C       60         0
                text67                             36A6     36A6        E         0
                text66                             30D4     30D4       50         0
                text65                             3024     3024       5A         0
                text64                             36C0     36C0        C         0
                text63                             35DC     35DC       22         0
                text62                             35B6     35B6       26         0
                text61                             36CC     36CC        6         0
                text60                             32E4     32E4       44         0
                text59                             34A2     34A2       2C         0
                text58                             307E     307E       56         0
                text57                             36B4     36B4        C         0
                text56                             3590     3590       26         0
                text54                             3368     3368       3E         0
                text53                             363A     363A       1C         0
                text52                             2AE6     2AE6       8C         0
                text51                             1A88     1A88      180         0
                text50                             361C     361C       1E         0
                text49                              F12      F12      23C         0
                text48                             356A     356A       26         0
                text47                             3474     3474       2E         0
                text46                             3544     3544       26         0
                text45                             2F6C     2F6C       5E         0
                text44                             2E42     2E42       68         0
                text43                             329E     329E       46         0
                text42                             2FCA     2FCA       5A         0
                text41                             3124     3124       4E         0
                text40                             2016     2016      10A         0
                text39                             232E     232E       F0         0
                text38                             2A5A     2A5A       8C         0
                text37                             2C78     2C78       7A         0
                text36                             34CE     34CE       2A         0
                text35                             3416     3416       30         0
                text34                             3254     3254       4A         0
                text33                             31BE     31BE       4C         0
                text32                             351E     351E       26         0
                text31                             268C     268C       BE         0
                text30                             157C     157C      1CC         0
                text29                             33A6     33A6       3C         0
                text28                             25CA     25CA       C2         0
                text27                             2CF2     2CF2       76         0
                text26                             2EAA     2EAA       62         0
                text25                             3446     3446       2E         0
                text24                             2228     2228      106         0
                text23                             241E     241E       DE         0
                text22                             2120     2120      108         0
                text21                             33E2     33E2       34         0
                text20                             34F8     34F8       26         0
                text19                             1748     1748      1B2         0
                text18                             35FE     35FE       1E         0
                text17                             29C6     29C6       94         0
                text16                             2B72     2B72       84         0
                text15                              C5E      C5E      2B4         0
                text14                              3F4      3F4      86A         0
                text13                             2DDA     2DDA       68         0
                text12                             320A     320A       4A         0
                text11                             366E     366E       18         0
                text10                             289A     289A       98         0
                text9                              27F4     27F4       A6         0
                text8                              24FC     24FC       CE         0
                text7                              1ECE     1ECE      148         0
                text6                              3172     3172       4C         0
                text5                              1C08     1C08      176         0
                text4                              3656     3656       18         0
                text3                              137C     137C      200         0
                text2                              36D6     36D6        4         0
                text1                              3328     3328       40         0
                text0                              2932     2932       94         0
                cinit                              2BF6     2BF6       82         0
                idataCOMRAM                        36D2     36D2        4         0

        CLASS   CONST          

        CLASS   SMALLCONST     

        CLASS   MEDIUMCONST    
                mediumconst                        F21A     F21A      DE6         0

        CLASS   COMRAM         
                cstackCOMRAM                          1        1       23         1
                dataCOMRAM                           44       44        4         1
                bssCOMRAM                            24       24       20         1

        CLASS   ABS1           

        CLASS   BIGRAM         
                bssBIGRAM                           400      400      160         1

        CLASS   RAM            

        CLASS   BANK0          
                cstackBANK0                          60       60       62         1
                bssBANK0                             C2       C2       17         1

        CLASS   BANK1          
                cstackBANK1                         1C8      1C8       1B         1
                bssBANK1                            100      100       C8         1

        CLASS   BANK2          
                cstackBANK2                         268      268       28         1
                bssBANK2                            200      200       68         1

        CLASS   BANK3          
                bssBANK3                            300      300      100         1

        CLASS   BANK4          

        CLASS   BANK5          

        CLASS   BANK6          

        CLASS   BANK7          

        CLASS   BANK8          

        CLASS   BANK9          

        CLASS   BANK10         

        CLASS   BANK11         

        CLASS   BANK12         

        CLASS   BANK13         

        CLASS   BANK14         

        CLASS   BANK15         

        CLASS   SFR            

        CLASS   FARRAM         

        CLASS   CONFIG         
                config                           300000   300000        E         0

        CLASS   IDLOC          

        CLASS   EEDATA         
                eeprom_data                      F00000   F00000      100         0



SEGMENTS        Name                           Load    Length   Top    Selector   Space  Class

                reset_vec                      000000  000004  000004         0       0  CODE    
                cstackCOMRAM                   000001  000047  000048         1       1  COMRAM  
                intcode                        000008  000010  000018         4       0  CODE    
                intcodelo                      000018  0036C2  0036DA         C       0  CODE    
                cstackBANK0                    000060  000079  0000D9        60       1  BANK0   
                bssBANK1                       000100  0000E3  0001E3       100       1  BANK1   
                bssBANK2                       000200  000090  000290       200       1  BANK2   
                bssBANK3                       000300  000100  000400       300       1  BANK3   
                bssBIGRAM                      000400  000160  000560       400       1  BIGRAM  
                mediumconst                    00F21A  000DE6  010000      790D       0  MEDIUMCO
                config                         300000  00000E  30000E    300000       0  CONFIG  
                eeprom_data                    F00000  000100  F00100    F00000       0  EEDATA  


UNUSED ADDRESS RANGES

        Name                Unused          Largest block    Delta
        BANK0            0000D9-0000FF               27
        BANK1            0001E3-0001FF               1D
        BANK10           000A00-000AFF              100
        BANK11           000B00-000BFF              100
        BANK12           000C00-000CFF              100
        BANK13           000D00-000DFF              100
        BANK14           000E00-000EFF              100
        BANK15           000F00-000F37               38
        BANK2            000290-0002FF               70
        BANK5            000560-0005FF               A0
        BANK6            000600-0006FF              100
        BANK7            000700-0007FF              100
        BANK8            000800-0008FF              100
        BANK9            000900-0009FF              100
        BIGRAM           000048-00005F               18
                         0000D9-0000FF               27
                         0001E3-0001FF               1D
                         000290-0002FF               70
                         000560-000F37              9D8
        CODE             000004-000007                4
                         0036DA-00F219             BB40
        COMRAM           000048-00005F               18
        CONST            000004-000007                4
                         0036DA-00F219             BB40
        EEDATA           F00100-F003FF              300
        IDLOC            200000-200007                8
        MEDIUMCONST      0036DA-00F219             BB40
        RAM              0000D9-0000FF               27
                         0001E3-0001FF               1D
                         000290-0002FF               70
                         000560-000F37              100
        SFR              000F38-000FFF               28
        SMALLCONST       0036DA-00F219              100
        STACK            000A00-000F37              538

                                  Symbol Table

?_MTouchAcquisitionCVD                 cstackBANK0  000060
?___awdiv                              cstackBANK0  00008D
?___awmod                              cstackBANK0  000087
?___awtofl                             cstackBANK0  000091
?___fladd                              cstackBANK0  0000BA
?___flmul                              cstackBANK0  000096
?___flneg                              cstackBANK0  000087
?___flpack                             cstackBANK0  000087
?___flsub                              cstackBANK1  0001CF
?___fltol                              cstackBANK0  0000B2
?___lldiv                              cstackBANK0  000087
?___llmod                              cstackBANK0  000087
?___lltofl                             cstackBANK0  000091
?___wmul                               cstackBANK0  000087
?__div_to_l_                           cstackBANK0  000087
?__tdiv_to_l_                          cstackBANK0  000087
?_ds18b20_read                         cstackBANK1  0001CF
?_fround                               cstackBANK0  0000A9
?_scale                                cstackBANK0  0000A9
?_sprintf                              cstackBANK1  0001D7
BSemOn@Sem                             cstackCOMRAM 000001
Beep@ms10                              cstackBANK0  000087
DelayMs@cnt                            cstackBANK0  000087
DelayMs@i                              cstackBANK0  000088
HI_ISR@beep                            bssBANK0     0000CE
InitMessages@i                         cstackBANK0  000087
InitializeSystem@pll_startup_counter   cstackBANK0  000097
LO_ISR@i                               cstackCOMRAM 000023
LO_ISR@lcAdr                           cstackCOMRAM 000021
LO_ISR@lcData                          cstackCOMRAM 000022
LabelCreate@font                       cstackBANK0  0000B6
LabelCreate@i                          cstackBANK0  0000BB
LabelCreate@lb                         cstackBANK0  0000B2
LabelCreate@ln                         cstackBANK0  0000B8
LabelCreate@x                          cstackBANK0  0000B4
LabelCreate@y                          cstackBANK0  0000B5
LabelSetTxt@i                          cstackBANK0  0000B1
LabelSetTxt@lb                         cstackBANK0  0000AA
LabelSetTxt@str                        cstackBANK0  0000AC
LabelSetTxt@temp                       cstackBANK0  0000B0
MTouchAcquisition@data                 cstackBANK0  000077
MTouchAcquisition@i                    cstackBANK0  00007D
MTouchAcquisition@pCurrentSensor       cstackBANK0  00007E
MTouchAcquisition@pLastSensor          cstackBANK0  000079
MTouchAcquisition@pPreviousSensor      cstackBANK0  00007B
MTouchAcquisition@startSensorNumber    bssBANK0     0000CF
MTouchAcquisitionCVD@curChannelNumber  cstackBANK0  00006B
MTouchAcquisitionCVD@curIOMask         cstackBANK0  000073
MTouchAcquisitionCVD@curLat            cstackBANK0  00006E
MTouchAcquisitionCVD@curTris           cstackBANK0  000071
MTouchAcquisitionCVD@pCurrentSensor    cstackBANK0  000060
MTouchAcquisitionCVD@pPreviousSensor   cstackBANK0  000062
MTouchAcquisitionCVD@prevChannelNumber cstackBANK0  00006A
MTouchAcquisitionCVD@prevIOMask        cstackBANK0  000070
MTouchAcquisitionCVD@prevLat           cstackBANK0  00006C
MTouchAcquisitionCVD@prevTris          cstackBANK0  000068
MTouchAcquisitionCVD@result            cstackBANK0  000066
MTouchDecodeButtons@decode             cstackBANK0  00008F
MTouchDecodeButtons@i                  cstackBANK0  00008D
MTouchDecodeButtons@pButton            cstackBANK0  000093
MTouchDecodeButtons@pMostPressedButton cstackBANK0  000090
MTouchDecodeButtons@pSensor            cstackBANK0  00008B
MTouchDecodeButtons@sensorState        cstackBANK0  000092
MTouchDecodeButtons@state              cstackBANK0  00008E
MTouchSensorDecode@delta               cstackBANK0  00006F
MTouchSensorDecode@pSensor             cstackBANK0  000069
MTouchSetButton@buttonNumber           cstackBANK0  00008B
MTouchSetButton@decode                 cstackBANK0  000088
MTouchSetButton@pButton                cstackBANK0  00008C
MTouchSetButton@sensorNumber           cstackBANK0  000087
MTouchSetSensor@channelNumber          cstackBANK0  00008C
MTouchSetSensor@chargeDelay            cstackBANK0  000091
MTouchSetSensor@ioBitNumber            cstackBANK0  00008B
MTouchSetSensor@lat                    cstackBANK0  000089
MTouchSetSensor@oversampling           cstackBANK0  00008F
MTouchSetSensor@pSensor                cstackBANK0  000095
MTouchSetSensor@sensorNumber           cstackBANK0  000094
MTouchSetSensor@threshold              cstackBANK0  00008D
MTouchSetSensor@tris                   cstackBANK0  000087
MTouchUpdateSensorAverage@pSensor      cstackBANK0  000060
MTouchUpdateSensorAverage@rate         cstackBANK0  000062
PL10                                   text8        0025B2
PL100                                  text72       001EBE
PL102                                  text3        00156C
PL104                                  text15       000F08
PL106                                  text14       000C2E
PL108                                  text5        001D66
PL110                                  text51       001BFA
PL112                                  text7        002008
PL114                                  text14       000C3A
PL116                                  text22       00220E
PL118                                  text30       00173A
PL12                                   text15       000E6C
PL120                                  text5        001D74
PL122                                  text14       000C48
PL124                                  text22       00221C
PL126                                  text28       002680
PL128                                  text24       002322
PL130                                  text31       00273E
PL132                                  text14       000C54
PL134                                  text42       003018
PL136                                  text6        0031B2
PL138                                  text37       002CE8
PL14                                   text15       000E82
PL16                                   text74       0027C4
PL18                                   text19       0018C0
PL2                                    text15       000E34
PL20                                   text15       000E90
PL22                                   text15       000EBE
PL24                                   text14       000BC8
PL26                                   text73       001A4E
PL28                                   text19       0018D6
PL30                                   text49       001132
PL32                                   text9        002882
PL34                                   text39       0023CC
PL36                                   text75       00130C
PL38                                   text73       001A66
PL4                                    text15       000E50
PL40                                   text14       000BDC
PL42                                   text49       001140
PL44                                   text75       00131E
PL46                                   text75       001330
PL48                                   text5        001D46
PL50                                   text15       000ED2
PL52                                   text15       000EF0
PL54                                   text39       0023DE
PL56                                   text10       002900
PL58                                   text3        00155E
PL6                                    text49       001124
PL60                                   text10       00291A
PL62                                   text14       000BEA
PL64                                   text75       001340
PL66                                   text41       00315A
PL68                                   text14       000C02
PL70                                   text14       000C18
PL72                                   text15       000EFE
PL74                                   text39       0023FA
PL76                                   text72       001EA8
PL78                                   text40       0020FA
PL8                                    text14       000B8C
PL80                                   text19       0018E8
PL82                                   text30       001728
PL84                                   text75       001358
PL86                                   text40       00210E
PL88                                   text75       00136A
PL90                                   text39       002410
PL92                                   text73       001A76
PL94                                   text0        0029B6
PL96                                   text22       0021FE
PL98                                   text7        001FFA
ProcessMessages@i                      cstackBANK0  000087
Read_b_eep@badd                        cstackCOMRAM 000001
SendMessage@Msg                        cstackCOMRAM 000001
Write_b_eep@GIE_BIT_VAL                cstackCOMRAM 000007
Write_b_eep@badd                       cstackCOMRAM 000001
Write_b_eep@bdat                       cstackCOMRAM 000003
_ADCON0                                (abs)        000FC2
_ADCON0bits                            (abs)        000FC2
_ADCON1                                (abs)        000FC1
_ADCON2                                (abs)        000FC0
_ADCON2bits                            (abs)        000FC0
_ADRESH                                (abs)        000FC4
_ADRESL                                (abs)        000FC3
_ANSELA                                (abs)        000F38
_ANSELB                                (abs)        000F39
_ANSELC                                (abs)        000F3A
_ANSELD                                (abs)        000F3B
_ANSELE                                (abs)        000F3C
_BRG161                                (abs)        007DC3
_BRGH1                                 (abs)        007D62
_BSem                                  bssCOMRAM    00002E
_BSemOn                                text70       003696
_Beep                                  text4        003656
_BroadcastMessages                     bssBANK0     0000D0
_Busy_eep                              text61       0036CC
_CCP4CONbits                           (abs)        000F57
_CCPR1L                                (abs)        000FBE
_CCPR2L                                (abs)        000F67
_CCPR4L                                (abs)        000F58
_CREN1                                 (abs)        007D5C
_DC1B0                                 (abs)        007DEC
_DC1B1                                 (abs)        007DED
_DC2B0                                 (abs)        007B34
_DC2B1                                 (abs)        007B35
_DelayMs                               text36       0034CE
_EEADR                                 (abs)        000FA9
_EEADRH                                (abs)        000FAA
_EECON1bits                            (abs)        000FA6
_EECON2                                (abs)        000FA7
_EEDATA                                (abs)        000FA8
_FERR1                                 (abs)        007D5A
_GIE                                   (abs)        007F97
_HI_ISR                                intcode      000008
_INTCONbits                            (abs)        000FF2
_IPR1bits                              (abs)        000F9F
_IPR5bits                              (abs)        000F7F
_InitMessages                          text54       003368
_InitializeSystem                      text49       000F12
_LATA                                  (abs)        000F89
_LATAbits                              (abs)        000F89
_LATB                                  (abs)        000F8A
_LATBbits                              (abs)        000F8A
_LATC                                  (abs)        000F8B
_LATC0                                 (abs)        007C58
_LATC2                                 (abs)        007C5A
_LATC3                                 (abs)        007C5B
_LATCbits                              (abs)        000F8B
_LATD                                  (abs)        000F8C
_LATE0                                 (abs)        007C68
_LATE1                                 (abs)        007C69
_LATE2                                 (abs)        007C6A
_LO_ISR                                intcodelo    000018
_LabelCreate                           text38       002A5A
_LabelSetTxt                           text39       00232E
_MTouchAcquisition                     text72       001D7E
_MTouchAcquisitionCVD                  text75       00114E
_MTouchDecode                          text2        0036D6
_MTouchDecodeButtons                   text3        00137C
_MTouchInit                            text53       00363A
_MTouchSensorDecode                    text73       0018FA
_MTouchSetButton                       text52       002AE6
_MTouchSetSensor                       text51       001A88
_MTouchUpdateSensorAverage             text74       00274A
_Messages                              bssCOMRAM    000024
_OERR1                                 (abs)        007D59
_OSCCON                                (abs)        000FD3
_OSCTUNEbits                           (abs)        000F9B
_PIE1bits                              (abs)        000F9D
_PIE5bits                              (abs)        000F7D
_PIR1bits                              (abs)        000F9E
_PIR5bits                              (abs)        000F7E
_PORTC                                 (abs)        000F82
_PORTD                                 (abs)        000F83
_PR2                                   (abs)        000FBB
_PR4                                   (abs)        000F52
_ProcessMessages                       text37       002C78
_RCIE                                  (abs)        007CED
_RCIF                                  (abs)        007CF5
_RCIP                                  (abs)        007CFD
_RCONbits                              (abs)        000FD0
_RCREG                                 (abs)        000FAE
_RX91                                  (abs)        007D5E
_Read_b_eep                            text63       0035DC
_RxBuff                                bssBANK3     000300
_RxTxBuff                              bssBANK1     000119
_SPBRG                                 (abs)        000FAF
_SPEN1                                 (abs)        007D5F
_SREN1                                 (abs)        007D5D
_SWDTEN                                (abs)        007E88
_SYNC1                                 (abs)        007D64
_SendMessage                           text69       003686
_T2CONbits                             (abs)        000FBA
_T4CONbits                             (abs)        000F51
_TMR2                                  (abs)        000FBC
_TMR4                                  (abs)        000F53
_TRISA                                 (abs)        000F92
_TRISAbits                             (abs)        000F92
_TRISB                                 (abs)        000F93
_TRISBbits                             (abs)        000F93
_TRISC                                 (abs)        000F94
_TRISCbits                             (abs)        000F94
_TRISD                                 (abs)        000F95
_TRISEbits                             (abs)        000F96
_TRMT1                                 (abs)        007D61
_TX91                                  (abs)        007D66
_TXEN1                                 (abs)        007D65
_TXIE                                  (abs)        007CEC
_TXREG                                 (abs)        000FAD
_Write_b_eep                           text60       0032E4
__CFG_BOREN$SBORDIS                    (abs)        000000
__CFG_BORV$190                         (abs)        000000
__CFG_CCP2MX$PORTC1                    (abs)        000000
__CFG_CCP3MX$PORTB5                    (abs)        000000
__CFG_CP0$OFF                          (abs)        000000
__CFG_CP1$OFF                          (abs)        000000
__CFG_CP2$OFF                          (abs)        000000
__CFG_CP3$OFF                          (abs)        000000
__CFG_CPB$OFF                          (abs)        000000
__CFG_CPD$OFF                          (abs)        000000
__CFG_EBTR0$OFF                        (abs)        000000
__CFG_EBTR1$OFF                        (abs)        000000
__CFG_EBTR2$OFF                        (abs)        000000
__CFG_EBTR3$OFF                        (abs)        000000
__CFG_EBTRB$OFF                        (abs)        000000
__CFG_FCMEN$OFF                        (abs)        000000
__CFG_FOSC$INTIO67                     (abs)        000000
__CFG_HFOFST$ON                        (abs)        000000
__CFG_IESO$OFF                         (abs)        000000
__CFG_LVP$OFF                          (abs)        000000
__CFG_MCLRE$EXTMCLR                    (abs)        000000
__CFG_P2BMX$PORTD2                     (abs)        000000
__CFG_PBADEN$OFF                       (abs)        000000
__CFG_PLLCFG$ON                        (abs)        000000
__CFG_PRICLKEN$ON                      (abs)        000000
__CFG_PWRTEN$OFF                       (abs)        000000
__CFG_STVREN$ON                        (abs)        000000
__CFG_T3CMX$PORTC0                     (abs)        000000
__CFG_WDTEN$SWON                       (abs)        000000
__CFG_WDTPS$32768                      (abs)        000000
__CFG_WRT0$OFF                         (abs)        000000
__CFG_WRT1$OFF                         (abs)        000000
__CFG_WRT2$OFF                         (abs)        000000
__CFG_WRT3$OFF                         (abs)        000000
__CFG_WRTB$OFF                         (abs)        000000
__CFG_WRTC$OFF                         (abs)        000000
__CFG_WRTD$OFF                         (abs)        000000
__CFG_XINST$OFF                        (abs)        000000
__HRAM                                 (abs)        000000
__Habs1                                abs1         000000
__Hbank0                               bank0        000000
__Hbank1                               bank1        000000
__Hbank10                              bank10       000000
__Hbank11                              bank11       000000
__Hbank12                              bank12       000000
__Hbank13                              bank13       000000
__Hbank14                              bank14       000000
__Hbank15                              bank15       000000
__Hbank2                               bank2        000000
__Hbank3                               bank3        000000
__Hbank4                               bank4        000000
__Hbank5                               bank5        000000
__Hbank6                               bank6        000000
__Hbank7                               bank7        000000
__Hbank8                               bank8        000000
__Hbank9                               bank9        000000
__Hbigbss                              bigbss       000000
__Hbigdata                             bigdata      000000
__Hbigram                              bigram       000000
__Hbss                                 bss          000000
__HbssBANK0                            bssBANK0     000000
__HbssBANK1                            bssBANK1     000000
__HbssBANK2                            bssBANK2     000000
__HbssBANK3                            bssBANK3     000000
__HbssBIGRAM                           bssBIGRAM    000000
__HbssCOMRAM                           bssCOMRAM    000000
__Hcinit                               cinit        000000
__Hclrtext                             clrtext      000000
__Hcomram                              comram       000000
__Hconfig                              config       30000E
__Hconst                               const        000000
__HcstackBANK0                         cstackBANK0  000000
__HcstackBANK1                         cstackBANK1  000000
__HcstackBANK2                         cstackBANK2  000000
__HcstackCOMRAM                        cstackCOMRAM 000000
__Hdata                                data         000000
__HdataCOMRAM                          dataCOMRAM   000000
__Heeprom_data                         eeprom_data  F00100
__Hend_init                            end_init     0003F4
__Hfarbss                              farbss       000000
__Hfardata                             fardata      000000
__Hibigdata                            ibigdata     000000
__Hidata                               idata        000000
__HidataCOMRAM                         idataCOMRAM  000000
__Hidloc                               idloc        000000
__Hifardata                            ifardata     000000
__Hinit                                init         0003F0
__Hintcode                             intcode      000018
__Hintcode_body                        intcode_body 000000
__Hintcodelo                           intcodelo    0003F0
__Hintentry                            intentry     000000
__Hintret                              intret       000000
__Hintsave_regs                        intsave_regs 000000
__Hirdata                              irdata       000000
__Hmediumconst                         mediumconst  010000
__HnvFARRAM                            nvFARRAM     000000
__Hnvbit                               nvbit        000000
__Hnvrram                              nvrram       000000
__Hpa_nodes                            pa_nodes     000000
__Hparam                               param0       000000
__Hparam0                              param0       000000
__Hpowerup                             powerup      0003F0
__Hram                                 ram          000000
__Hramtop                              ramtop       001000
__Hrbit                                rbit         000000
__Hrbss                                rbss         000000
__Hrdata                               rdata        000000
__Hreset_vec                           reset_vec    000004
__Hsfr                                 sfr          000000
__Hsmallconst                          smallconst   000000
__Hspace_0                             (abs)        F00100
__Hspace_1                             (abs)        000560
__Hspace_2                             (abs)        000000
__Hstack                               stack        000000
__Hstruct                              struct       000000
__Htemp                                temp         000000
__Htext                                text         000000
__Htext0                               text0        000000
__Htext1                               text1        000000
__Htext10                              text10       000000
__Htext11                              text11       000000
__Htext12                              text12       000000
__Htext13                              text13       000000
__Htext14                              text14       000000
__Htext15                              text15       000000
__Htext16                              text16       000000
__Htext17                              text17       000000
__Htext18                              text18       000000
__Htext19                              text19       000000
__Htext2                               text2        000000
__Htext20                              text20       000000
__Htext21                              text21       000000
__Htext22                              text22       000000
__Htext23                              text23       000000
__Htext24                              text24       000000
__Htext25                              text25       000000
__Htext26                              text26       000000
__Htext27                              text27       000000
__Htext28                              text28       000000
__Htext29                              text29       000000
__Htext3                               text3        000000
__Htext30                              text30       000000
__Htext31                              text31       000000
__Htext32                              text32       000000
__Htext33                              text33       000000
__Htext34                              text34       000000
__Htext35                              text35       000000
__Htext36                              text36       000000
__Htext37                              text37       000000
__Htext38                              text38       000000
__Htext39                              text39       000000
__Htext4                               text4        000000
__Htext40                              text40       000000
__Htext41                              text41       000000
__Htext42                              text42       000000
__Htext43                              text43       000000
__Htext44                              text44       000000
__Htext45                              text45       000000
__Htext46                              text46       000000
__Htext47                              text47       000000
__Htext48                              text48       000000
__Htext49                              text49       000000
__Htext5                               text5        000000
__Htext50                              text50       000000
__Htext51                              text51       000000
__Htext52                              text52       000000
__Htext53                              text53       000000
__Htext54                              text54       000000
__Htext56                              text56       000000
__Htext57                              text57       000000
__Htext58                              text58       000000
__Htext59                              text59       000000
__Htext6                               text6        000000
__Htext60                              text60       000000
__Htext61                              text61       000000
__Htext62                              text62       000000
__Htext63                              text63       000000
__Htext64                              text64       000000
__Htext65                              text65       000000
__Htext66                              text66       000000
__Htext67                              text67       000000
__Htext68                              text68       000000
__Htext69                              text69       000000
__Htext7                               text7        000000
__Htext70                              text70       000000
__Htext72                              text72       000000
__Htext73                              text73       000000
__Htext74                              text74       000000
__Htext75                              text75       000000
__Htext8                               text8        000000
__Htext9                               text9        000000
__LRAM                                 (abs)        000001
__Labs1                                abs1         000000
__Lbank0                               bank0        000000
__Lbank1                               bank1        000000
__Lbank10                              bank10       000000
__Lbank11                              bank11       000000
__Lbank12                              bank12       000000
__Lbank13                              bank13       000000
__Lbank14                              bank14       000000
__Lbank15                              bank15       000000
__Lbank2                               bank2        000000
__Lbank3                               bank3        000000
__Lbank4                               bank4        000000
__Lbank5                               bank5        000000
__Lbank6                               bank6        000000
__Lbank7                               bank7        000000
__Lbank8                               bank8        000000
__Lbank9                               bank9        000000
__Lbigbss                              bigbss       000000
__Lbigdata                             bigdata      000000
__Lbigram                              bigram       000000
__Lbss                                 bss          000000
__LbssBANK0                            bssBANK0     000000
__LbssBANK1                            bssBANK1     000000
__LbssBANK2                            bssBANK2     000000
__LbssBANK3                            bssBANK3     000000
__LbssBIGRAM                           bssBIGRAM    000000
__LbssCOMRAM                           bssCOMRAM    000000
__Lcinit                               cinit        000000
__Lclrtext                             clrtext      000000
__Lcomram                              comram       000000
__Lconfig                              config       300000
__Lconst                               const        000000
__LcstackBANK0                         cstackBANK0  000000
__LcstackBANK1                         cstackBANK1  000000
__LcstackBANK2                         cstackBANK2  000000
__LcstackCOMRAM                        cstackCOMRAM 000000
__Ldata                                data         000000
__LdataCOMRAM                          dataCOMRAM   000000
__Leeprom_data                         eeprom_data  F00000
__Lend_init                            end_init     0003F0
__Lfarbss                              farbss       000000
__Lfardata                             fardata      000000
__Libigdata                            ibigdata     000000
__Lidata                               idata        000000
__LidataCOMRAM                         idataCOMRAM  000000
__Lidloc                               idloc        000000
__Lifardata                            ifardata     000000
__Linit                                init         0003F0
__Lintcode                             intcode      000008
__Lintcode_body                        intcode_body 000000
__Lintcodelo                           intcodelo    000018
__Lintentry                            intentry     000000
__Lintret                              intret       000000
__Lintsave_regs                        intsave_regs 000000
__Lirdata                              irdata       000000
__Lmediumconst                         mediumconst  00F21A
__LnvFARRAM                            nvFARRAM     000000
__Lnvbit                               nvbit        000000
__Lnvrram                              nvrram       000000
__Lpa_nodes                            pa_nodes     000000
__Lparam                               param0       000000
__Lparam0                              param0       000000
__Lpowerup                             powerup      0003F0
__Lram                                 ram          000000
__Lramtop                              ramtop       001000
__Lrbit                                rbit         000000
__Lrbss                                rbss         000000
__Lrdata                               rdata        000000
__Lreset_vec                           reset_vec    000000
__Lsfr                                 sfr          000000
__Lsmallconst                          smallconst   000000
__Lspace_0                             (abs)        000000
__Lspace_1                             (abs)        000000
__Lspace_2                             (abs)        000000
__Lstack                               stack        000000
__Lstruct                              struct       000000
__Ltemp                                temp         000000
__Ltext                                text         000000
__Ltext0                               text0        000000
__Ltext1                               text1        000000
__Ltext10                              text10       000000
__Ltext11                              text11       000000
__Ltext12                              text12       000000
__Ltext13                              text13       000000
__Ltext14                              text14       000000
__Ltext15                              text15       000000
__Ltext16                              text16       000000
__Ltext17                              text17       000000
__Ltext18                              text18       000000
__Ltext19                              text19       000000
__Ltext2                               text2        000000
__Ltext20                              text20       000000
__Ltext21                              text21       000000
__Ltext22                              text22       000000
__Ltext23                              text23       000000
__Ltext24                              text24       000000
__Ltext25                              text25       000000
__Ltext26                              text26       000000
__Ltext27                              text27       000000
__Ltext28                              text28       000000
__Ltext29                              text29       000000
__Ltext3                               text3        000000
__Ltext30                              text30       000000
__Ltext31                              text31       000000
__Ltext32                              text32       000000
__Ltext33                              text33       000000
__Ltext34                              text34       000000
__Ltext35                              text35       000000
__Ltext36                              text36       000000
__Ltext37                              text37       000000
__Ltext38                              text38       000000
__Ltext39                              text39       000000
__Ltext4                               text4        000000
__Ltext40                              text40       000000
__Ltext41                              text41       000000
__Ltext42                              text42       000000
__Ltext43                              text43       000000
__Ltext44                              text44       000000
__Ltext45                              text45       000000
__Ltext46                              text46       000000
__Ltext47                              text47       000000
__Ltext48                              text48       000000
__Ltext49                              text49       000000
__Ltext5                               text5        000000
__Ltext50                              text50       000000
__Ltext51                              text51       000000
__Ltext52                              text52       000000
__Ltext53                              text53       000000
__Ltext54                              text54       000000
__Ltext56                              text56       000000
__Ltext57                              text57       000000
__Ltext58                              text58       000000
__Ltext59                              text59       000000
__Ltext6                               text6        000000
__Ltext60                              text60       000000
__Ltext61                              text61       000000
__Ltext62                              text62       000000
__Ltext63                              text63       000000
__Ltext64                              text64       000000
__Ltext65                              text65       000000
__Ltext66                              text66       000000
__Ltext67                              text67       000000
__Ltext68                              text68       000000
__Ltext69                              text69       000000
__Ltext7                               text7        000000
__Ltext70                              text70       000000
__Ltext72                              text72       000000
__Ltext73                              text73       000000
__Ltext74                              text74       000000
__Ltext75                              text75       000000
__Ltext8                               text8        000000
__Ltext9                               text9        000000
__S0                                   (abs)        F00100
__S1                                   (abs)        000560
__S2                                   (abs)        000000
___awdiv                               text17       0029C6
___awdiv@counter                       cstackBANK0  000091
___awdiv@dividend                      cstackBANK0  00008D
___awdiv@divisor                       cstackBANK0  00008F
___awdiv@quotient                      cstackBANK0  000093
___awdiv@sign                          cstackBANK0  000092
___awmod                               text16       002B72
___awmod@counter                       cstackBANK0  00008B
___awmod@dividend                      cstackBANK0  000087
___awmod@divisor                       cstackBANK0  000089
___awmod@sign                          cstackBANK0  00008C
___awtofl                              text12       00320A
___awtofl@c                            cstackBANK0  000091
___awtofl@sign                         cstackBANK0  000095
___fladd                               text30       00157C
___fladd@exp1                          cstackBANK1  0001CE
___fladd@exp2                          cstackBANK1  0001CD
___fladd@f1                            cstackBANK0  0000BA
___fladd@f2                            cstackBANK0  0000BE
___fladd@sign                          cstackBANK1  0001CC
___flge                                text33       0031BE
___flge@ff1                            cstackBANK0  000087
___flge@ff2                            cstackBANK0  00008B
___flmul                               text22       002120
___flmul@cntr                          cstackBANK0  0000A7
___flmul@exp                           cstackBANK0  0000A2
___flmul@f1                            cstackBANK0  000096
___flmul@f2                            cstackBANK0  00009A
___flmul@f3_as_product                 cstackBANK0  0000A3
___flmul@sign                          cstackBANK0  0000A8
___flneg                               text32       00351E
___flneg@f1                            cstackBANK0  000087
___flpack                              text31       00268C
___flpack@arg                          cstackBANK0  000087
___flpack@exp                          cstackBANK0  00008B
___flpack@sign                         cstackBANK0  00008C
___flsub                               text29       0033A6
___flsub@f1                            cstackBANK1  0001CF
___flsub@f2                            cstackBANK1  0001D3
___fltol                               text28       0025CA
___fltol@exp1                          cstackBANK0  0000BB
___fltol@f1                            cstackBANK0  0000B2
___fltol@sign1                         cstackBANK0  0000BA
___gie                                 bssBANK0     0000D1
___inthi_sp                            stack        000000
___intlo_sp                            stack        000000
___lbdiv                               text21       0033E2
___lbdiv@counter                       cstackBANK0  00008D
___lbdiv@dividend                      cstackBANK0  00008C
___lbdiv@divisor                       cstackBANK0  00008B
___lbdiv@quotient                      cstackBANK0  00008E
___lbmod                               text20       0034F8
___lbmod@counter                       cstackBANK0  000089
___lbmod@dividend                      cstackBANK0  000088
___lbmod@divisor                       cstackBANK0  000087
___lbmod@rem                           cstackBANK0  00008A
___lldiv                               text27       002CF2
___lldiv@counter                       cstackBANK0  000093
___lldiv@dividend                      cstackBANK0  000087
___lldiv@divisor                       cstackBANK0  00008B
___lldiv@quotient                      cstackBANK0  00008F
___llmod                               text26       002EAA
___llmod@counter                       cstackBANK0  00008F
___llmod@dividend                      cstackBANK0  000087
___llmod@divisor                       cstackBANK0  00008B
___lltofl                              text25       003446
___lltofl@c                            cstackBANK0  000091
___sp                                  stack        000000
___wmul                                text48       00356A
___wmul@multiplicand                   cstackBANK0  000089
___wmul@multiplier                     cstackBANK0  000087
___wmul@product                        cstackBANK0  00008B
__accesstop                            (abs)        000060
__activetblptr                         (abs)        000002
__div_to_l_                            text24       002228
__div_to_l_@cntr                       cstackBANK0  000097
__div_to_l_@exp1                       cstackBANK0  000098
__div_to_l_@f1                         cstackBANK0  000087
__div_to_l_@f2                         cstackBANK0  00008B
__div_to_l_@quot                       cstackBANK0  000093
__end_ofPL10                           text8        0025CA
__end_ofPL100                          text72       001ECE
__end_ofPL102                          text3        00157C
__end_ofPL104                          text15       000F12
__end_ofPL106                          text14       000C3A
__end_ofPL108                          text5        001D74
__end_ofPL110                          text51       001C08
__end_ofPL112                          text7        002016
__end_ofPL114                          text14       000C48
__end_ofPL116                          text22       00221C
__end_ofPL118                          text30       001748
__end_ofPL12                           text15       000E82
__end_ofPL120                          text5        001D7E
__end_ofPL122                          text14       000C54
__end_ofPL124                          text22       002228
__end_ofPL126                          text28       00268C
__end_ofPL128                          text24       00232E
__end_ofPL130                          text31       00274A
__end_ofPL132                          text14       000C5E
__end_ofPL134                          text42       003024
__end_ofPL136                          text6        0031BE
__end_ofPL138                          text37       002CF2
__end_ofPL14                           text15       000E90
__end_ofPL16                           text74       0027F4
__end_ofPL18                           text19       0018D6
__end_ofPL2                            text15       000E50
__end_ofPL20                           text15       000EBE
__end_ofPL22                           text15       000ED2
__end_ofPL24                           text14       000BDC
__end_ofPL26                           text73       001A66
__end_ofPL28                           text19       0018E8
__end_ofPL30                           text49       001140
__end_ofPL32                           text9        00289A
__end_ofPL34                           text39       0023DE
__end_ofPL36                           text75       00131E
__end_ofPL38                           text73       001A76
__end_ofPL4                            text15       000E6C
__end_ofPL40                           text14       000BEA
__end_ofPL42                           text49       00114E
__end_ofPL44                           text75       001330
__end_ofPL46                           text75       001340
__end_ofPL48                           text5        001D66
__end_ofPL50                           text15       000EF0
__end_ofPL52                           text15       000EFE
__end_ofPL54                           text39       0023FA
__end_ofPL56                           text10       00291A
__end_ofPL58                           text3        00156C
__end_ofPL6                            text49       001132
__end_ofPL60                           text10       002932
__end_ofPL62                           text14       000C02
__end_ofPL64                           text75       001358
__end_ofPL66                           text41       003172
__end_ofPL68                           text14       000C18
__end_ofPL70                           text14       000C2E
__end_ofPL72                           text15       000F08
__end_ofPL74                           text39       002410
__end_ofPL76                           text72       001EBE
__end_ofPL78                           text40       00210E
__end_ofPL8                            text14       000BC8
__end_ofPL80                           text19       0018FA
__end_ofPL82                           text30       00173A
__end_ofPL84                           text75       00136A
__end_ofPL86                           text40       002120
__end_ofPL88                           text75       00137C
__end_ofPL90                           text39       00241E
__end_ofPL92                           text73       001A88
__end_ofPL94                           text0        0029C6
__end_ofPL96                           text22       00220E
__end_ofPL98                           text7        002008
__end_of_BSemOn                        text70       0036A6
__end_of_Beep                          text4        00366E
__end_of_Busy_eep                      text61       0036D2
__end_of_DelayMs                       text36       0034F8
__end_of_HI_ISR                        intcode_body 002DDA
__end_of_InitMessages                  text54       0033A6
__end_of_InitializeSystem              text49       001124
__end_of_LO_ISR                        intcodelo    0003F0
__end_of_LabelCreate                   text38       002AE6
__end_of_LabelSetTxt                   text39       0023CC
__end_of_MTouchAcquisition             text72       001EA8
__end_of_MTouchAcquisitionCVD          text75       00130C
__end_of_MTouchDecode                  text2        0036DA
__end_of_MTouchDecodeButtons           text3        00155E
__end_of_MTouchInit                    text53       003656
__end_of_MTouchSensorDecode            text73       001A4E
__end_of_MTouchSetButton               text52       002B72
__end_of_MTouchSetSensor               text51       001BFA
__end_of_MTouchUpdateSensorAverage     text74       0027C4
__end_of_ProcessMessages               text37       002CE8
__end_of_Read_b_eep                    text63       0035FE
__end_of_SendMessage                   text69       003696
__end_of_Write_b_eep                   text60       003328
__end_of___awdiv                       text17       002A5A
__end_of___awmod                       text16       002BF6
__end_of___awtofl                      text12       003254
__end_of___fladd                       text30       001728
__end_of___flge                        text33       00320A
__end_of___flmul                       text22       0021FE
__end_of___flneg                       text32       003544
__end_of___flpack                      text31       00273E
__end_of___flsub                       text29       0033E2
__end_of___fltol                       text28       002680
__end_of___lbdiv                       text21       003416
__end_of___lbmod                       text20       00351E
__end_of___lldiv                       text27       002D68
__end_of___llmod                       text26       002F0C
__end_of___lltofl                      text25       003474
__end_of___wmul                        text48       003590
__end_of__div_to_l_                    text24       002322
__end_of__initialization               cinit        002C6E
__end_of__npowers_                     mediumconst  00F44F
__end_of__powers_                      mediumconst  00F483
__end_of__stringdata                   mediumconst  00FFFF
__end_of__tdiv_to_l_                   text23       0024FC
__end_of_crc_mb                        text66       003124
__end_of_crc_mb_calc                   text68       002F6C
__end_of_crc_mb_check                  text65       00307E
__end_of_crc_mb_init                   text67       0036B4
__end_of_dpowers                       mediumconst  00FFF7
__end_of_ds18b20_read                  text7        001FFA
__end_of_ds18b20_start                 text6        0031B2
__end_of_dscrc_table                   mediumconst  00F31B
__end_of_eedata                        mediumconst  00F41B
__end_of_font13                        mediumconst  00FFCF
__end_of_fround                        text19       0018C0
__end_of_getbyte                       text57       0036C0
__end_of_init_1wire                    text10       002900
__end_of_isdigit                       text18       00361C
__end_of_ks0108ClearDot                text42       003018
__end_of_ks0108Enable                  text47       0034A2
__end_of_ks0108Fill                    text35       003446
__end_of_ks0108GotoXY                  text45       002FCA
__end_of_ks0108Init                    text34       00329E
__end_of_ks0108PutChar                 text40       0020FA
__end_of_ks0108ReadData                text44       002EAA
__end_of_ks0108SetDot                  text41       00315A
__end_of_ks0108WriteCommand            text46       00356A
__end_of_ks0108WriteData               text43       0032E4
__end_of_main                          text0        0029B6
__end_of_ow_delay                      text11       003686
__end_of_putbyte                       text64       0036CC
__end_of_read_1wire                    text9        002882
__end_of_read___ee                     text62       0035DC
__end_of_scale                         text15       000E34
__end_of_set_ee_default                text58       0030D4
__end_of_sprintf                       text14       000B8C
__end_of_timed_getc                    text56       0035B6
__end_of_tsk_display                   text13       002E42
__end_of_tsk_ds18b20                   text5        001D46
__end_of_tsk_process                   text1        003368
__end_of_uart16_init                   text50       00363A
__end_of_write_1wire                   text8        0025B2
__end_of_write___ee                    text59       0034CE
__initialization                       cinit        002BF6
__mediumconst                          mediumconst  00F21A
__npowers_                             mediumconst  00F41B
__pbssBANK0                            bssBANK0     0000C2
__pbssBANK1                            bssBANK1     000100
__pbssBANK2                            bssBANK2     000200
__pbssBANK3                            bssBANK3     000300
__pbssBIGRAM                           bssBIGRAM    000400
__pbssCOMRAM                           bssCOMRAM    000024
__pcinit                               cinit        002BF6
__pcstackBANK0                         cstackBANK0  000060
__pcstackBANK1                         cstackBANK1  0001C8
__pcstackBANK2                         cstackBANK2  000268
__pcstackCOMRAM                        cstackCOMRAM 000001
__pdataCOMRAM                          dataCOMRAM   000044
__pidataCOMRAM                         idataCOMRAM  0036D2
__pintcode                             intcode      000008
__pintcode_body                        intcode_body 002D68
__pintcodelo                           intcodelo    000018
__pmediumconst                         mediumconst  00F21A
__powers_                              mediumconst  00F44F
__ptext0                               text0        002932
__ptext1                               text1        003328
__ptext10                              text10       00289A
__ptext11                              text11       00366E
__ptext12                              text12       00320A
__ptext13                              text13       002DDA
__ptext14                              text14       0003F4
__ptext15                              text15       000C5E
__ptext16                              text16       002B72
__ptext17                              text17       0029C6
__ptext18                              text18       0035FE
__ptext19                              text19       001748
__ptext2                               text2        0036D6
__ptext20                              text20       0034F8
__ptext21                              text21       0033E2
__ptext22                              text22       002120
__ptext23                              text23       00241E
__ptext24                              text24       002228
__ptext25                              text25       003446
__ptext26                              text26       002EAA
__ptext27                              text27       002CF2
__ptext28                              text28       0025CA
__ptext29                              text29       0033A6
__ptext3                               text3        00137C
__ptext30                              text30       00157C
__ptext31                              text31       00268C
__ptext32                              text32       00351E
__ptext33                              text33       0031BE
__ptext34                              text34       003254
__ptext35                              text35       003416
__ptext36                              text36       0034CE
__ptext37                              text37       002C78
__ptext38                              text38       002A5A
__ptext39                              text39       00232E
__ptext4                               text4        003656
__ptext40                              text40       002016
__ptext41                              text41       003124
__ptext42                              text42       002FCA
__ptext43                              text43       00329E
__ptext44                              text44       002E42
__ptext45                              text45       002F6C
__ptext46                              text46       003544
__ptext47                              text47       003474
__ptext48                              text48       00356A
__ptext49                              text49       000F12
__ptext5                               text5        001C08
__ptext50                              text50       00361C
__ptext51                              text51       001A88
__ptext52                              text52       002AE6
__ptext53                              text53       00363A
__ptext54                              text54       003368
__ptext56                              text56       003590
__ptext57                              text57       0036B4
__ptext58                              text58       00307E
__ptext59                              text59       0034A2
__ptext6                               text6        003172
__ptext60                              text60       0032E4
__ptext61                              text61       0036CC
__ptext62                              text62       0035B6
__ptext63                              text63       0035DC
__ptext64                              text64       0036C0
__ptext65                              text65       003024
__ptext66                              text66       0030D4
__ptext67                              text67       0036A6
__ptext68                              text68       002F0C
__ptext69                              text69       003686
__ptext7                               text7        001ECE
__ptext70                              text70       003696
__ptext72                              text72       001D7E
__ptext73                              text73       0018FA
__ptext74                              text74       00274A
__ptext75                              text75       00114E
__ptext8                               text8        0024FC
__ptext9                               text9        0027F4
__ramtop                               ramtop       001000
[...]
      Temps:          0       7       0       0       0       0       0       0       0       0       0       0       0       0       0       0       0
      Totals:         0       7       0       0       0       0       0       0       0       0       0       0       0       0       0       0       0
Total ram usage:        7 bytes
 Hardware stack levels used:    1
 Hardware stack levels required when called:    3
 This function calls:
		_MTouchAcquisition
 This function is called by:
		Interrupt level 2
 This function uses a non-reentrant model


 *************** function _MTouchAcquisition *****************
 Defined at:
		line 249 in file "../lib/mTouchCap/mTouchSensor.c"
 Parameters:    Size  Location     Type
		None
 Auto vars:     Size  Location     Type
  pCurrentSens    2   30[BANK0 ] PTR struct tag_SENSOR
		 -> sensors(352), 
  pPreviousSen    2   27[BANK0 ] PTR struct tag_SENSOR
		 -> sensors(352), 
  pLastSensor     2   25[BANK0 ] PTR struct tag_SENSOR
		 -> sensors(352), 
  data            2   23[BANK0 ] short 
  i               1   29[BANK0 ] unsigned char 
 Return value:  Size  Location     Type
		None               void
 Registers used:
		wreg, fsr1l, fsr1h, fsr2l, fsr2h, status,2, status,0, prodl, prodh, cstack
 Tracked objects:
		On entry : 
		On exit  : 
		Unchanged: 
 Data sizes:     COMRAM   BANK0   BANK1   BANK2   BANK3   BANK4   BANK5   BANK6   BANK7   BANK8   BANK9  BANK10  BANK11  BANK12  BANK13  BANK14  BANK15
      Params:         0       0       0       0       0       0       0       0       0       0       0       0       0       0       0       0       0
      Locals:         0       9       0       0       0       0       0       0       0       0       0       0       0       0       0       0       0
      Temps:          0       3       0       0       0       0       0       0       0       0       0       0       0       0       0       0       0
      Totals:         0      12       0       0       0       0       0       0       0       0       0       0       0       0       0       0       0
Total ram usage:       12 bytes
 Hardware stack levels used:    1
 Hardware stack levels required when called:    2
 This function calls:
		_MTouchAcquisitionCVD
		_MTouchSensorDecode
 This function is called by:
		_HI_ISR
 This function uses a non-reentrant model


 *************** function _MTouchSensorDecode *****************
 Defined at:
		line 136 in file "../lib/mTouchCap/mTouchSensor.c"
 Parameters:    Size  Location     Type
  pSensor         2    9[BANK0 ] PTR struct tag_SENSOR
		 -> sensors(352), 
 Auto vars:     Size  Location     Type
  delta           2   15[BANK0 ] short 
 Return value:  Size  Location     Type
		None               void
 Registers used:
		wreg, fsr1l, fsr1h, fsr2l, fsr2h, status,2, status,0, prodl, cstack
 Tracked objects:
		On entry : 
		On exit  : 
		Unchanged: 
 Data sizes:     COMRAM   BANK0   BANK1   BANK2   BANK3   BANK4   BANK5   BANK6   BANK7   BANK8   BANK9  BANK10  BANK11  BANK12  BANK13  BANK14  BANK15
      Params:         0       2       0       0       0       0       0       0       0       0       0       0       0       0       0       0       0
      Locals:         0       2       0       0       0       0       0       0       0       0       0       0       0       0       0       0       0
      Temps:          0       4       0       0       0       0       0       0       0       0       0       0       0       0       0       0       0
      Totals:         0       8       0       0       0       0       0       0       0       0       0       0       0       0       0       0       0
Total ram usage:        8 bytes
 Hardware stack levels used:    1
 Hardware stack levels required when called:    1
 This function calls:
		_MTouchUpdateSensorAverage
 This function is called by:
		_MTouchAcquisition
 This function uses a non-reentrant model


 *************** function _MTouchUpdateSensorAverage *****************
 Defined at:
		line 214 in file "../lib/mTouchCap/mTouchSensor.c"
 Parameters:    Size  Location     Type
  pSensor         2    0[BANK0 ] PTR struct tag_SENSOR
		 -> sensors(352), 
  rate            2    2[BANK0 ] unsigned short 
 Auto vars:     Size  Location     Type
		None
 Return value:  Size  Location     Type
		None               void
 Registers used:
		wreg, fsr2l, fsr2h, status,2, status,0
 Tracked objects:
		On entry : 
		On exit  : 
		Unchanged: 
 Data sizes:     COMRAM   BANK0   BANK1   BANK2   BANK3   BANK4   BANK5   BANK6   BANK7   BANK8   BANK9  BANK10  BANK11  BANK12  BANK13  BANK14  BANK15
      Params:         0       4       0       0       0       0       0       0       0       0       0       0       0       0       0       0       0
      Locals:         0       0       0       0       0       0       0       0       0       0       0       0       0       0       0       0       0
      Temps:          0       5       0       0       0       0       0       0       0       0       0       0       0       0       0       0       0
      Totals:         0       9       0       0       0       0       0       0       0       0       0       0       0       0       0       0       0
Total ram usage:        9 bytes
 Hardware stack levels used:    1
 This function calls:
		Nothing
 This function is called by:
		_MTouchSensorDecode
 This function uses a non-reentrant model


 *************** function _MTouchAcquisitionCVD *****************
 Defined at:
		line 121 in file "../lib/mTouchCap/mTouchAcquistion.c"
 Parameters:    Size  Location     Type
  pCurrentSens    2    0[BANK0 ] PTR struct tag_SENSOR
		 -> sensors(352), 
  pPreviousSen    2    2[BANK0 ] PTR struct tag_SENSOR
		 -> sensors(352), 
 Auto vars:     Size  Location     Type
  curTris         2   17[BANK0 ] PTR volatile unsigned ch
		 -> TRISA(1), TRISB(1), 
  curLat          2   14[BANK0 ] PTR volatile unsigned ch
		 -> LATA(1), LATB(1), 
  prevLat         2   12[BANK0 ] PTR volatile unsigned ch
		 -> LATA(1), LATB(1), 
  prevTris        2    8[BANK0 ] PTR volatile unsigned ch
		 -> TRISA(1), TRISB(1), 
  result          2    6[BANK0 ] short 
  curIOMask       1   19[BANK0 ] unsigned char 
  prevIOMask      1   16[BANK0 ] unsigned char 
  curChannelNu    1   11[BANK0 ] unsigned char 
  prevChannelN    1   10[BANK0 ] unsigned char 
 Return value:  Size  Location     Type
                  2    0[BANK0 ] short 
 Registers used:
		wreg, fsr2l, fsr2h, status,2, status,0
 Tracked objects:
		On entry : 
		On exit  : 
		Unchanged: 
 Data sizes:     COMRAM   BANK0   BANK1   BANK2   BANK3   BANK4   BANK5   BANK6   BANK7   BANK8   BANK9  BANK10  BANK11  BANK12  BANK13  BANK14  BANK15
      Params:         0       4       0       0       0       0       0       0       0       0       0       0       0       0       0       0       0
      Locals:         0      14       0       0       0       0       0       0       0       0       0       0       0       0       0       0       0
      Temps:          0       2       0       0       0       0       0       0       0       0       0       0       0       0       0       0       0
      Totals:         0      20       0       0       0       0       0       0       0       0       0       0       0       0       0       0       0
Total ram usage:       20 bytes
 Hardware stack levels used:    1
 This function calls:
		Nothing
 This function is called by:
		_MTouchAcquisition
 This function uses a non-reentrant model



MODULE INFORMATION

Module		Function		Class		Link	Load	Size
C:\Program Files (x86)\Microchip\xc8\v1.33\sources\common\flsub.c
		___flsub       		CODE           	33A6	0000	60

C:\Program Files (x86)\Microchip\xc8\v1.33\sources\common\flsub.c estimated size: 60

C:\Program Files (x86)\Microchip\xc8\v1.33\sources\pic18\plib\EEP\write_B.c
		_Write_b_eep   		CODE           	32E4	0000	68

C:\Program Files (x86)\Microchip\xc8\v1.33\sources\pic18\plib\EEP\write_B.c estimated size: 68

../isr.c
		_HI_ISR        		CODE           	0008	0000	11730
		_LO_ISR        		CODE           	0018	0000	984
		_Beep          		CODE           	3656	0000	24

../isr.c estimated size: 12738

../lib/messages.c
		_ProcessMessage		CODE           	2C78	0000	112
		_SendMessage   		CODE           	3686	0000	16
		_BSemOn        		CODE           	3696	0000	16
		_InitMessages  		CODE           	3368	0000	62

../lib/messages.c estimated size: 206

C:\Program Files (x86)\Microchip\xc8\v1.33\sources\common\doprnt.c
		_scale         		CODE           	0C5E	0000	470
		_sprintf       		CODE           	03F4	0000	1944
		_fround        		CODE           	1748	0000	376

C:\Program Files (x86)\Microchip\xc8\v1.33\sources\common\doprnt.c estimated size: 2790

C:\Program Files (x86)\Microchip\xc8\v1.33\sources\common\lltofl.c
		___lltofl      		CODE           	3446	0000	46

C:\Program Files (x86)\Microchip\xc8\v1.33\sources\common\lltofl.c estimated size: 46

C:\Program Files (x86)\Microchip\xc8\v1.33\sources\common\ftdivl.c
		__tdiv_to_l_   		CODE           	241E	0000	222

C:\Program Files (x86)\Microchip\xc8\v1.33\sources\common\ftdivl.c estimated size: 222

C:\Program Files (x86)\Microchip\xc8\v1.33\sources\pic18\plib\EEP\busy_eep.c
		_Busy_eep      		CODE           	36CC	0000	6

C:\Program Files (x86)\Microchip\xc8\v1.33\sources\pic18\plib\EEP\busy_eep.c estimated size: 6

../lib/ks0108.c
		_ks0108Enable  		CODE           	3474	0000	46
		_ks0108ReadData		CODE           	2E42	0000	104
		_ks0108GotoXY  		CODE           	2F6C	0000	94
		_LabelSetTxt   		CODE           	232E	0000	158
		_ks0108SetDot  		CODE           	3124	0000	54
		_ks0108Fill    		CODE           	3416	0000	48
		_ks0108PutChar 		CODE           	2016	0000	228
		_ks0108Init    		CODE           	3254	0000	74
		_ks0108WriteCom		CODE           	3544	0000	38
		_ks0108ClearDot		CODE           	2FCA	0000	78
		_ks0108WriteDat		CODE           	329E	0000	70
		_LabelCreate   		CODE           	2A5A	0000	140

../lib/ks0108.c estimated size: 1132

C:\Program Files (x86)\Microchip\xc8\v1.33\sources\common\awmod.c
		___awmod       		CODE           	2B72	0000	132

C:\Program Files (x86)\Microchip\xc8\v1.33\sources\common\awmod.c estimated size: 132

C:\Program Files (x86)\Microchip\xc8\v1.33\sources\common\Umul16.c
		___wmul        		CODE           	356A	0000	38

C:\Program Files (x86)\Microchip\xc8\v1.33\sources\common\Umul16.c estimated size: 38

C:\Program Files (x86)\Microchip\xc8\v1.33\sources\common\llmod.c
		___llmod       		CODE           	2EAA	0000	98

C:\Program Files (x86)\Microchip\xc8\v1.33\sources\common\llmod.c estimated size: 98

C:\Program Files (x86)\Microchip\xc8\v1.33\sources\common\flmul.c
		___flmul       		CODE           	2120	0000	222

C:\Program Files (x86)\Microchip\xc8\v1.33\sources\common\flmul.c estimated size: 222

../Main.c
		_tsk_display   		CODE           	2DDA	0000	104
		_tsk_ds18b20   		CODE           	1C08	0000	318
		_main          		CODE           	2932	0000	132
		_tsk_process   		CODE           	3328	0000	64

../Main.c estimated size: 618

../lib/ow.c
		_write_1wire   		CODE           	24FC	0000	182
		_init_1wire    		CODE           	289A	0000	102
		_read_1wire    		CODE           	27F4	0000	142
		_ds18b20_read  		CODE           	1ECE	0000	300
		_ow_delay      		CODE           	366E	0000	24
		_ds18b20_start 		CODE           	3172	0000	64

../lib/ow.c estimated size: 814

C:\Program Files (x86)\Microchip\xc8\v1.33\sources\common\fldivl.c
		__div_to_l_    		CODE           	2228	0000	250

C:\Program Files (x86)\Microchip\xc8\v1.33\sources\common\fldivl.c estimated size: 250

../lib/mTouchCap/mTouchAcquistion.c
		_MTouchAcquisit		CODE           	114E	0000	446

../lib/mTouchCap/mTouchAcquistion.c estimated size: 446

C:\Program Files (x86)\Microchip\xc8\v1.33\sources\common\awdiv.c
		___awdiv       		CODE           	29C6	0000	148

C:\Program Files (x86)\Microchip\xc8\v1.33\sources\common\awdiv.c estimated size: 148

C:\Program Files (x86)\Microchip\xc8\v1.33\sources\pic18\plib\EEP\read_B.c
		_Read_b_eep    		CODE           	35DC	0000	34

C:\Program Files (x86)\Microchip\xc8\v1.33\sources\pic18\plib\EEP\read_B.c estimated size: 34

C:\Program Files (x86)\Microchip\xc8\v1.33\sources\common\fltol.c
		___fltol       		CODE           	25CA	0000	182

C:\Program Files (x86)\Microchip\xc8\v1.33\sources\common\fltol.c estimated size: 182

C:\Program Files (x86)\Microchip\xc8\v1.33\sources\common\lbmod.c
		___lbmod       		CODE           	34F8	0000	38

C:\Program Files (x86)\Microchip\xc8\v1.33\sources\common\lbmod.c estimated size: 38

C:\Program Files (x86)\Microchip\xc8\v1.33\sources\common\lldiv.c
		___lldiv       		CODE           	2CF2	0000	118

C:\Program Files (x86)\Microchip\xc8\v1.33\sources\common\lldiv.c estimated size: 118

shared
		PL12           		CODE           	0E6C	0000	22
		PL50           		CODE           	0ED2	0000	30
		PL8            		CODE           	0B8C	0000	60
		PL22           		CODE           	0EBE	0000	20
		PL60           		CODE           	291A	0000	24
		PL100          		CODE           	1EBE	0000	16
		PL32           		CODE           	2882	0000	24
		PL70           		CODE           	0C18	0000	22
		PL42           		CODE           	1140	0000	14
		PL80           		CODE           	18E8	0000	18
		PL110          		CODE           	1BFA	0000	14
		PL14           		CODE           	0E82	0000	14
		PL52           		CODE           	0EF0	0000	14
		PL90           		CODE           	2410	0000	14
		PL24           		CODE           	0BC8	0000	20
		PL62           		CODE           	0BEA	0000	24
		PL120          		CODE           	1D74	0000	10
		PL34           		CODE           	23CC	0000	18
		PL72           		CODE           	0EFE	0000	10
		__stringdata   		MEDIUMCONST    	FFF7	0000	8
		PL44           		CODE           	131E	0000	18
		PL82           		CODE           	1728	0000	18
		PL130          		CODE           	273E	0000	12
		PL16           		CODE           	27C4	0000	48
		PL54           		CODE           	23DE	0000	28
		PL92           		CODE           	1A76	0000	18
		PL26           		CODE           	1A4E	0000	24
		PL64           		CODE           	1340	0000	24
		__powers_      		MEDIUMCONST    	F44F	0000	52
		_dscrc_table   		MEDIUMCONST    	F21B	0000	256
		PL102          		CODE           	156C	0000	16
		PL36           		CODE           	130C	0000	18
		PL74           		CODE           	23FA	0000	22
		_font13        		MEDIUMCONST    	F483	0000	2892
		PL46           		CODE           	1330	0000	16
		PL84           		CODE           	1358	0000	18
		_dpowers       		MEDIUMCONST    	FFCF	0000	40
		PL112          		CODE           	2008	0000	14
		PL18           		CODE           	18C0	0000	22
		PL56           		CODE           	2900	0000	26
		PL94           		CODE           	29B6	0000	16
		_eedata        		MEDIUMCONST    	F31B	0000	256
		PL28           		CODE           	18D6	0000	18
		PL66           		CODE           	315A	0000	24
		PL122          		CODE           	0C48	0000	12
		PL38           		CODE           	1A66	0000	16
		PL76           		CODE           	1EA8	0000	22
		PL48           		CODE           	1D46	0000	32
		PL86           		CODE           	210E	0000	18
		PL132          		CODE           	0C54	0000	10
		PL58           		CODE           	155E	0000	14
		PL96           		CODE           	21FE	0000	16
		PL68           		CODE           	0C02	0000	22
		PL104          		CODE           	0F08	0000	10
		PL78           		CODE           	20FA	0000	20
		PL88           		CODE           	136A	0000	18
		PL114          		CODE           	0C3A	0000	14
		PL98           		CODE           	1FFA	0000	14
		__npowers_     		MEDIUMCONST    	F41B	0000	52
		PL124          		CODE           	221C	0000	12
		__initializatio		CODE           	2BF6	0000	120
		PL134          		CODE           	3018	0000	12
		PL106          		CODE           	0C2E	0000	12
		PL116          		CODE           	220E	0000	14
		PL126          		CODE           	2680	0000	12
		PL136          		CODE           	31B2	0000	12
		PL108          		CODE           	1D66	0000	14
		PL118          		CODE           	173A	0000	14
		PL128          		CODE           	2322	0000	12
		PL138          		CODE           	2CE8	0000	10
		PL2            		CODE           	0E34	0000	28
		PL10           		CODE           	25B2	0000	24
		PL4            		CODE           	0E50	0000	28
		PL20           		CODE           	0E90	0000	46
		PL30           		CODE           	1132	0000	14
		PL6            		CODE           	1124	0000	14
		PL40           		CODE           	0BDC	0000	14

shared estimated size: 4994

../lib/mTouchCap/mTouchControl.c
		_MTouchDecode  		CODE           	36D6	0000	4

../lib/mTouchCap/mTouchControl.c estimated size: 4

C:\Program Files (x86)\Microchip\xc8\v1.33\sources\common\fladd.c
		___fladd       		CODE           	157C	0000	428

C:\Program Files (x86)\Microchip\xc8\v1.33\sources\common\fladd.c estimated size: 428

C:\Program Files (x86)\Microchip\xc8\v1.33\sources\common\double.c
		___flpack      		CODE           	268C	0000	178

C:\Program Files (x86)\Microchip\xc8\v1.33\sources\common\double.c estimated size: 178

../lib/eeprom.c
		_set_ee_default		CODE           	307E	0000	86
		_read___ee     		CODE           	35B6	0000	38
		_write___ee    		CODE           	34A2	0000	44

../lib/eeprom.c estimated size: 168

../lib/usart.c
		_putbyte       		CODE           	36C0	0000	12
		_uart16_init   		CODE           	361C	0000	30
		_timed_getc    		CODE           	3590	0000	38
		_getbyte       		CODE           	36B4	0000	12

../lib/usart.c estimated size: 92

../lib/modbus_RTU.c
		_crc_mb        		CODE           	30D4	0000	80
		_crc_mb_calc   		CODE           	2F0C	0000	96
		_crc_mb_init   		CODE           	36A6	0000	14
		_crc_mb_check  		CODE           	3024	0000	90

../lib/modbus_RTU.c estimated size: 280

../lib/delay.c
		_DelayMs       		CODE           	34CE	0000	42

../lib/delay.c estimated size: 42

C:\Program Files (x86)\Microchip\xc8\v1.33\sources\common\flge.c
		___flge        		CODE           	31BE	0000	76

C:\Program Files (x86)\Microchip\xc8\v1.33\sources\common\flge.c estimated size: 76

../misc.c
		_InitializeSyst		CODE           	0F12	0000	530

../misc.c estimated size: 530

../lib/mTouchCap/mTouchSensor.c
		_MTouchSetSenso		CODE           	1A88	0000	370
		_MTouchAcquisit		CODE           	1D7E	0000	298
		_MTouchInit    		CODE           	363A	0000	28
		_MTouchSensorDe		CODE           	18FA	0000	340
		_MTouchUpdateSe		CODE           	274A	0000	122

../lib/mTouchCap/mTouchSensor.c estimated size: 1158

C:\Program Files (x86)\Microchip\xc8\v1.33\sources\common\flneg.c
		___flneg       		CODE           	351E	0000	38

C:\Program Files (x86)\Microchip\xc8\v1.33\sources\common\flneg.c estimated size: 38

C:\Program Files (x86)\Microchip\xc8\v1.33\sources\common\awtofl.c
		___awtofl      		CODE           	320A	0000	74

C:\Program Files (x86)\Microchip\xc8\v1.33\sources\common\awtofl.c estimated size: 74

C:\Program Files (x86)\Microchip\xc8\v1.33\sources\common\lbdiv.c
		___lbdiv       		CODE           	33E2	0000	52

C:\Program Files (x86)\Microchip\xc8\v1.33\sources\common\lbdiv.c estimated size: 52

../lib/mTouchCap/mTouchButton.c
		_MTouchSetButto		CODE           	2AE6	0000	140
		_MTouchDecodeBu		CODE           	137C	0000	482

../lib/mTouchCap/mTouchButton.c estimated size: 622

C:\Program Files (x86)\Microchip\xc8\v1.33\sources\common\isdigit.c
		_isdigit       		CODE           	35FE	0000	30

C:\Program Files (x86)\Microchip\xc8\v1.33\sources\common\isdigit.c estimated size: 30

