Microchip MPLAB XC8 Compiler V1.33 ()

Linker command line:

--edf=C:\Program Files (x86)\Microchip\xc8\v1.33\dat\en_msgs.txt -cs \
  -h+dist/default/production\KrasTouchPanel.X.production.sym \
  --cmf=dist/default/production\KrasTouchPanel.X.production.cmf -z \
  -Q18F46K22 -oC:\WINDOWS\Temp\sc6o.6 \
  -Mdist/default/production/KrasTouchPanel.X.production.map -E1 -ver=XC8 \
  -ASTACK=0400h-09ffh -pstack=STACK -ACODE=00h-0FFFFh -ACONST=00h-0FFFFh \
  -ASMALLCONST=01000h-010FFhx240 -AMEDIUMCONST=01000h-0FFFFh \
  -ACOMRAM=01h-05Fh -AABS1=00h-0F37h -ABIGRAM=01h-0F37h \
  -ARAM=060h-0FFh,0100h-01FFhx14,0F00h-0F37h -ABANK0=060h-0FFh \
  -ABANK1=0100h-01FFh -ABANK2=0200h-02FFh -ABANK3=0300h-03FFh \
  -ABANK4=0400h-04FFh -ABANK5=0500h-05FFh -ABANK6=0600h-06FFh \
  -ABANK7=0700h-07FFh -ABANK8=0800h-08FFh -ABANK9=0900h-09FFh \
  -ABANK10=0A00h-0AFFh -ABANK11=0B00h-0BFFh -ABANK12=0C00h-0CFFh \
  -ABANK13=0D00h-0DFFh -ABANK14=0E00h-0EFFh -ABANK15=0F00h-0F37h \
  -ASFR=0F38h-0F5Fh,0F60h-0FFFh \
  -preset_vec=00h,intcode=08h,intcodelo=018h,powerup,init,end_init \
  -pramtop=01000h -psmallconst=SMALLCONST -pmediumconst=MEDIUMCONST \
  -pconst=CONST -AFARRAM=00h-00h -ACONFIG=0300000h-030000Dh -pconfig=CONFIG \
  -AIDLOC=0200000h-0200007h -pidloc=IDLOC -AEEDATA=0F00000h-0F003FFh \
  -peeprom_data=EEDATA \
  -prdata=COMRAM,nvrram=COMRAM,nvbit=COMRAM,rbss=COMRAM,rbit=COMRAM \
  -pfarbss=FARRAM,fardata=FARRAM,nvFARRAM=FARRAM \
  -pintsave_regs=BIGRAM,bigbss=BIGRAM,bigdata=BIGRAM -pbss=RAM \
  -pidata=CODE,irdata=CODE,ibigdata=CODE,ifardata=CODE \
  C:\WINDOWS\Temp\sc6o.obj \
  dist/default/production\KrasTouchPanel.X.production.obj 

Object code version is 3.11

Machine type is 18F46K22

Call graph: (short form)




                Name                               Link     Load   Length Selector   Space Scale
C:\WINDOWS\Temp\sc6o.obj
                end_init                            3F0      3F0        4        C       0
                reset_vec                             0        0        4        0       0
                config                           300000   300000        E   300000       0
dist/default/production\KrasTouchPanel.X.production.obj
                eeprom_data                      F00000   F00000      100   F00000       0
                intcodelo                            18       18      3D8        C       0
                intcode                               8        8       10        4       0
                mediumconst                        F3AA     F3AA      C56     79D5       0
                text46                              3F4      3F4      22E        C       0
                text45                              E00      E00       AA        C       0
                text44                              622      622      18E        C       0
                text43                              ABE      ABE      154        C       0
                intcode_body                       1058     1058       72        C       0
                text41                             177C     177C       12        C       0
                text40                             176A     176A       12        C       0
                text39                             120A     120A       60        C       0
                text38                             178E     178E        E        C       0
                text37                             1374     1374       50        C       0
                text36                             12C4     12C4       5A        C       0
                text35                             17A8     17A8        C        C       0
                text34                             16F6     16F6       22        C       0
                text33                             16D0     16D0       26        C       0
                text32                             17B4     17B4        6        C       0
                text31                             14F2     14F2       44        C       0
                text30                             1608     1608       2C        C       0
                text29                             131E     131E       56        C       0
                text28                             179C     179C        C        C       0
                text27                             16AA     16AA       26        C       0
                text25                             1752     1752       18        C       0
                text24                             1536     1536       3E        C       0
                text23                             1736     1736       1C        C       0
                text22                              F52      F52       8C        C       0
                text21                              93C      93C      182        C       0
                text20                             1718     1718       1E        C       0
                text19                              7B0      7B0      18C        C       0
                text18                             1684     1684       26        C       0
                text17                             15DA     15DA       2E        C       0
                text16                             165E     165E       26        C       0
                text15                             11AA     11AA       60        C       0
                text14                             113A     113A       70        C       0
                text13                             14AA     14AA       48        C       0
                text12                             126A     126A       5A        C       0
                text11                             1412     1412       4E        C       0
                text10                              C12      C12      114        C       0
                text9                               D26      D26       DA        C       0
                text8                              10CA     10CA       70        C       0
                text7                               FDE      FDE       7A        C       0
                text6                              1634     1634       2A        C       0
                text5                              15A8     15A8       32        C       0
                text4                              1460     1460       4A        C       0
                text3                              1574     1574       34        C       0
                text2                              17BC     17BC        2        C       0
                text1                              17BA     17BA        2        C       0
                text0                               EAA      EAA       A8        C       0
                cstackCOMRAM                          1        1       23        1       1
                cstackBANK0                          AA       AA       2F       60       1
                cstackBANK1                         1D0      1D0       26      100       1
                bssBANK3                            300      300      100      300       1
                bssBANK2                            200      200       C0      200       1
                bssBANK1                            100      100       D0      100       1
                bssBANK0                             60       60       4A       60       1
                bssCOMRAM                            24       24       1C        1       1
                cinit                              13C4     13C4       4E        C       0

TOTAL           Name                               Link     Load   Length     Space
        CLASS   STACK          

        CLASS   CODE           
                end_init                            3F0      3F0        4         0
                intcodelo                            18       18      3D8         0
                intcode                               8        8       10         0
                reset_vec                             0        0        4         0
                text46                              3F4      3F4      22E         0
                text45                              E00      E00       AA         0
                text44                              622      622      18E         0
                text43                              ABE      ABE      154         0
                intcode_body                       1058     1058       72         0
                text41                             177C     177C       12         0
                text40                             176A     176A       12         0
                text39                             120A     120A       60         0
                text38                             178E     178E        E         0
                text37                             1374     1374       50         0
                text36                             12C4     12C4       5A         0
                text35                             17A8     17A8        C         0
                text34                             16F6     16F6       22         0
                text33                             16D0     16D0       26         0
                text32                             17B4     17B4        6         0
                text31                             14F2     14F2       44         0
                text30                             1608     1608       2C         0
                text29                             131E     131E       56         0
                text28                             179C     179C        C         0
                text27                             16AA     16AA       26         0
                text25                             1752     1752       18         0
                text24                             1536     1536       3E         0
                text23                             1736     1736       1C         0
                text22                              F52      F52       8C         0
                text21                              93C      93C      182         0
                text20                             1718     1718       1E         0
                text19                              7B0      7B0      18C         0
                text18                             1684     1684       26         0
                text17                             15DA     15DA       2E         0
                text16                             165E     165E       26         0
                text15                             11AA     11AA       60         0
                text14                             113A     113A       70         0
                text13                             14AA     14AA       48         0
                text12                             126A     126A       5A         0
                text11                             1412     1412       4E         0
                text10                              C12      C12      114         0
                text9                               D26      D26       DA         0
                text8                              10CA     10CA       70         0
                text7                               FDE      FDE       7A         0
                text6                              1634     1634       2A         0
                text5                              15A8     15A8       32         0
                text4                              1460     1460       4A         0
                text3                              1574     1574       34         0
                text2                              17BC     17BC        2         0
                text1                              17BA     17BA        2         0
                text0                               EAA      EAA       A8         0
                cinit                              13C4     13C4       4E         0

        CLASS   CONST          

        CLASS   SMALLCONST     

        CLASS   MEDIUMCONST    
                mediumconst                        F3AA     F3AA      C56         0

        CLASS   COMRAM         
                cstackCOMRAM                          1        1       23         1
                bssCOMRAM                            24       24       1C         1

        CLASS   ABS1           

        CLASS   BIGRAM         

        CLASS   RAM            

        CLASS   BANK0          
                cstackBANK0                          AA       AA       2F         1
                bssBANK0                             60       60       4A         1

        CLASS   BANK1          
                cstackBANK1                         1D0      1D0       26         1
                bssBANK1                            100      100       D0         1

        CLASS   BANK2          
                bssBANK2                            200      200       C0         1

        CLASS   BANK3          
                bssBANK3                            300      300      100         1

        CLASS   BANK4          

        CLASS   BANK5          

        CLASS   BANK6          

        CLASS   BANK7          

        CLASS   BANK8          

        CLASS   BANK9          

        CLASS   BANK10         

        CLASS   BANK11         

        CLASS   BANK12         

        CLASS   BANK13         

        CLASS   BANK14         

        CLASS   BANK15         

        CLASS   SFR            

        CLASS   FARRAM         

        CLASS   CONFIG         
                config                           300000   300000        E         0

        CLASS   IDLOC          

        CLASS   EEDATA         
                eeprom_data                      F00000   F00000      100         0



SEGMENTS        Name                           Load    Length   Top    Selector   Space  Class

                reset_vec                      000000  000004  000004         0       0  CODE    
                cstackCOMRAM                   000001  00003F  000040         1       1  COMRAM  
                intcode                        000008  000010  000018         4       0  CODE    
                intcodelo                      000018  0017A6  0017BE         C       0  CODE    
                bssBANK0                       000060  000079  0000D9        60       1  BANK0   
                bssBANK1                       000100  0000F6  0001F6       100       1  BANK1   
                bssBANK2                       000200  0000C0  0002C0       200       1  BANK2   
                bssBANK3                       000300  000100  000400       300       1  BANK3   
                mediumconst                    00F3AA  000C56  010000      79D5       0  MEDIUMCO
                config                         300000  00000E  30000E    300000       0  CONFIG  
                eeprom_data                    F00000  000100  F00100    F00000       0  EEDATA  


UNUSED ADDRESS RANGES

        Name                Unused          Largest block    Delta
        BANK0            0000D9-0000FF               27
        BANK1            0001F6-0001FF                A
        BANK10           000A00-000AFF              100
        BANK11           000B00-000BFF              100
        BANK12           000C00-000CFF              100
        BANK13           000D00-000DFF              100
        BANK14           000E00-000EFF              100
        BANK15           000F00-000F37               38
        BANK2            0002C0-0002FF               40
        BANK4            000400-0004FF              100
        BANK5            000500-0005FF              100
        BANK6            000600-0006FF              100
        BANK7            000700-0007FF              100
        BANK8            000800-0008FF              100
        BANK9            000900-0009FF              100
        BIGRAM           000040-00005F               20
                         0000D9-0000FF               27
                         0001F6-0001FF                A
                         0002C0-0002FF               40
                         000400-000F37              B38
        CODE             000004-000007                4
                         0017BE-00F3A9             DBEC
        COMRAM           000040-00005F               20
        CONST            000004-000007                4
                         0017BE-00F3A9             DBEC
        EEDATA           F00100-F003FF              300
        IDLOC            200000-200007                8
        MEDIUMCONST      0017BE-00F3A9             DBEC
        RAM              0000D9-0000FF               27
                         0001F6-0001FF                A
                         0002C0-0002FF               40
                         000400-000F37              100
        SFR              000F38-000FFF               28
        SMALLCONST       0017BE-00F3A9              100
        STACK            000400-0009FF              600

                                  Symbol Table

?_MTouchAcquisitionCVD                 cstackBANK0  0000AA
?___wmul                               cstackBANK0  0000D1
?_sprintf                              cstackBANK0  0000D1
BSemOn@Sem                             cstackCOMRAM 000001
Beep@ms10                              cstackBANK0  0000D1
DelayMs@cnt                            cstackBANK0  0000D1
DelayMs@i                              cstackBANK0  0000D2
HI_ISR@beep                            bssBANK0     000074
InitMessages@i                         cstackBANK0  0000D1
InitializeSystem@pll_startup_counter   cstackBANK1  0001DB
LO_ISR@i                               cstackCOMRAM 000023
LO_ISR@lcAdr                           cstackCOMRAM 000021
LO_ISR@lcData                          cstackCOMRAM 000022
LabelCreate@font                       cstackBANK1  0001F1
LabelCreate@i                          cstackBANK1  0001F4
LabelCreate@lb                         cstackBANK1  0001F5
LabelCreate@ln                         cstackBANK1  0001F3
LabelCreate@x                          cstackBANK1  0001EF
LabelCreate@y                          cstackBANK1  0001F0
LabelSetTxt@i                          cstackBANK1  0001ED
LabelSetTxt@lb                         cstackBANK1  0001EE
LabelSetTxt@str                        cstackBANK0  0000D8
LabelSetTxt@temp                       cstackBANK1  0001EC
MTouchAcquisition@data                 cstackBANK0  0000C1
MTouchAcquisition@i                    cstackBANK0  0000C7
MTouchAcquisition@pCurrentSensor       cstackBANK0  0000C8
MTouchAcquisition@pLastSensor          cstackBANK0  0000C3
MTouchAcquisition@pPreviousSensor      cstackBANK0  0000C5
MTouchAcquisition@startSensorNumber    bssBANK0     000075
MTouchAcquisitionCVD@curChannelNumber  cstackBANK0  0000B5
MTouchAcquisitionCVD@curIOMask         cstackBANK0  0000BD
MTouchAcquisitionCVD@curLat            cstackBANK0  0000B8
MTouchAcquisitionCVD@curTris           cstackBANK0  0000BB
MTouchAcquisitionCVD@pCurrentSensor    cstackBANK0  0000AA
MTouchAcquisitionCVD@pPreviousSensor   cstackBANK0  0000AC
MTouchAcquisitionCVD@prevChannelNumber cstackBANK0  0000B4
MTouchAcquisitionCVD@prevIOMask        cstackBANK0  0000BA
MTouchAcquisitionCVD@prevLat           cstackBANK0  0000B6
MTouchAcquisitionCVD@prevTris          cstackBANK0  0000B2
MTouchAcquisitionCVD@result            cstackBANK0  0000B0
MTouchSensorDecode@delta               cstackBANK0  0000B9
MTouchSensorDecode@pSensor             cstackBANK0  0000B3
MTouchSetButton@buttonNumber           cstackBANK0  0000D5
MTouchSetButton@decode                 cstackBANK0  0000D2
MTouchSetButton@pButton                cstackBANK0  0000D6
MTouchSetButton@sensorNumber           cstackBANK0  0000D1
MTouchSetSensor@channelNumber          cstackBANK1  0001D5
MTouchSetSensor@chargeDelay            cstackBANK1  0001DA
MTouchSetSensor@ioBitNumber            cstackBANK1  0001D4
MTouchSetSensor@lat                    cstackBANK1  0001D2
MTouchSetSensor@oversampling           cstackBANK1  0001D8
MTouchSetSensor@pSensor                cstackBANK0  0000D4
MTouchSetSensor@sensorNumber           cstackBANK0  0000D3
MTouchSetSensor@threshold              cstackBANK1  0001D6
MTouchSetSensor@tris                   cstackBANK1  0001D0
MTouchUpdateSensorAverage@pSensor      cstackBANK0  0000AA
MTouchUpdateSensorAverage@rate         cstackBANK0  0000AC
PL10                                   text44       00078E
PL12                                   text19       00092E
PL14                                   text46       0005C4
PL16                                   text46       0005D6
PL18                                   text9        000DB4
PL2                                    text19       00091A
PL20                                   text21       000A9E
PL22                                   text46       0005E6
PL24                                   text11       001448
PL26                                   text43       000BEC
PL28                                   text10       000D00
PL30                                   text9        000DCE
PL32                                   text46       0005FE
PL34                                   text10       000D14
PL36                                   text46       000610
PL38                                   text44       00079E
PL4                                    text45       000E7A
PL40                                   text0        000F42
PL42                                   text21       000AAE
PL44                                   text9        000DE2
PL46                                   text43       000C02
PL48                                   text9        000DF2
PL50                                   text12       0012B8
PL52                                   text7        00104E
PL6                                    text44       000776
PL8                                    text46       0005B2
ProcessMessages@i                      cstackBANK0  0000D1
Read_b_eep@badd                        cstackCOMRAM 000001
SendMessage@Msg                        cstackCOMRAM 000001
Write_b_eep@GIE_BIT_VAL                cstackCOMRAM 000007
Write_b_eep@badd                       cstackCOMRAM 000001
Write_b_eep@bdat                       cstackCOMRAM 000003
_ADCON0                                (abs)        000FC2
_ADCON0bits                            (abs)        000FC2
_ADCON1                                (abs)        000FC1
_ADCON2                                (abs)        000FC0
_ADCON2bits                            (abs)        000FC0
_ADRESH                                (abs)        000FC4
_ADRESL                                (abs)        000FC3
_ANSELA                                (abs)        000F38
_ANSELB                                (abs)        000F39
_ANSELC                                (abs)        000F3A
_ANSELD                                (abs)        000F3B
_ANSELE                                (abs)        000F3C
_BRG161                                (abs)        007DC3
_BRGH1                                 (abs)        007D62
_BSem                                  bssBANK0     00006A
_BSemOn                                text41       00177C
_Beep                                  text25       001752
_BroadcastMessages                     bssBANK0     000076
_Busy_eep                              text32       0017B4
_CCP4CONbits                           (abs)        000F57
_CCPR1L                                (abs)        000FBE
_CCPR2L                                (abs)        000F67
_CCPR4L                                (abs)        000F58
_CREN1                                 (abs)        007D5C
_DC1B0                                 (abs)        007DEC
_DC1B1                                 (abs)        007DED
_DC2B0                                 (abs)        007B34
_DC2B1                                 (abs)        007B35
_DelayMs                               text6        001634
_EEADR                                 (abs)        000FA9
_EEADRH                                (abs)        000FAA
_EECON1bits                            (abs)        000FA6
_EECON2                                (abs)        000FA7
_EEDATA                                (abs)        000FA8
_FERR1                                 (abs)        007D5A
_GIE                                   (abs)        007F97
_HI_ISR                                intcode      000008
_INTCONbits                            (abs)        000FF2
_IPR1bits                              (abs)        000F9F
_IPR5bits                              (abs)        000F7F
_InitMessages                          text24       001536
_InitializeSystem                      text19       0007B0
_LATA                                  (abs)        000F89
_LATAbits                              (abs)        000F89
_LATB                                  (abs)        000F8A
_LATC0                                 (abs)        007C58
_LATC2                                 (abs)        007C5A
_LATC3                                 (abs)        007C5B
_LATCbits                              (abs)        000F8B
_LATD                                  (abs)        000F8C
_LATE                                  (abs)        000F8D
_LATE0                                 (abs)        007C68
_LATE1                                 (abs)        007C69
_LATE2                                 (abs)        007C6A
_LO_ISR                                intcodelo    000018
_LabelCreate                           text8        0010CA
_LabelSetTxt                           text9        000D26
_MTouchAcquisition                     text43       000ABE
_MTouchAcquisitionCVD                  text46       0003F4
_MTouchInit                            text23       001736
_MTouchSensorDecode                    text44       000622
_MTouchSetButton                       text22       000F52
_MTouchSetSensor                       text21       00093C
_MTouchUpdateSensorAverage             text45       000E00
_Messages                              bssBANK0     000060
_OERR1                                 (abs)        007D59
_OSCCON                                (abs)        000FD3
_OSCTUNEbits                           (abs)        000F9B
_PIE1bits                              (abs)        000F9D
_PIE5bits                              (abs)        000F7D
_PIR1bits                              (abs)        000F9E
_PIR5bits                              (abs)        000F7E
_PORTB                                 (abs)        000F81
_PORTD                                 (abs)        000F83
_PR2                                   (abs)        000FBB
_PR4                                   (abs)        000F52
_ProcessMessages                       text7        000FDE
_RCIE                                  (abs)        007CED
_RCIF                                  (abs)        007CF5
_RCIP                                  (abs)        007CFD
_RCONbits                              (abs)        000FD0
_RCREG                                 (abs)        000FAE
_RX91                                  (abs)        007D5E
_Read_b_eep                            text34       0016F6
_RxBuff                                bssBANK3     000300
_RxTxBuff                              bssBANK1     000100
_SPBRG                                 (abs)        000FAF
_SPEN1                                 (abs)        007D5F
_SREN1                                 (abs)        007D5D
_SWDTEN                                (abs)        007E88
_SYNC1                                 (abs)        007D64
_SendMessage                           text40       00176A
_T2CONbits                             (abs)        000FBA
_T4CONbits                             (abs)        000F51
_TMR2                                  (abs)        000FBC
_TMR4                                  (abs)        000F53
_TRISA                                 (abs)        000F92
_TRISAbits                             (abs)        000F92
_TRISB                                 (abs)        000F93
_TRISCbits                             (abs)        000F94
_TRISD                                 (abs)        000F95
_TRISE                                 (abs)        000F96
_TRISEbits                             (abs)        000F96
_TRMT1                                 (abs)        007D61
_TX91                                  (abs)        007D66
_TXEN1                                 (abs)        007D65
_TXIE                                  (abs)        007CEC
_TXREG                                 (abs)        000FAD
_Write_b_eep                           text31       0014F2
__CFG_BOREN$SBORDIS                    (abs)        000000
__CFG_BORV$190                         (abs)        000000
__CFG_CCP2MX$PORTC1                    (abs)        000000
__CFG_CCP3MX$PORTB5                    (abs)        000000
__CFG_CP0$OFF                          (abs)        000000
__CFG_CP1$OFF                          (abs)        000000
__CFG_CP2$OFF                          (abs)        000000
__CFG_CP3$OFF                          (abs)        000000
__CFG_CPB$OFF                          (abs)        000000
__CFG_CPD$OFF                          (abs)        000000
__CFG_EBTR0$OFF                        (abs)        000000
__CFG_EBTR1$OFF                        (abs)        000000
__CFG_EBTR2$OFF                        (abs)        000000
__CFG_EBTR3$OFF                        (abs)        000000
__CFG_EBTRB$OFF                        (abs)        000000
__CFG_FCMEN$OFF                        (abs)        000000
__CFG_FOSC$INTIO67                     (abs)        000000
__CFG_HFOFST$ON                        (abs)        000000
__CFG_IESO$OFF                         (abs)        000000
__CFG_LVP$OFF                          (abs)        000000
__CFG_MCLRE$EXTMCLR                    (abs)        000000
__CFG_P2BMX$PORTD2                     (abs)        000000
__CFG_PBADEN$OFF                       (abs)        000000
__CFG_PLLCFG$ON                        (abs)        000000
__CFG_PRICLKEN$ON                      (abs)        000000
__CFG_PWRTEN$OFF                       (abs)        000000
__CFG_STVREN$ON                        (abs)        000000
__CFG_T3CMX$PORTC0                     (abs)        000000
__CFG_WDTEN$SWON                       (abs)        000000
__CFG_WDTPS$32768                      (abs)        000000
__CFG_WRT0$OFF                         (abs)        000000
__CFG_WRT1$OFF                         (abs)        000000
__CFG_WRT2$OFF                         (abs)        000000
__CFG_WRT3$OFF                         (abs)        000000
__CFG_WRTB$OFF                         (abs)        000000
__CFG_WRTC$OFF                         (abs)        000000
__CFG_WRTD$OFF                         (abs)        000000
__CFG_XINST$OFF                        (abs)        000000
__HRAM                                 (abs)        000000
__Habs1                                abs1         000000
__Hbank0                               bank0        000000
__Hbank1                               bank1        000000
__Hbank10                              bank10       000000
__Hbank11                              bank11       000000
__Hbank12                              bank12       000000
__Hbank13                              bank13       000000
__Hbank14                              bank14       000000
__Hbank15                              bank15       000000
__Hbank2                               bank2        000000
__Hbank3                               bank3        000000
__Hbank4                               bank4        000000
__Hbank5                               bank5        000000
__Hbank6                               bank6        000000
__Hbank7                               bank7        000000
__Hbank8                               bank8        000000
__Hbank9                               bank9        000000
__Hbigbss                              bigbss       000000
__Hbigdata                             bigdata      000000
__Hbigram                              bigram       000000
__Hbss                                 bss          000000
__HbssBANK0                            bssBANK0     000000
__HbssBANK1                            bssBANK1     000000
__HbssBANK2                            bssBANK2     000000
__HbssBANK3                            bssBANK3     000000
__HbssCOMRAM                           bssCOMRAM    000000
__Hcinit                               cinit        000000
__Hclrtext                             clrtext      000000
__Hcomram                              comram       000000
__Hconfig                              config       30000E
__Hconst                               const        000000
__HcstackBANK0                         cstackBANK0  000000
__HcstackBANK1                         cstackBANK1  000000
__HcstackCOMRAM                        cstackCOMRAM 000000
__Hdata                                data         000000
__Heeprom_data                         eeprom_data  F00100
__Hend_init                            end_init     0003F4
__Hfarbss                              farbss       000000
__Hfardata                             fardata      000000
__Hibigdata                            ibigdata     000000
__Hidata                               idata        000000
__Hidloc                               idloc        000000
__Hifardata                            ifardata     000000
__Hinit                                init         0003F0
__Hintcode                             intcode      000018
__Hintcode_body                        intcode_body 000000
__Hintcodelo                           intcodelo    0003F0
__Hintentry                            intentry     000000
__Hintret                              intret       000000
__Hintsave_regs                        intsave_regs 000000
__Hirdata                              irdata       000000
__Hmediumconst                         mediumconst  010000
__HnvFARRAM                            nvFARRAM     000000
__Hnvbit                               nvbit        000000
__Hnvrram                              nvrram       000000
__Hpa_nodes                            pa_nodes     000000
__Hparam                               param0       000000
__Hparam0                              param0       000000
__Hpowerup                             powerup      0003F0
__Hram                                 ram          000000
__Hramtop                              ramtop       001000
__Hrbit                                rbit         000000
__Hrbss                                rbss         000000
__Hrdata                               rdata        000000
__Hreset_vec                           reset_vec    000004
__Hsfr                                 sfr          000000
__Hsmallconst                          smallconst   000000
__Hspace_0                             (abs)        F00100
__Hspace_1                             (abs)        000400
__Hspace_2                             (abs)        000000
__Hstack                               stack        000000
__Hstruct                              struct       000000
__Htemp                                temp         000000
__Htext                                text         000000
__Htext0                               text0        000000
__Htext1                               text1        000000
__Htext10                              text10       000000
__Htext11                              text11       000000
__Htext12                              text12       000000
__Htext13                              text13       000000
__Htext14                              text14       000000
__Htext15                              text15       000000
__Htext16                              text16       000000
__Htext17                              text17       000000
__Htext18                              text18       000000
__Htext19                              text19       000000
__Htext2                               text2        000000
__Htext20                              text20       000000
__Htext21                              text21       000000
__Htext22                              text22       000000
__Htext23                              text23       000000
__Htext24                              text24       000000
__Htext25                              text25       000000
__Htext27                              text27       000000
__Htext28                              text28       000000
__Htext29                              text29       000000
__Htext3                               text3        000000
__Htext30                              text30       000000
__Htext31                              text31       000000
__Htext32                              text32       000000
__Htext33                              text33       000000
__Htext34                              text34       000000
__Htext35                              text35       000000
__Htext36                              text36       000000
__Htext37                              text37       000000
__Htext38                              text38       000000
__Htext39                              text39       000000
__Htext4                               text4        000000
__Htext40                              text40       000000
__Htext41                              text41       000000
__Htext43                              text43       000000
__Htext44                              text44       000000
__Htext45                              text45       000000
__Htext46                              text46       000000
__Htext5                               text5        000000
__Htext6                               text6        000000
__Htext7                               text7        000000
__Htext8                               text8        000000
__Htext9                               text9        000000
__LRAM                                 (abs)        000001
__Labs1                                abs1         000000
__Lbank0                               bank0        000000
__Lbank1                               bank1        000000
__Lbank10                              bank10       000000
__Lbank11                              bank11       000000
__Lbank12                              bank12       000000
__Lbank13                              bank13       000000
__Lbank14                              bank14       000000
__Lbank15                              bank15       000000
__Lbank2                               bank2        000000
__Lbank3                               bank3        000000
__Lbank4                               bank4        000000
__Lbank5                               bank5        000000
__Lbank6                               bank6        000000
__Lbank7                               bank7        000000
__Lbank8                               bank8        000000
__Lbank9                               bank9        000000
__Lbigbss                              bigbss       000000
__Lbigdata                             bigdata      000000
__Lbigram                              bigram       000000
__Lbss                                 bss          000000
__LbssBANK0                            bssBANK0     000000
__LbssBANK1                            bssBANK1     000000
__LbssBANK2                            bssBANK2     000000
__LbssBANK3                            bssBANK3     000000
__LbssCOMRAM                           bssCOMRAM    000000
__Lcinit                               cinit        000000
__Lclrtext                             clrtext      000000
__Lcomram                              comram       000000
__Lconfig                              config       300000
__Lconst                               const        000000
__LcstackBANK0                         cstackBANK0  000000
__LcstackBANK1                         cstackBANK1  000000
__LcstackCOMRAM                        cstackCOMRAM 000000
__Ldata                                data         000000
__Leeprom_data                         eeprom_data  F00000
__Lend_init                            end_init     0003F0
__Lfarbss                              farbss       000000
__Lfardata                             fardata      000000
__Libigdata                            ibigdata     000000
__Lidata                               idata        000000
__Lidloc                               idloc        000000
__Lifardata                            ifardata     000000
__Linit                                init         0003F0
__Lintcode                             intcode      000008
__Lintcode_body                        intcode_body 000000
__Lintcodelo                           intcodelo    000018
__Lintentry                            intentry     000000
__Lintret                              intret       000000
__Lintsave_regs                        intsave_regs 000000
__Lirdata                              irdata       000000
__Lmediumconst                         mediumconst  00F3AA
__LnvFARRAM                            nvFARRAM     000000
__Lnvbit                               nvbit        000000
__Lnvrram                              nvrram       000000
__Lpa_nodes                            pa_nodes     000000
__Lparam                               param0       000000
__Lparam0                              param0       000000
__Lpowerup                             powerup      0003F0
__Lram                                 ram          000000
__Lramtop                              ramtop       001000
__Lrbit                                rbit         000000
__Lrbss                                rbss         000000
__Lrdata                               rdata        000000
__Lreset_vec                           reset_vec    000000
__Lsfr                                 sfr          000000
__Lsmallconst                          smallconst   000000
__Lspace_0                             (abs)        000000
__Lspace_1                             (abs)        000000
__Lspace_2                             (abs)        000000
__Lstack                               stack        000000
__Lstruct                              struct       000000
__Ltemp                                temp         000000
__Ltext                                text         000000
__Ltext0                               text0        000000
__Ltext1                               text1        000000
__Ltext10                              text10       000000
__Ltext11                              text11       000000
__Ltext12                              text12       000000
__Ltext13                              text13       000000
__Ltext14                              text14       000000
__Ltext15                              text15       000000
__Ltext16                              text16       000000
__Ltext17                              text17       000000
__Ltext18                              text18       000000
__Ltext19                              text19       000000
__Ltext2                               text2        000000
__Ltext20                              text20       000000
__Ltext21                              text21       000000
__Ltext22                              text22       000000
__Ltext23                              text23       000000
__Ltext24                              text24       000000
__Ltext25                              text25       000000
__Ltext27                              text27       000000
__Ltext28                              text28       000000
__Ltext29                              text29       000000
__Ltext3                               text3        000000
__Ltext30                              text30       000000
__Ltext31                              text31       000000
__Ltext32                              text32       000000
__Ltext33                              text33       000000
__Ltext34                              text34       000000
__Ltext35                              text35       000000
__Ltext36                              text36       000000
__Ltext37                              text37       000000
__Ltext38                              text38       000000
__Ltext39                              text39       000000
__Ltext4                               text4        000000
__Ltext40                              text40       000000
__Ltext41                              text41       000000
__Ltext43                              text43       000000
__Ltext44                              text44       000000
__Ltext45                              text45       000000
__Ltext46                              text46       000000
__Ltext5                               text5        000000
__Ltext6                               text6        000000
__Ltext7                               text7        000000
__Ltext8                               text8        000000
__Ltext9                               text9        000000
__S0                                   (abs)        F00100
__S1                                   (abs)        000400
__S2                                   (abs)        000000
___inthi_sp                            stack        000000
___intlo_sp                            stack        000000
___sp                                  stack        000000
___wmul                                text18       001684
___wmul@multiplicand                   cstackBANK0  0000D3
___wmul@multiplier                     cstackBANK0  0000D1
___wmul@product                        cstackBANK0  0000D5
__accesstop                            (abs)        000060
__activetblptr                         (abs)        000002
__end_ofPL10                           text44       00079E
__end_ofPL12                           text19       00093C
__end_ofPL14                           text46       0005D6
__end_ofPL16                           text46       0005E6
__end_ofPL18                           text9        000DCE
__end_ofPL2                            text19       00092E
__end_ofPL20                           text21       000AAE
__end_ofPL22                           text46       0005FE
__end_ofPL24                           text11       001460
__end_ofPL26                           text43       000C02
__end_ofPL28                           text10       000D14
__end_ofPL30                           text9        000DE2
__end_ofPL32                           text46       000610
__end_ofPL34                           text10       000D26
__end_ofPL36                           text46       000622
__end_ofPL38                           text44       0007B0
__end_ofPL4                            text45       000EAA
__end_ofPL40                           text0        000F52
__end_ofPL42                           text21       000ABE
__end_ofPL44                           text9        000DF2
__end_ofPL46                           text43       000C12
__end_ofPL48                           text9        000E00
__end_ofPL50                           text12       0012C4
__end_ofPL52                           text7        001058
__end_ofPL6                            text44       00078E
__end_ofPL8                            text46       0005C4
__end_of_BSemOn                        text41       00178E
__end_of_Beep                          text25       00176A
__end_of_Busy_eep                      text32       0017BA
__end_of_DelayMs                       text6        00165E
__end_of_HI_ISR                        intcode_body 0010CA
__end_of_InitMessages                  text24       001574
__end_of_InitializeSystem              text19       00091A
__end_of_LO_ISR                        intcodelo    0003F0
__end_of_LabelCreate                   text8        00113A
__end_of_LabelSetTxt                   text9        000DB4
__end_of_MTouchAcquisition             text43       000BEC
__end_of_MTouchAcquisitionCVD          text46       0005B2
__end_of_MTouchInit                    text23       001752
__end_of_MTouchSensorDecode            text44       000776
__end_of_MTouchSetButton               text22       000FDE
__end_of_MTouchSetSensor               text21       000A9E
__end_of_MTouchUpdateSensorAverage     text45       000E7A
__end_of_ProcessMessages               text7        00104E
__end_of_Read_b_eep                    text34       001718
__end_of_SendMessage                   text40       00177C
__end_of_Write_b_eep                   text31       001536
__end_of___wmul                        text18       0016AA
__end_of__initialization               cinit        001408
__end_of__stringdata                   mediumconst  00FFFF
__end_of_crc_mb                        text37       0013C4
__end_of_crc_mb_calc                   text39       00126A
__end_of_crc_mb_check                  text36       00131E
__end_of_crc_mb_init                   text38       00179C
__end_of_eedata                        mediumconst  00F4AB
__end_of_font13                        mediumconst  00FFF7
__end_of_getbyte                       text28       0017A8
__end_of_ks0108ClearDot                text12       0012B8
__end_of_ks0108Enable                  text17       001608
__end_of_ks0108Fill                    text5        0015DA
__end_of_ks0108GotoXY                  text15       00120A
__end_of_ks0108Init                    text4        0014AA
__end_of_ks0108PutChar                 text10       000D00
__end_of_ks0108ReadData                text14       0011AA
__end_of_ks0108SetDot                  text11       001448
__end_of_ks0108WriteCommand            text16       001684
__end_of_ks0108WriteData               text13       0014F2
__end_of_main                          text0        000F42
__end_of_putbyte                       text35       0017B4
__end_of_read___ee                     text33       0016F6
__end_of_set_ee_default                text29       001374
__end_of_sprintf                       text3        0015A8
__end_of_timed_getc                    text27       0016D0
__end_of_tsk_display                   text2        0017BE
__end_of_tsk_process                   text1        0017BC
__end_of_uart16_init                   text20       001736
__end_of_write___ee                    text30       001634
__initialization                       cinit        0013C4
__mediumconst                          mediumconst  00F3AA
__pbssBANK0                            bssBANK0     000060
__pbssBANK1                            bssBANK1     000100
__pbssBANK2                            bssBANK2     000200
__pbssBANK3                            bssBANK3     000300
__pbssCOMRAM                           bssCOMRAM    000024
__pcinit                               cinit        0013C4
__pcstackBANK0                         cstackBANK0  0000AA
__pcstackBANK1                         cstackBANK1  0001D0
__pcstackCOMRAM                        cstackCOMRAM 000001
__pintcode                             intcode      000008
__pintcode_body                        intcode_body 001058
__pintcodelo                           intcodelo    000018
__pmediumconst                         mediumconst  00F3AA
__ptext0                               text0        000EAA
__ptext1                               text1        0017BA
__ptext10                              text10       000C12
__ptext11                              text11       001412
__ptext12                              text12       00126A
__ptext13                              text13       0014AA
__ptext14                              text14       00113A
__ptext15                              text15       0011AA
__ptext16                              text16       00165E
__ptext17                              text17       0015DA
__ptext18                              text18       001684
__ptext19                              text19       0007B0
__ptext2                               text2        0017BC
__ptext20                              text20       001718
__ptext21                              text21       00093C
__ptext22                              text22       000F52
__ptext23                              text23       001736
__ptext24                              text24       001536
__ptext25                              text25       001752
__ptext27                              text27       0016AA
__ptext28                              text28       00179C
__ptext29                              text29       00131E
__ptext3                               text3        001574
__ptext30                              text30       001608
__ptext31                              text31       0014F2
__ptext32                              text32       0017B4
__ptext33                              text33       0016D0
__ptext34                              text34       0016F6
__ptext35                              text35       0017A8
__ptext36                              text36       0012C4
__ptext37                              text37       001374
__ptext38                              text38       00178E
__ptext39                              text39       00120A
__ptext4                               text4        001460
__ptext40                              text40       00176A
__ptext41                              text41       00177C
__ptext43                              text43       000ABE
__ptext44                              text44       000622
__ptext45                              text45       000E00
__ptext46                              text46       0003F4
__ptext5                               text5        0015A8
__ptext6                               text6        001634
__ptext7                               text7        000FDE
__ptext8                               text8        0010CA
__ptext9                               text9        000D26
__ramtop                               ramtop       001000
__size_of_BSemOn                       (abs)        000000
__size_of_Beep                         (abs)        000000
__size_of_Busy_eep                     (abs)        000000
__size_of_DelayMs                      (abs)        000000
__size_of_HI_ISR                       (abs)        000000
__size_of_InitMessages                 (abs)        000000
__size_of_InitializeSystem             (abs)        000000
__size_of_LO_ISR                       (abs)        000000
__size_of_LabelCreate                  (abs)        000000
__size_of_LabelSetTxt                  (abs)        000000
__size_of_MTouchAcquisition            (abs)        000000
__size_of_MTouchAcquisitionCVD         (abs)        000000
__size_of_MTouchInit                   (abs)        000000
__size_of_MTouchSensorDecode           (abs)        000000
__size_of_MTouchSetButton              (abs)        000000
__size_of_MTouchSetSensor              (abs)        000000
__size_of_MTouchUpdateSensorAverage    (abs)        000000
__size_of_ProcessMessages              (abs)        000000
__size_of_Read_b_eep                   (abs)        000000
__size_of_SendMessage                  (abs)        000000
__size_of_Write_b_eep                  (abs)        000000
__size_of___wmul                       (abs)        000000
__size_of_crc_mb                       (abs)        000000
__size_of_crc_mb_calc                  (abs)        000000
__size_of_crc_mb_check                 (abs)        000000
__size_of_crc_mb_init                  (abs)        000000
__size_of_getbyte                      (abs)        000000
__size_of_ks0108ClearDot               (abs)        000000
__size_of_ks0108Enable                 (abs)        000000
__size_of_ks0108Fill                   (abs)        000000
__size_of_ks0108GotoXY                 (abs)        000000
__size_of_ks0108Init                   (abs)        000000
__size_of_ks0108PutChar                (abs)        000000
__size_of_ks0108ReadData               (abs)        000000
__size_of_ks0108SetDot                 (abs)        000000
__size_of_ks0108WriteCommand           (abs)        000000
__size_of_ks0108WriteData              (abs)        000000
__size_of_main                         (abs)        000000
__size_of_putbyte                      (abs)        000000
__size_of_read___ee                    (abs)        000000
__size_of_set_ee_default               (abs)        000000
__size_of_sprintf                      (abs)        000000
__size_of_timed_getc                   (abs)        000000
__size_of_tsk_display                  (abs)        000000
__size_of_tsk_process                  (abs)        000000
__size_of_uart16_init                  (abs)        000000
__size_of_write___ee                   (abs)        000000
__smallconst                           smallconst   000000
__stringdata                           mediumconst  00FFF7
__sys_tick                             bssBANK0     00006E
_a                                     bssCOMRAM    00003A
_b                                     bssCOMRAM    00003B
_beep_count                            bssCOMRAM    00003C
_beep_timer                            bssBANK0     000070
_buttons                               bssBANK1     000180
_c                                     bssCOMRAM    000034
_crc_mb                                text37       001374
_crc_mb_calc                           text39       00120A
_crc_mb_check                          text36       0012C4
_crc_mb_init                           text38       00178E
_curr_task                             bssCOMRAM    00003D
_d                                     bssCOMRAM    000036
_delayus_variable                      bssBANK0     000077
_dummy                                 bssCOMRAM    00003E
_e                                     bssCOMRAM    000024
_eedata                                mediumconst  00F3AB
_f                                     bssCOMRAM    000028
_font13                                mediumconst  00F4AB
_getbyte                               text28       00179C
_j_rx                                  bssCOMRAM    000038
_k                                     bssCOMRAM    00002C
_ks0108ClearDot                        text12       00126A
_ks0108Enable                          text17       0015DA
_ks0108Fill                            text5        0015A8
_ks0108GotoXY                          text15       0011AA
_ks0108Init                            text4        001460
_ks0108PutChar                         text10       000C12
_ks0108ReadData                        text14       00113A
_ks0108SetDot                          text11       001412
_ks0108WriteCommand                    text16       00165E
_ks0108WriteData                       text13       0014AA
_l                                     bssCOMRAM    000030
_lb_napr                               bssBANK0     000078
_main                                  text0        000EAA
_pos                                   bssBANK0     0000A7
_putbyte                               text35       0017A8
_read___ee                             text33       0016D0
_sensors                               bssBANK2     000200
_set_ee_default                        text29       00131E
_sprintf                               text3        001574
_str                                   bssBANK0     000093
_sys_tick                              bssBANK0     000072
_timed_getc                            text27       0016AA
_timeout_error                         bssCOMRAM    00003F
_tsk_display                           text2        0017BC
_tsk_process                           text1        0017BA
_uart16_init                           text20       001718
_write___ee                            text30       001608
crc_mb@CRC                             cstackCOMRAM 000010
crc_mb@buffer                          cstackCOMRAM 000009
crc_mb@count                           cstackCOMRAM 00000B
crc_mb@i                               cstackCOMRAM 00000F
crc_mb_calc@code                       cstackCOMRAM 000008
crc_mb_calc@flag                       cstackCOMRAM 000006
crc_mb_calc@i                          cstackCOMRAM 000007
crc_mb_calc@next                       cstackCOMRAM 000001
crc_mb_check@buffer                    cstackCOMRAM 000009
crc_mb_check@cnt                       cstackCOMRAM 00000B
crc_mb_check@crc                       cstackCOMRAM 000011
crc_mb_check@i                         cstackCOMRAM 000010
crc_mb_init@code                       cstackCOMRAM 000001
end_of_initialization                  cinit        001408
int_func                               intcode_body 001058
intlevel0                              text         000000
intlevel1                              text         000000
intlevel2                              text         000000
intlevel3                              text         000000
ks0108ClearDot@data                    cstackBANK1  0001D6
ks0108ClearDot@x                       cstackBANK1  0001D5
ks0108ClearDot@y                       cstackBANK0  0000D7
ks0108Fill@i                           cstackBANK1  0001D2
ks0108Fill@j                           cstackBANK1  0001D1
ks0108Fill@mode                        cstackBANK1  0001D0
ks0108GotoXY@chip                      cstackBANK0  0000D4
ks0108GotoXY@cmd                       cstackBANK0  0000D5
ks0108GotoXY@x                         cstackBANK0  0000D6
ks0108GotoXY@y                         cstackBANK0  0000D3
ks0108PutChar@_fontHeight              cstackBANK1  0001DD
ks0108PutChar@_fontWidth               cstackBANK1  0001DE
ks0108PutChar@base                     cstackBANK1  0001EA
ks0108PutChar@chWidth                  cstackBANK1  0001E6
ks0108PutChar@mask                     cstackBANK1  0001E9
ks0108PutChar@mode                     cstackBANK1  0001D9
ks0108PutChar@pChImage                 cstackBANK1  0001DF
ks0108PutChar@p_font                   cstackBANK1  0001D7
ks0108PutChar@s                        cstackBANK1  0001DC
ks0108PutChar@temp                     cstackBANK1  0001E3
ks0108PutChar@x                        cstackBANK1  0001E8
ks0108PutChar@xCnt                     cstackBANK1  0001E1
ks0108PutChar@x_                       cstackBANK1  0001E4
ks0108PutChar@y                        cstackBANK1  0001E7
ks0108PutChar@yCnt                     cstackBANK1  0001E2
ks0108PutChar@y_                       cstackBANK1  0001E5
ks0108ReadData@data                    cstackBANK1  0001D1
ks0108ReadData@i                       cstackBANK1  0001D2
ks0108ReadData@incXAdd                 cstackBANK1  0001D0
ks0108SetDot@data                      cstackBANK1  0001D6
ks0108SetDot@x                         cstackBANK1  0001D5
ks0108SetDot@y                         cstackBANK0  0000D7
ks0108WriteCommand@chip                cstackBANK0  0000D1
ks0108WriteCommand@cmd                 cstackBANK0  0000D2
ks0108WriteData@data                   cstackBANK0  0000D3
putbyte@byte                           cstackCOMRAM 000001
read___ee@adr                          cstackCOMRAM 000006
read___ee@byte                         cstackCOMRAM 000009
read___ee@var                          cstackCOMRAM 000008
set_ee_default@c                       cstackCOMRAM 00000C
set_ee_default@c1                      cstackCOMRAM 00000D
set_ee_default@i                       cstackCOMRAM 00000E
sprintf@c                              cstackBANK0  0000D3
sprintf@f                              cstackBANK0  0000D1
sprintf@sp                             cstackBANK0  0000D4
stackhi                                (abs)        0009FF
stacklo                                (abs)        000400
start                                  init         0003F0
start_initialization                   cinit        0013C4
timed_getc@timeout                     cstackCOMRAM 000001
write___ee@adr                         cstackCOMRAM 000008
write___ee@byte                        cstackCOMRAM 00000B
write___ee@var                         cstackCOMRAM 00000A
