Microchip MPLAB XC8 Compiler V1.33 ()

Linker command line:

--edf=C:\Program Files (x86)\Microchip\xc8\v1.33\dat\en_msgs.txt -cs \
  -h+dist/default/production\KrasTouchPanel.X.production.sym \
  --cmf=dist/default/production\KrasTouchPanel.X.production.cmf -z \
  -Q18F46K22 -oC:\WINDOWS\Temp\s6v4.6 \
  -Mdist/default/production/KrasTouchPanel.X.production.map -E1 -ver=XC8 \
  -ASTACK=0A00h-0f37h -pstack=STACK -ACODE=00h-0FFFFh -ACONST=00h-0FFFFh \
  -ASMALLCONST=01000h-010FFhx240 -AMEDIUMCONST=01000h-0FFFFh \
  -ACOMRAM=01h-05Fh -AABS1=00h-0F37h -ABIGRAM=01h-0F37h \
  -ARAM=060h-0FFh,0100h-01FFhx14,0F00h-0F37h -ABANK0=060h-0FFh \
  -ABANK1=0100h-01FFh -ABANK2=0200h-02FFh -ABANK3=0300h-03FFh \
  -ABANK4=0400h-04FFh -ABANK5=0500h-05FFh -ABANK6=0600h-06FFh \
  -ABANK7=0700h-07FFh -ABANK8=0800h-08FFh -ABANK9=0900h-09FFh \
  -ABANK10=0A00h-0AFFh -ABANK11=0B00h-0BFFh -ABANK12=0C00h-0CFFh \
  -ABANK13=0D00h-0DFFh -ABANK14=0E00h-0EFFh -ABANK15=0F00h-0F37h \
  -ASFR=0F38h-0F5Fh,0F60h-0FFFh \
  -preset_vec=00h,intcode=08h,intcodelo=018h,powerup,init,end_init \
  -pramtop=01000h -psmallconst=SMALLCONST -pmediumconst=MEDIUMCONST \
  -pconst=CONST -AFARRAM=00h-00h -ACONFIG=0300000h-030000Dh -pconfig=CONFIG \
  -AIDLOC=0200000h-0200007h -pidloc=IDLOC -AEEDATA=0F00000h-0F003FFh \
  -peeprom_data=EEDATA \
  -prdata=COMRAM,nvrram=COMRAM,nvbit=COMRAM,rbss=COMRAM,rbit=COMRAM \
  -pfarbss=FARRAM,fardata=FARRAM,nvFARRAM=FARRAM \
  -pintsave_regs=BIGRAM,bigbss=BIGRAM,bigdata=BIGRAM -pbss=RAM \
  -pidata=CODE,irdata=CODE,ibigdata=CODE,ifardata=CODE \
  C:\WINDOWS\Temp\s6v4.obj \
  dist/default/production\KrasTouchPanel.X.production.obj 

Object code version is 3.11

Machine type is 18F46K22

Call graph: (short form)




                Name                               Link     Load   Length Selector   Space Scale
C:\WINDOWS\Temp\s6v4.obj
                end_init                            3F0      3F0        4        C       0
                reset_vec                             0        0        4        0       0
                config                           300000   300000        E   300000       0
dist/default/production\KrasTouchPanel.X.production.obj
                eeprom_data                      F00000   F00000      100   F00000       0
                intcodelo                            18       18      3D8        C       0
                intcode                               8        8       10        4       0
                mediumconst                        DAA6     DAA6     255A     6D53       0
                text77                             12DC     12DC      22E        C       0
                text76                             2CD8     2CD8       AA        C       0
                text75                             1A68     1A68      18E        C       0
                text74                             204C     204C      150        C       0
                intcode_body                       328C     328C       72        C       0
                text72                             3BE4     3BE4       10        C       0
                text71                             3BD4     3BD4       10        C       0
                text70                             3436     3436       60        C       0
                text69                             3BF4     3BF4        E        C       0
                text68                             365C     365C       50        C       0
                text67                             35AC     35AC       5A        C       0
                text66                             3C0E     3C0E        C        C       0
                text65                             3B2A     3B2A       22        C       0
                text64                             3B04     3B04       26        C       0
                text63                             3C1A     3C1A        6        C       0
                text62                             386C     386C       44        C       0
                text61                             39EE     39EE       2C        C       0
                text60                             3606     3606       56        C       0
                text59                             3C02     3C02        C        C       0
                text58                             3ADE     3ADE       26        C       0
                text56                             38B0     38B0       3E        C       0
                text55                             3B88     3B88       1C        C       0
                text54                             308C     308C       8C        C       0
                text53                             1BF6     1BF6      180        C       0
                text52                             3B6A     3B6A       1E        C       0
                text51                             109C     109C      240        C       0
                text50                             3AB8     3AB8       26        C       0
                text49                             39C0     39C0       2E        C       0
                text48                             3A92     3A92       26        C       0
                text47                             34F4     34F4       5E        C       0
                text46                             336C     336C       68        C       0
                text45                             3826     3826       46        C       0
                text44                             3552     3552       5A        C       0
                text43                             36AC     36AC       4E        C       0
                text42                             268E     268E      110        C       0
                text41                             242A     242A      134        C       0
                text40                             32FE     32FE       6E        C       0
                text39                             319C     319C       7A        C       0
                text38                             3A1A     3A1A       2A        C       0
                text37                             3990     3990       30        C       0
                text36                             37DC     37DC       4A        C       0
                text35                             2F62     2F62       96        C       0
                text34                             3496     3496       5E        C       0
                text33                             3746     3746       4C        C       0
                text32                             3A6C     3A6C       26        C       0
                text31                             2C1A     2C1A       BE        C       0
                text30                             18CC     18CC      19C        C       0
                text29                             38EE     38EE       3C        C       0
                text28                             2B58     2B58       C2        C       0
                text27                             3216     3216       76        C       0
                text26                             33D4     33D4       62        C       0
                text25                             3960     3960       30        C       0
                text24                             28A6     28A6      106        C       0
                text23                             29AC     29AC       DE        C       0
                text22                             279E     279E      108        C       0
                text21                             392A     392A       36        C       0
                text20                             3A44     3A44       28        C       0
                text19                             170A     170A      1C2        C       0
                text18                             3B4C     3B4C       1E        C       0
                text17                             2FF8     2FF8       94        C       0
                text16                             3118     3118       84        C       0
                text15                              DD0      DD0      2CC        C       0
                text14                              3F4      3F4      9DC        C       0
                text13                             1EF0     1EF0      15C        C       0
                text12                             3792     3792       4A        C       0
                text11                             3BBC     3BBC       18        C       0
                text10                             2ECA     2ECA       98        C       0
                text9                              2D82     2D82       A6        C       0
                text8                              2A8A     2A8A       CE        C       0
                text7                              219C     219C      148        C       0
                text6                              36FA     36FA       4C        C       0
                text5                              1D76     1D76      17A        C       0
                text4                              3BA4     3BA4       18        C       0
                text3                              150A     150A      200        C       0
                text2                              3C28     3C28        4        C       0
                text1                              22E4     22E4      146        C       0
                text0                              255E     255E      130        C       0
                cstackCOMRAM                         27       27       23        1       1
                cstackBANK0                          60       60       4E       60       1
                cstackBANK1                         1B5      1B5       42      100       1
                cstackBANK2                         2B0      2B0       28      200       1
                bssBIGRAM                           400      400      160      400       1
                bssBANK3                            300      300      100      300       1
                bssBANK2                            200      200       B0      200       1
                dataBANK1                           1F7      1F7        4      100       1
                bssBANK1                            100      100       B5      100       1
                dataBANK0                            D5       D5        4       60       1
                bssBANK0                             AE       AE       27       60       1
                bssCOMRAM                             1        1       26        1       1
                cinit                              2E28     2E28       A2        C       0
                idataBANK1                         3C24     3C24        4        C       0
                idataBANK0                         3C20     3C20        4        C       0

TOTAL           Name                               Link     Load   Length     Space
        CLASS   STACK          

        CLASS   CODE           
                end_init                            3F0      3F0        4         0
                intcodelo                            18       18      3D8         0
                intcode                               8        8       10         0
                reset_vec                             0        0        4         0
                text77                             12DC     12DC      22E         0
                text76                             2CD8     2CD8       AA         0
                text75                             1A68     1A68      18E         0
                text74                             204C     204C      150         0
                intcode_body                       328C     328C       72         0
                text72                             3BE4     3BE4       10         0
                text71                             3BD4     3BD4       10         0
                text70                             3436     3436       60         0
                text69                             3BF4     3BF4        E         0
                text68                             365C     365C       50         0
                text67                             35AC     35AC       5A         0
                text66                             3C0E     3C0E        C         0
                text65                             3B2A     3B2A       22         0
                text64                             3B04     3B04       26         0
                text63                             3C1A     3C1A        6         0
                text62                             386C     386C       44         0
                text61                             39EE     39EE       2C         0
                text60                             3606     3606       56         0
                text59                             3C02     3C02        C         0
                text58                             3ADE     3ADE       26         0
                text56                             38B0     38B0       3E         0
                text55                             3B88     3B88       1C         0
                text54                             308C     308C       8C         0
                text53                             1BF6     1BF6      180         0
                text52                             3B6A     3B6A       1E         0
                text51                             109C     109C      240         0
                text50                             3AB8     3AB8       26         0
                text49                             39C0     39C0       2E         0
                text48                             3A92     3A92       26         0
                text47                             34F4     34F4       5E         0
                text46                             336C     336C       68         0
                text45                             3826     3826       46         0
                text44                             3552     3552       5A         0
                text43                             36AC     36AC       4E         0
                text42                             268E     268E      110         0
                text41                             242A     242A      134         0
                text40                             32FE     32FE       6E         0
                text39                             319C     319C       7A         0
                text38                             3A1A     3A1A       2A         0
                text37                             3990     3990       30         0
                text36                             37DC     37DC       4A         0
                text35                             2F62     2F62       96         0
                text34                             3496     3496       5E         0
                text33                             3746     3746       4C         0
                text32                             3A6C     3A6C       26         0
                text31                             2C1A     2C1A       BE         0
                text30                             18CC     18CC      19C         0
                text29                             38EE     38EE       3C         0
                text28                             2B58     2B58       C2         0
                text27                             3216     3216       76         0
                text26                             33D4     33D4       62         0
                text25                             3960     3960       30         0
                text24                             28A6     28A6      106         0
                text23                             29AC     29AC       DE         0
                text22                             279E     279E      108         0
                text21                             392A     392A       36         0
                text20                             3A44     3A44       28         0
                text19                             170A     170A      1C2         0
                text18                             3B4C     3B4C       1E         0
                text17                             2FF8     2FF8       94         0
                text16                             3118     3118       84         0
                text15                              DD0      DD0      2CC         0
                text14                              3F4      3F4      9DC         0
                text13                             1EF0     1EF0      15C         0
                text12                             3792     3792       4A         0
                text11                             3BBC     3BBC       18         0
                text10                             2ECA     2ECA       98         0
                text9                              2D82     2D82       A6         0
                text8                              2A8A     2A8A       CE         0
                text7                              219C     219C      148         0
                text6                              36FA     36FA       4C         0
                text5                              1D76     1D76      17A         0
                text4                              3BA4     3BA4       18         0
                text3                              150A     150A      200         0
                text2                              3C28     3C28        4         0
                text1                              22E4     22E4      146         0
                text0                              255E     255E      130         0
                cinit                              2E28     2E28       A2         0
                idataBANK1                         3C24     3C24        4         0
                idataBANK0                         3C20     3C20        4         0

        CLASS   CONST          

        CLASS   SMALLCONST     

        CLASS   MEDIUMCONST    
                mediumconst                        DAA6     DAA6     255A         0

        CLASS   COMRAM         
                cstackCOMRAM                         27       27       23         1
                bssCOMRAM                             1        1       26         1

        CLASS   ABS1           

        CLASS   BIGRAM         
                bssBIGRAM                           400      400      160         1

        CLASS   RAM            

        CLASS   BANK0          
                cstackBANK0                          60       60       4E         1
                dataBANK0                            D5       D5        4         1
                bssBANK0                             AE       AE       27         1

        CLASS   BANK1          
                cstackBANK1                         1B5      1B5       42         1
                dataBANK1                           1F7      1F7        4         1
                bssBANK1                            100      100       B5         1

        CLASS   BANK2          
                cstackBANK2                         2B0      2B0       28         1
                bssBANK2                            200      200       B0         1

        CLASS   BANK3          
                bssBANK3                            300      300      100         1

        CLASS   BANK4          

        CLASS   BANK5          

        CLASS   BANK6          

        CLASS   BANK7          

        CLASS   BANK8          

        CLASS   BANK9          

        CLASS   BANK10         

        CLASS   BANK11         

        CLASS   BANK12         

        CLASS   BANK13         

        CLASS   BANK14         

        CLASS   BANK15         

        CLASS   SFR            

        CLASS   FARRAM         

        CLASS   CONFIG         
                config                           300000   300000        E         0

        CLASS   IDLOC          

        CLASS   EEDATA         
                eeprom_data                      F00000   F00000      100         0



SEGMENTS        Name                           Load    Length   Top    Selector   Space  Class

                reset_vec                      000000  000004  000004         0       0  CODE    
                bssCOMRAM                      000001  000049  00004A         1       1  COMRAM  
                intcode                        000008  000010  000018         4       0  CODE    
                intcodelo                      000018  003C14  003C2C         C       0  CODE    
                cstackBANK0                    000060  000079  0000D9        60       1  BANK0   
                bssBANK1                       000100  0000FB  0001FB       100       1  BANK1   
                bssBANK2                       000200  0000D8  0002D8       200       1  BANK2   
                bssBANK3                       000300  000100  000400       300       1  BANK3   
                bssBIGRAM                      000400  000160  000560       400       1  BIGRAM  
                mediumconst                    00DAA6  00255A  010000      6D53       0  MEDIUMCO
                config                         300000  00000E  30000E    300000       0  CONFIG  
                eeprom_data                    F00000  000100  F00100    F00000       0  EEDATA  


UNUSED ADDRESS RANGES

        Name                Unused          Largest block    Delta
        BANK0            0000D9-0000FF               27
        BANK1            0001FB-0001FF                5
        BANK10           000A00-000AFF              100
        BANK11           000B00-000BFF              100
        BANK12           000C00-000CFF              100
        BANK13           000D00-000DFF              100
        BANK14           000E00-000EFF              100
        BANK15           000F00-000F37               38
        BANK2            0002D8-0002FF               28
        BANK5            000560-0005FF               A0
        BANK6            000600-0006FF              100
        BANK7            000700-0007FF              100
        BANK8            000800-0008FF              100
        BANK9            000900-0009FF              100
        BIGRAM           00004A-00005F               16
                         0000D9-0000FF               27
                         0001FB-0001FF                5
                         0002D8-0002FF               28
                         000560-000F37              9D8
        CODE             000004-000007                4
                         003C2C-00DAA5             9E7A
        COMRAM           00004A-00005F               16
        CONST            000004-000007                4
                         003C2C-00DAA5             9E7A
        EEDATA           F00100-F003FF              300
        IDLOC            200000-200007                8
        MEDIUMCONST      003C2C-00DAA5             9E7A
        RAM              0000D9-0000FF               27
                         0001FB-0001FF                5
                         0002D8-0002FF               28
                         000560-000F37              100
        SFR              000F38-000FFF               28
        SMALLCONST       003C2C-00DAA5              100
        STACK            000A00-000F37              538

                                  Symbol Table

?_MTouchAcquisitionCVD                 cstackBANK0  000060
?___awdiv                              cstackBANK0  00008D
?___awmod                              cstackBANK0  000087
?___awtofl                             cstackBANK0  000091
?___fladd                              cstackBANK1  0001C2
?___flmul                              cstackBANK0  000096
?___flneg                              cstackBANK0  000087
?___flpack                             cstackBANK0  000087
?___flsub                              cstackBANK1  0001D1
?___fltol                              cstackBANK1  0001BA
?___lldiv                              cstackBANK0  000087
?___llmod                              cstackBANK0  000094
?___lltofl                             cstackBANK0  000091
?___wmul                               cstackBANK0  000087
?__div_to_l_                           cstackBANK0  000087
?__tdiv_to_l_                          cstackBANK0  000087
?_ds18b20_read                         cstackBANK1  0001D1
?_fround                               cstackBANK0  0000A9
?_scale                                cstackBANK0  0000A9
?_sprintf                              cstackBANK1  0001D9
BSemOn@Sem                             cstackCOMRAM 000027
Beep@ms10                              cstackBANK0  000087
DelayMs@cnt                            cstackBANK0  000087
DelayMs@i                              cstackBANK0  000088
HI_ISR@beep                            bssBANK0     0000C9
InitMessages@i                         cstackBANK0  000087
InitializeSystem@pll_startup_counter   cstackBANK0  000097
LO_ISR@i                               cstackCOMRAM 000049
LO_ISR@lcAdr                           cstackCOMRAM 000047
LO_ISR@lcData                          cstackCOMRAM 000048
LabelCreate@font                       cstackBANK1  0001BF
LabelCreate@lb                         cstackBANK1  0001BB
LabelCreate@ln                         cstackBANK1  0001C1
LabelCreate@x                          cstackBANK1  0001BD
LabelCreate@y                          cstackBANK1  0001BE
LabelSetTxt@end                        cstackBANK1  0001B9
LabelSetTxt@i                          cstackBANK1  0001BA
LabelSetTxt@lb                         cstackBANK0  0000AA
LabelSetTxt@str                        cstackBANK0  0000AC
LabelSetTxt@w                          cstackBANK1  0001B8
MTouchAcquisition@data                 cstackBANK0  000077
MTouchAcquisition@i                    cstackBANK0  00007D
MTouchAcquisition@pCurrentSensor       cstackBANK0  00007E
MTouchAcquisition@pLastSensor          cstackBANK0  000079
MTouchAcquisition@pPreviousSensor      cstackBANK0  00007B
MTouchAcquisition@startSensorNumber    bssBANK0     0000CA
MTouchAcquisitionCVD@curChannelNumber  cstackBANK0  00006B
MTouchAcquisitionCVD@curIOMask         cstackBANK0  000073
MTouchAcquisitionCVD@curLat            cstackBANK0  00006E
MTouchAcquisitionCVD@curTris           cstackBANK0  000071
MTouchAcquisitionCVD@pCurrentSensor    cstackBANK0  000060
MTouchAcquisitionCVD@pPreviousSensor   cstackBANK0  000062
MTouchAcquisitionCVD@prevChannelNumber cstackBANK0  00006A
MTouchAcquisitionCVD@prevIOMask        cstackBANK0  000070
MTouchAcquisitionCVD@prevLat           cstackBANK0  00006C
MTouchAcquisitionCVD@prevTris          cstackBANK0  000068
MTouchAcquisitionCVD@result            cstackBANK0  000066
MTouchDecodeButtons@decode             cstackBANK0  00008F
MTouchDecodeButtons@i                  cstackBANK0  00008D
MTouchDecodeButtons@pButton            cstackBANK0  000093
MTouchDecodeButtons@pMostPressedButton cstackBANK0  000090
MTouchDecodeButtons@pSensor            cstackBANK0  00008B
MTouchDecodeButtons@sensorState        cstackBANK0  000092
MTouchDecodeButtons@state              cstackBANK0  00008E
MTouchSensorDecode@delta               cstackBANK0  00006F
MTouchSensorDecode@pSensor             cstackBANK0  000069
MTouchSetButton@buttonNumber           cstackBANK0  00008B
MTouchSetButton@decode                 cstackBANK0  000088
MTouchSetButton@pButton                cstackBANK0  00008C
MTouchSetButton@sensorNumber           cstackBANK0  000087
MTouchSetSensor@channelNumber          cstackBANK0  00008C
MTouchSetSensor@chargeDelay            cstackBANK0  000091
MTouchSetSensor@ioBitNumber            cstackBANK0  00008B
MTouchSetSensor@lat                    cstackBANK0  000089
MTouchSetSensor@oversampling           cstackBANK0  00008F
MTouchSetSensor@pSensor                cstackBANK0  000095
MTouchSetSensor@sensorNumber           cstackBANK0  000094
MTouchSetSensor@threshold              cstackBANK0  00008D
MTouchSetSensor@tris                   cstackBANK0  000087
MTouchUpdateSensorAverage@pSensor      cstackBANK0  000060
MTouchUpdateSensorAverage@rate         cstackBANK0  000062
PL10                                   text19       001878
PL100                                  text15       001090
PL102                                  text30       001A4A
PL104                                  text77       0014E6
PL106                                  text42       00278C
PL108                                  text77       0014F8
PL110                                  text75       001BE4
PL112                                  text14       000DAA
PL114                                  text0        00266E
PL116                                  text0        00267E
PL118                                  text22       00287C
PL12                                   text51       0012B2
PL120                                  text7        0022C8
PL122                                  text74       00218C
PL124                                  text3        0016FA
PL126                                  text5        001ED8
PL128                                  text53       001D68
PL130                                  text7        0022D6
PL132                                  text14       000DB4
PL134                                  text14       000DC2
PL136                                  text22       00288C
PL138                                  text6        00373A
PL14                                   text14       000CD6
PL140                                  text5        001EE6
PL142                                  text22       00289A
PL144                                  text30       001A5C
PL146                                  text28       002C0E
PL148                                  text24       0029A0
PL150                                  text31       002CCC
PL152                                  text44       0035A0
PL154                                  text39       00320C
PL16                                   text14       000D12
PL18                                   text8        002B40
PL2                                    text15       000FA4
PL20                                   text19       00188A
PL22                                   text14       000D26
PL24                                   text15       000FE4
PL26                                   text15       000FFA
PL28                                   text15       00102C
PL30                                   text76       002D52
PL32                                   text15       00103A
PL34                                   text15       00104E
PL36                                   text19       001892
PL38                                   text75       001BBC
PL4                                    text15       000FBC
PL40                                   text41       00251E
PL42                                   text51       0012C0
PL44                                   text14       000D3C
PL46                                   text15       001056
PL48                                   text41       00252E
PL50                                   text41       002546
PL52                                   text9        002E10
PL54                                   text77       00149A
PL56                                   text75       001BD4
PL58                                   text51       0012CE
PL6                                    text15       000FD4
PL60                                   text77       0014AC
PL62                                   text77       0014BE
PL64                                   text19       0018A4
PL66                                   text15       001064
PL68                                   text5        001EB8
PL70                                   text15       001082
PL72                                   text14       000D4A
PL74                                   text10       002F30
PL76                                   text3        0016EC
PL78                                   text43       0036E2
PL8                                    text15       000FDC
PL80                                   text10       002F4A
PL82                                   text14       000D58
PL84                                   text14       000D70
PL86                                   text77       0014CE
PL88                                   text74       002176
PL90                                   text14       000D88
PL92                                   text34       0034DE
PL94                                   text14       000D9E
PL96                                   text19       0018B8
PL98                                   text42       002778
ProcessMessages@i                      cstackBANK0  000087
Read_b_eep@badd                        cstackCOMRAM 000027
SendMessage@Msg                        cstackCOMRAM 000027
Write_b_eep@GIE_BIT_VAL                cstackCOMRAM 00002D
Write_b_eep@badd                       cstackCOMRAM 000027
Write_b_eep@bdat                       cstackCOMRAM 000029
_ADCON0                                (abs)        000FC2
_ADCON0bits                            (abs)        000FC2
_ADCON1                                (abs)        000FC1
_ADCON2                                (abs)        000FC0
_ADCON2bits                            (abs)        000FC0
_ADRESH                                (abs)        000FC4
_ADRESL                                (abs)        000FC3
_ANSELA                                (abs)        000F38
_ANSELB                                (abs)        000F39
_ANSELC                                (abs)        000F3A
_ANSELD                                (abs)        000F3B
_ANSELE                                (abs)        000F3C
_BRG161                                (abs)        007DC3
_BRGH1                                 (abs)        007D62
_BSem                                  bssCOMRAM    00000B
_BSemOn                                text72       003BE4
_Beep                                  text4        003BA4
_BroadcastMessages                     bssBANK0     0000CB
_Busy_eep                              text63       003C1A
_CCP4CONbits                           (abs)        000F57
_CCP5CON                               (abs)        000F54
_CCPR1L                                (abs)        000FBE
_CCPR2L                                (abs)        000F67
_CCPR4L                                (abs)        000F58
_CREN1                                 (abs)        007D5C
_DC1B0                                 (abs)        007DEC
_DC1B1                                 (abs)        007DED
_DC2B0                                 (abs)        007B34
_DC2B1                                 (abs)        007B35
_DelayMs                               text38       003A1A
_EEADR                                 (abs)        000FA9
_EEADRH                                (abs)        000FAA
_EECON1bits                            (abs)        000FA6
_EECON2                                (abs)        000FA7
_EEDATA                                (abs)        000FA8
_FERR1                                 (abs)        007D5A
_GIE                                   (abs)        007F97
_HI_ISR                                intcode      000008
_INTCONbits                            (abs)        000FF2
_IPR1bits                              (abs)        000F9F
_IPR5bits                              (abs)        000F7F
_InitMessages                          text56       0038B0
_InitializeSystem                      text51       00109C
_LATA                                  (abs)        000F89
_LATAbits                              (abs)        000F89
_LATB                                  (abs)        000F8A
_LATBbits                              (abs)        000F8A
_LATC                                  (abs)        000F8B
_LATC0                                 (abs)        007C58
_LATC2                                 (abs)        007C5A
_LATC3                                 (abs)        007C5B
_LATCbits                              (abs)        000F8B
_LATD                                  (abs)        000F8C
_LATE0                                 (abs)        007C68
_LATE1                                 (abs)        007C69
_LATE2                                 (abs)        007C6A
_LO_ISR                                intcodelo    000018
_LabelCreate                           text40       0032FE
_LabelSetTxt                           text41       00242A
_MTouchAcquisition                     text74       00204C
_MTouchAcquisitionCVD                  text77       0012DC
_MTouchDecode                          text2        003C28
_MTouchDecodeButtons                   text3        00150A
_MTouchInit                            text55       003B88
_MTouchSensorDecode                    text75       001A68
_MTouchSetButton                       text54       00308C
_MTouchSetSensor                       text53       001BF6
_MTouchUpdateSensorAverage             text76       002CD8
_Messages                              bssCOMRAM    000001
_OERR1                                 (abs)        007D59
_OSCCON                                (abs)        000FD3
_OSCTUNEbits                           (abs)        000F9B
_PIE1bits                              (abs)        000F9D
_PIE5bits                              (abs)        000F7D
_PIR1bits                              (abs)        000F9E
_PIR5bits                              (abs)        000F7E
_PORTC                                 (abs)        000F82
_PORTD                                 (abs)        000F83
_PR2                                   (abs)        000FBB
_PR4                                   (abs)        000F52
_ProcessMessages                       text39       00319C
_RCIE                                  (abs)        007CED
_RCIF                                  (abs)        007CF5
_RCIP                                  (abs)        007CFD
_RCONbits                              (abs)        000FD0
_RCREG                                 (abs)        000FAE
_RX91                                  (abs)        007D5E
_Read_b_eep                            text65       003B2A
_RxBuff                                bssBANK3     000300
_RxTxBuff                              bssBANK1     00010D
_SPBRG                                 (abs)        000FAF
_SPEN1                                 (abs)        007D5F
_SREN1                                 (abs)        007D5D
_SWDTEN                                (abs)        007E88
_SYNC1                                 (abs)        007D64
_SendMessage                           text71       003BD4
_T2CONbits                             (abs)        000FBA
_T4CONbits                             (abs)        000F51
_TMR2                                  (abs)        000FBC
_TMR4                                  (abs)        000F53
_TRISA                                 (abs)        000F92
_TRISAbits                             (abs)        000F92
_TRISB                                 (abs)        000F93
_TRISBbits                             (abs)        000F93
_TRISC                                 (abs)        000F94
_TRISCbits                             (abs)        000F94
_TRISD                                 (abs)        000F95
_TRISEbits                             (abs)        000F96
_TRMT1                                 (abs)        007D61
_TX91                                  (abs)        007D66
_TXEN1                                 (abs)        007D65
_TXIE                                  (abs)        007CEC
_TXREG                                 (abs)        000FAD
_Write_b_eep                           text62       00386C
__CFG_BOREN$SBORDIS                    (abs)        000000
__CFG_BORV$190                         (abs)        000000
__CFG_CCP2MX$PORTC1                    (abs)        000000
__CFG_CCP3MX$PORTB5                    (abs)        000000
__CFG_CP0$OFF                          (abs)        000000
__CFG_CP1$OFF                          (abs)        000000
__CFG_CP2$OFF                          (abs)        000000
__CFG_CP3$OFF                          (abs)        000000
__CFG_CPB$OFF                          (abs)        000000
__CFG_CPD$OFF                          (abs)        000000
__CFG_EBTR0$OFF                        (abs)        000000
__CFG_EBTR1$OFF                        (abs)        000000
__CFG_EBTR2$OFF                        (abs)        000000
__CFG_EBTR3$OFF                        (abs)        000000
__CFG_EBTRB$OFF                        (abs)        000000
__CFG_FCMEN$OFF                        (abs)        000000
__CFG_FOSC$INTIO67                     (abs)        000000
__CFG_HFOFST$ON                        (abs)        000000
__CFG_IESO$OFF                         (abs)        000000
__CFG_LVP$OFF                          (abs)        000000
__CFG_MCLRE$EXTMCLR                    (abs)        000000
__CFG_P2BMX$PORTD2                     (abs)        000000
__CFG_PBADEN$OFF                       (abs)        000000
__CFG_PLLCFG$ON                        (abs)        000000
__CFG_PRICLKEN$ON                      (abs)        000000
__CFG_PWRTEN$OFF                       (abs)        000000
__CFG_STVREN$ON                        (abs)        000000
__CFG_T3CMX$PORTC0                     (abs)        000000
__CFG_WDTEN$SWON                       (abs)        000000
__CFG_WDTPS$32768                      (abs)        000000
__CFG_WRT0$OFF                         (abs)        000000
__CFG_WRT1$OFF                         (abs)        000000
__CFG_WRT2$OFF                         (abs)        000000
__CFG_WRT3$OFF                         (abs)        000000
__CFG_WRTB$OFF                         (abs)        000000
__CFG_WRTC$OFF                         (abs)        000000
__CFG_WRTD$OFF                         (abs)        000000
__CFG_XINST$OFF                        (abs)        000000
__HRAM                                 (abs)        000000
__Habs1                                abs1         000000
__Hbank0                               bank0        000000
__Hbank1                               bank1        000000
__Hbank10                              bank10       000000
__Hbank11                              bank11       000000
__Hbank12                              bank12       000000
__Hbank13                              bank13       000000
__Hbank14                              bank14       000000
__Hbank15                              bank15       000000
__Hbank2                               bank2        000000
__Hbank3                               bank3        000000
__Hbank4                               bank4        000000
__Hbank5                               bank5        000000
__Hbank6                               bank6        000000
__Hbank7                               bank7        000000
__Hbank8                               bank8        000000
__Hbank9                               bank9        000000
__Hbigbss                              bigbss       000000
__Hbigdata                             bigdata      000000
__Hbigram                              bigram       000000
__Hbss                                 bss          000000
__HbssBANK0                            bssBANK0     000000
__HbssBANK1                            bssBANK1     000000
__HbssBANK2                            bssBANK2     000000
__HbssBANK3                            bssBANK3     000000
__HbssBIGRAM                           bssBIGRAM    000000
__HbssCOMRAM                           bssCOMRAM    000000
__Hcinit                               cinit        000000
__Hclrtext                             clrtext      000000
__Hcomram                              comram       000000
__Hconfig                              config       30000E
__Hconst                               const        000000
__HcstackBANK0                         cstackBANK0  000000
__HcstackBANK1                         cstackBANK1  000000
__HcstackBANK2                         cstackBANK2  000000
__HcstackCOMRAM                        cstackCOMRAM 000000
__Hdata                                data         000000
__HdataBANK0                           dataBANK0    000000
__HdataBANK1                           dataBANK1    000000
__Heeprom_data                         eeprom_data  F00100
__Hend_init                            end_init     0003F4
__Hfarbss                              farbss       000000
__Hfardata                             fardata      000000
__Hibigdata                            ibigdata     000000
__Hidata                               idata        000000
__HidataBANK0                          idataBANK0   000000
__HidataBANK1                          idataBANK1   000000
__Hidloc                               idloc        000000
__Hifardata                            ifardata     000000
__Hinit                                init         0003F0
__Hintcode                             intcode      000018
__Hintcode_body                        intcode_body 000000
__Hintcodelo                           intcodelo    0003F0
__Hintentry                            intentry     000000
__Hintret                              intret       000000
__Hintsave_regs                        intsave_regs 000000
__Hirdata                              irdata       000000
__Hmediumconst                         mediumconst  010000
__HnvFARRAM                            nvFARRAM     000000
__Hnvbit                               nvbit        000000
__Hnvrram                              nvrram       000000
__Hpa_nodes                            pa_nodes     000000
__Hparam                               param0       000000
__Hparam0                              param0       000000
__Hpowerup                             powerup      0003F0
__Hram                                 ram          000000
__Hramtop                              ramtop       001000
__Hrbit                                rbit         000000
__Hrbss                                rbss         000000
__Hrdata                               rdata        000000
__Hreset_vec                           reset_vec    000004
__Hsfr                                 sfr          000000
__Hsmallconst                          smallconst   000000
__Hspace_0                             (abs)        F00100
__Hspace_1                             (abs)        000560
__Hspace_2                             (abs)        000000
__Hstack                               stack        000000
__Hstruct                              struct       000000
__Htemp                                temp         000000
__Htext                                text         000000
__Htext0                               text0        000000
__Htext1                               text1        000000
__Htext10                              text10       000000
__Htext11                              text11       000000
__Htext12                              text12       000000
__Htext13                              text13       000000
__Htext14                              text14       000000
__Htext15                              text15       000000
__Htext16                              text16       000000
__Htext17                              text17       000000
__Htext18                              text18       000000
__Htext19                              text19       000000
__Htext2                               text2        000000
__Htext20                              text20       000000
__Htext21                              text21       000000
__Htext22                              text22       000000
__Htext23                              text23       000000
__Htext24                              text24       000000
__Htext25                              text25       000000
__Htext26                              text26       000000
__Htext27                              text27       000000
__Htext28                              text28       000000
__Htext29                              text29       000000
__Htext3                               text3        000000
__Htext30                              text30       000000
__Htext31                              text31       000000
__Htext32                              text32       000000
__Htext33                              text33       000000
__Htext34                              text34       000000
__Htext35                              text35       000000
__Htext36                              text36       000000
__Htext37                              text37       000000
__Htext38                              text38       000000
__Htext39                              text39       000000
__Htext4                               text4        000000
__Htext40                              text40       000000
__Htext41                              text41       000000
__Htext42                              text42       000000
__Htext43                              text43       000000
__Htext44                              text44       000000
__Htext45                              text45       000000
__Htext46                              text46       000000
__Htext47                              text47       000000
__Htext48                              text48       000000
__Htext49                              text49       000000
__Htext5                               text5        000000
__Htext50                              text50       000000
__Htext51                              text51       000000
__Htext52                              text52       000000
__Htext53                              text53       000000
__Htext54                              text54       000000
__Htext55                              text55       000000
__Htext56                              text56       000000
__Htext58                              text58       000000
__Htext59                              text59       000000
__Htext6                               text6        000000
__Htext60                              text60       000000
__Htext61                              text61       000000
__Htext62                              text62       000000
__Htext63                              text63       000000
__Htext64                              text64       000000
__Htext65                              text65       000000
__Htext66                              text66       000000
__Htext67                              text67       000000
__Htext68                              text68       000000
__Htext69                              text69       000000
__Htext7                               text7        000000
__Htext70                              text70       000000
__Htext71                              text71       000000
__Htext72                              text72       000000
__Htext74                              text74       000000
__Htext75                              text75       000000
__Htext76                              text76       000000
__Htext77                              text77       000000
__Htext8                               text8        000000
__Htext9                               text9        000000
__LRAM                                 (abs)        000001
__Labs1                                abs1         000000
__Lbank0                               bank0        000000
__Lbank1                               bank1        000000
__Lbank10                              bank10       000000
__Lbank11                              bank11       000000
__Lbank12                              bank12       000000
__Lbank13                              bank13       000000
__Lbank14                              bank14       000000
__Lbank15                              bank15       000000
__Lbank2                               bank2        000000
__Lbank3                               bank3        000000
__Lbank4                               bank4        000000
__Lbank5                               bank5        000000
__Lbank6                               bank6        000000
__Lbank7                               bank7        000000
__Lbank8                               bank8        000000
__Lbank9                               bank9        000000
__Lbigbss                              bigbss       000000
__Lbigdata                             bigdata      000000
__Lbigram                              bigram       000000
__Lbss                                 bss          000000
__LbssBANK0                            bssBANK0     000000
__LbssBANK1                            bssBANK1     000000
__LbssBANK2                            bssBANK2     000000
__LbssBANK3                            bssBANK3     000000
__LbssBIGRAM                           bssBIGRAM    000000
__LbssCOMRAM                           bssCOMRAM    000000
__Lcinit                               cinit        000000
__Lclrtext                             clrtext      000000
__Lcomram                              comram       000000
__Lconfig                              config       300000
__Lconst                               const        000000
__LcstackBANK0                         cstackBANK0  000000
__LcstackBANK1                         cstackBANK1  000000
__LcstackBANK2                         cstackBANK2  000000
__LcstackCOMRAM                        cstackCOMRAM 000000
__Ldata                                data         000000
__LdataBANK0                           dataBANK0    000000
__LdataBANK1                           dataBANK1    000000
__Leeprom_data                         eeprom_data  F00000
__Lend_init                            end_init     0003F0
__Lfarbss                              farbss       000000
__Lfardata                             fardata      000000
__Libigdata                            ibigdata     000000
__Lidata                               idata        000000
__LidataBANK0                          idataBANK0   000000
__LidataBANK1                          idataBANK1   000000
__Lidloc                               idloc        000000
__Lifardata                            ifardata     000000
__Linit                                init         0003F0
__Lintcode                             intcode      000008
__Lintcode_body                        intcode_body 000000
__Lintcodelo                           intcodelo    000018
__Lintentry                            intentry     000000
__Lintret                              intret       000000
__Lintsave_regs                        intsave_regs 000000
__Lirdata                              irdata       000000
__Lmediumconst                         mediumconst  00DAA6
__LnvFARRAM                            nvFARRAM     000000
__Lnvbit                               nvbit        000000
__Lnvrram                              nvrram       000000
__Lpa_nodes                            pa_nodes     000000
__Lparam                               param0       000000
__Lparam0                              param0       000000
__Lpowerup                             powerup      0003F0
__Lram                                 ram          000000
__Lramtop                              ramtop       001000
__Lrbit                                rbit         000000
__Lrbss                                rbss         000000
__Lrdata                               rdata        000000
__Lreset_vec                           reset_vec    000000
__Lsfr                                 sfr          000000
__Lsmallconst                          smallconst   000000
__Lspace_0                             (abs)        000000
__Lspace_1                             (abs)        000000
__Lspace_2                             (abs)        000000
__Lstack                               stack        000000
__Lstruct                              struct       000000
__Ltemp                                temp         000000
__Ltext                                text         000000
__Ltext0                               text0        000000
__Ltext1                               text1        000000
__Ltext10                              text10       000000
__Ltext11                              text11       000000
__Ltext12                              text12       000000
__Ltext13                              text13       000000
__Ltext14                              text14       000000
__Ltext15                              text15       000000
__Ltext16                              text16       000000
__Ltext17                              text17       000000
__Ltext18                              text18       000000
__Ltext19                              text19       000000
__Ltext2                               text2        000000
__Ltext20                              text20       000000
__Ltext21                              text21       000000
__Ltext22                              text22       000000
__Ltext23                              text23       000000
__Ltext24                              text24       000000
__Ltext25                              text25       000000
__Ltext26                              text26       000000
__Ltext27                              text27       000000
__Ltext28                              text28       000000
__Ltext29                              text29       000000
__Ltext3                               text3        000000
__Ltext30                              text30       000000
__Ltext31                              text31       000000
__Ltext32                              text32       000000
__Ltext33                              text33       000000
__Ltext34                              text34       000000
__Ltext35                              text35       000000
__Ltext36                              text36       000000
__Ltext37                              text37       000000
__Ltext38                              text38       000000
__Ltext39                              text39       000000
__Ltext4                               text4        000000
__Ltext40                              text40       000000
__Ltext41                              text41       000000
__Ltext42                              text42       000000
__Ltext43                              text43       000000
__Ltext44                              text44       000000
__Ltext45                              text45       000000
__Ltext46                              text46       000000
__Ltext47                              text47       000000
__Ltext48                              text48       000000
__Ltext49                              text49       000000
__Ltext5                               text5        000000
__Ltext50                              text50       000000
__Ltext51                              text51       000000
__Ltext52                              text52       000000
__Ltext53                              text53       000000
__Ltext54                              text54       000000
__Ltext55                              text55       000000
__Ltext56                              text56       000000
__Ltext58                              text58       000000
__Ltext59                              text59       000000
__Ltext6                               text6        000000
__Ltext60                              text60       000000
__Ltext61                              text61       000000
__Ltext62                              text62       000000
__Ltext63                              text63       000000
__Ltext64                              text64       000000
__Ltext65                              text65       000000
__Ltext66                              text66       000000
__Ltext67                              text67       000000
__Ltext68                              text68       000000
__Ltext69                              text69       000000
__Ltext7                               text7        000000
__Ltext70                              text70       000000
__Ltext71                              text71       000000
__Ltext72                              text72       000000
__Ltext74                              text74       000000
__Ltext75                              text75       000000
__Ltext76                              text76       000000
__Ltext77                              text77       000000
__Ltext8                               text8        000000
__Ltext9                               text9        000000
__S0                                   (abs)        F00100
__S1                                   (abs)        000560
__S2                                   (abs)        000000
___awdiv                               text17       002FF8
___awdiv@counter                       cstackBANK0  000091
___awdiv@dividend                      cstackBANK0  00008D
___awdiv@divisor                       cstackBANK0  00008F
___awdiv@quotient                      cstackBANK0  000093
___awdiv@sign                          cstackBANK0  000092
___awmod                               text16       003118
___awmod@counter                       cstackBANK0  00008B
___awmod@dividend                      cstackBANK0  000087
___awmod@divisor                       cstackBANK0  000089
___awmod@sign                          cstackBANK0  00008C
___awtofl                              text12       003792
___awtofl@c                            cstackBANK0  000091
___awtofl@sign                         cstackBANK0  000095
___fladd                               text30       0018CC
___fladd@exp1                          cstackBANK1  0001D0
___fladd@exp2                          cstackBANK1  0001CF
___fladd@f1                            cstackBANK1  0001C2
___fladd@f2                            cstackBANK1  0001C6
___fladd@sign                          cstackBANK1  0001CE
___flge                                text33       003746
___flge@ff1                            cstackBANK0  000087
___flge@ff2                            cstackBANK0  00008B
___flmul                               text22       00279E
___flmul@cntr                          cstackBANK0  0000A7
___flmul@exp                           cstackBANK0  0000A2
___flmul@f1                            cstackBANK0  000096
___flmul@f2                            cstackBANK0  00009A
___flmul@f3_as_product                 cstackBANK0  0000A3
___flmul@sign                          cstackBANK0  0000A8
___flneg                               text32       003A6C
___flneg@f1                            cstackBANK0  000087
___flpack                              text31       002C1A
___flpack@arg                          cstackBANK0  000087
___flpack@exp                          cstackBANK0  00008B
___flpack@sign                         cstackBANK0  00008C
___flsub                               text29       0038EE
___flsub@f1                            cstackBANK1  0001D1
___flsub@f2                            cstackBANK1  0001D5
___fltol                               text28       002B58
___fltol@exp1                          cstackBANK1  0001C3
___fltol@f1                            cstackBANK1  0001BA
___fltol@sign1                         cstackBANK1  0001C2
___gie                                 bssBANK0     0000CC
___inthi_sp                            stack        000000
___intlo_sp                            stack        000000
___lbdiv                               text21       00392A
___lbdiv@counter                       cstackBANK0  00008D
___lbdiv@dividend                      cstackBANK0  00008C
___lbdiv@divisor                       cstackBANK0  00008B
___lbdiv@quotient                      cstackBANK0  00008E
___lbmod                               text20       003A44
___lbmod@counter                       cstackBANK0  000089
___lbmod@dividend                      cstackBANK0  000088
___lbmod@divisor                       cstackBANK0  000087
___lbmod@rem                           cstackBANK0  00008A
___lldiv                               text27       003216
___lldiv@counter                       cstackBANK0  000093
___lldiv@dividend                      cstackBANK0  000087
___lldiv@divisor                       cstackBANK0  00008B
___lldiv@quotient                      cstackBANK0  00008F
___llmod                               text26       0033D4
___llmod@counter                       cstackBANK0  00009C
___llmod@dividend                      cstackBANK0  000094
___llmod@divisor                       cstackBANK0  000098
___lltofl                              text25       003960
___lltofl@c                            cstackBANK0  000091
___sp                                  stack        000000
___wmul                                text50       003AB8
___wmul@multiplicand                   cstackBANK0  000089
___wmul@multiplier                     cstackBANK0  000087
___wmul@product                        cstackBANK0  00008B
__accesstop                            (abs)        000060
__activetblptr                         (abs)        000002
__div_to_l_                            text24       0028A6
__div_to_l_@cntr                       cstackBANK0  000097
__div_to_l_@exp1                       cstackBANK0  000098
__div_to_l_@f1                         cstackBANK0  000087
__div_to_l_@f2                         cstackBANK0  00008B
__div_to_l_@quot                       cstackBANK0  000093
__end_ofPL10                           text19       00188A
__end_ofPL100                          text15       00109C
__end_ofPL102                          text30       001A5C
__end_ofPL104                          text77       0014F8
__end_ofPL106                          text42       00279E
__end_ofPL108                          text77       00150A
__end_ofPL110                          text75       001BF6
__end_ofPL112                          text14       000DB4
__end_ofPL114                          text0        00267E
__end_ofPL116                          text0        00268E
__end_ofPL118                          text22       00288C
__end_ofPL12                           text51       0012C0
__end_ofPL120                          text7        0022D6
__end_ofPL122                          text74       00219C
__end_ofPL124                          text3        00170A
__end_ofPL126                          text5        001EE6
__end_ofPL128                          text53       001D76
__end_ofPL130                          text7        0022E4
__end_ofPL132                          text14       000DC2
__end_ofPL134                          text14       000DD0
__end_ofPL136                          text22       00289A
__end_ofPL138                          text6        003746
__end_ofPL14                           text14       000D12
__end_ofPL140                          text5        001EF0
__end_ofPL142                          text22       0028A6
__end_ofPL144                          text30       001A68
__end_ofPL146                          text28       002C1A
__end_ofPL148                          text24       0029AC
__end_ofPL150                          text31       002CD8
__end_ofPL152                          text44       0035AC
__end_ofPL154                          text39       003216
__end_ofPL16                           text14       000D26
__end_ofPL18                           text8        002B58
__end_ofPL2                            text15       000FBC
__end_ofPL20                           text19       001892
__end_ofPL22                           text14       000D3C
__end_ofPL24                           text15       000FFA
__end_ofPL26                           text15       00102C
__end_ofPL28                           text15       00103A
__end_ofPL30                           text76       002D82
__end_ofPL32                           text15       00104E
__end_ofPL34                           text15       001056
__end_ofPL36                           text19       0018A4
__end_ofPL38                           text75       001BD4
__end_ofPL4                            text15       000FD4
__end_ofPL40                           text41       00252E
__end_ofPL42                           text51       0012CE
__end_ofPL44                           text14       000D4A
__end_ofPL46                           text15       001064
__end_ofPL48                           text41       002546
__end_ofPL50                           text41       00255E
__end_ofPL52                           text9        002E28
__end_ofPL54                           text77       0014AC
__end_ofPL56                           text75       001BE4
__end_ofPL58                           text51       0012DC
__end_ofPL6                            text15       000FDC
__end_ofPL60                           text77       0014BE
__end_ofPL62                           text77       0014CE
__end_ofPL64                           text19       0018B8
__end_ofPL66                           text15       001082
__end_ofPL68                           text5        001ED8
__end_ofPL70                           text15       001090
__end_ofPL72                           text14       000D58
__end_ofPL74                           text10       002F4A
__end_ofPL76                           text3        0016FA
__end_ofPL78                           text43       0036FA
__end_ofPL8                            text15       000FE4
__end_ofPL80                           text10       002F62
__end_ofPL82                           text14       000D70
__end_ofPL84                           text14       000D88
__end_ofPL86                           text77       0014E6
__end_ofPL88                           text74       00218C
__end_ofPL90                           text14       000D9E
__end_ofPL92                           text34       0034F4
__end_ofPL94                           text14       000DAA
__end_ofPL96                           text19       0018CC
__end_ofPL98                           text42       00278C
__end_of_BSemOn                        text72       003BF4
__end_of_Beep                          text4        003BBC
__end_of_Busy_eep                      text63       003C20
__end_of_DelayMs                       text38       003A44
__end_of_HI_ISR                        intcode_body 0032FE
__end_of_InitMessages                  text56       0038EE
__end_of_InitializeSystem              text51       0012B2
__end_of_LO_ISR                        intcodelo    0003F0
__end_of_LabelCreate                   text40       00336C
__end_of_LabelSetTxt                   text41       00251E
__end_of_MTouchAcquisition             text74       002176
__end_of_MTouchAcquisitionCVD          text77       00149A
__end_of_MTouchDecode                  text2        003C2C
__end_of_MTouchDecodeButtons           text3        0016EC
__end_of_MTouchInit                    text55       003BA4
__end_of_MTouchSensorDecode            text75       001BBC
__end_of_MTouchSetButton               text54       003118
__end_of_MTouchSetSensor               text53       001D68
__end_of_MTouchUpdateSensorAverage     text76       002D52
__end_of_ProcessMessages               text39       00320C
__end_of_Read_b_eep                    text65       003B4C
__end_of_SendMessage                   text71       003BE4
__end_of_Write_b_eep                   text62       0038B0
__end_of___awdiv                       text17       00308C
__end_of___awmod                       text16       00319C
__end_of___awtofl                      text12       0037DC
__end_of___fladd                       text30       001A4A
__end_of___flge                        text33       003792
__end_of___flmul                       text22       00287C
__end_of___flneg                       text32       003A92
__end_of___flpack                      text31       002CCC
__end_of___flsub                       text29       00392A
__end_of___fltol                       text28       002C0E
__end_of___lbdiv                       text21       003960
__end_of___lbmod                       text20       003A6C
__end_of___lldiv                       text27       00328C
__end_of___llmod                       text26       003436
__end_of___lltofl                      text25       003990
__end_of___wmul                        text50       003ADE
__end_of__div_to_l_                    text24       0029A0
__end_of__initialization               cinit        002EC0
__end_of__npowers_                     mediumconst  00DCDB
__end_of__powers_                      mediumconst  00DD0F
__end_of__stringdata                   mediumconst  00FFFE
__end_of__tdiv_to_l_                   text23       002A8A
__end_of_crc_mb                        text68       0036AC
__end_of_crc_mb_calc                   text70       003496
__end_of_crc_mb_check                  text67       003606
__end_of_crc_mb_init                   text69       003C02
__end_of_dpowers                       mediumconst  00FFC6
__end_of_ds18b20_read                  text7        0022C8
__end_of_ds18b20_start                 text6        00373A
__end_of_dscrc_table                   mediumconst  00DBA7
__end_of_eedata                        mediumconst  00DCA7
__end_of_font13                        mediumconst  00FF9E
__end_of_font23                        mediumconst  00F452
__end_of_fround                        text19       001878
__end_of_getbyte                       text59       003C0E
__end_of_init_1wire                    text10       002F30
__end_of_isdigit                       text18       003B6A
__end_of_ks0108ClearDot                text44       0035A0
__end_of_ks0108Enable                  text49       0039EE
__end_of_ks0108Fill                    text37       0039C0
__end_of_ks0108GotoXY                  text47       003552
__end_of_ks0108Init                    text36       003826
__end_of_ks0108Line                    text35       002FF8
__end_of_ks0108PutChar                 text42       002778
__end_of_ks0108ReadData                text46       0033D4
__end_of_ks0108Rect                    text34       0034DE
__end_of_ks0108SetDot                  text43       0036E2
__end_of_ks0108WriteCommand            text48       003AB8
__end_of_ks0108WriteData               text45       00386C
__end_of_main                          text0        00266E
__end_of_ow_delay                      text11       003BD4
__end_of_putbyte                       text66       003C1A
__end_of_read_1wire                    text9        002E10
__end_of_read___ee                     text64       003B2A
__end_of_scale                         text15       000FA4
__end_of_set_ee_default                text60       00365C
__end_of_sprintf                       text14       000CD6
__end_of_timed_getc                    text58       003B04
__end_of_tsk_display                   text13       00204C
__end_of_tsk_ds18b20                   text5        001EB8
__end_of_tsk_process_btn               text1        00242A
__end_of_uart16_init                   text52       003B88
__end_of_write_1wire                   text8        002B40
__end_of_write___ee                    text61       003A1A
__initialization                       cinit        002E28
__mediumconst                          mediumconst  00DAA6
__npowers_                             mediumconst  00DCA7
__pbssBANK0                            bssBANK0     0000AE
__pbssBANK1                            bssBANK1     000100
__pbssBANK2                            bssBANK2     000200
__pbssBANK3                            bssBANK3     000300
__pbssBIGRAM                           bssBIGRAM    000400
__pbssCOMRAM                           bssCOMRAM    000001
__pcinit                               cinit        002E28
__pcstackBANK0                         cstackBANK0  000060
__pcstackBANK1                         cstackBANK1  0001B5
__pcstackBANK2                         cstackBANK2  0002B0
__pcstackCOMRAM                        cstackCOMRAM 000027
__pdataBANK0                           dataBANK0    0000D5
__pdataBANK1                           dataBANK1    0001F7
__pidataBANK0                          idataBANK0   003C20
__pidataBANK1                          idataBANK1   003C24
__pintcode                             intcode      000008
__pintcode_body                        intcode_body 00328C
__pintcodelo                           intcodelo    000018
__pmediumconst                         mediumconst  00DAA6
__powers_                              mediumconst  00DCDB
__ptext0                               text0        00255E
__ptext1                               text1        0022E4
__ptext10                              text10       002ECA
__ptext11                              text11       003BBC
__ptext12                              text12       003792
__ptext13                              text13       001EF0
__ptext14                              text14       0003F4
__ptext15                              text15       000DD0
__ptext16                              text16       003118
__ptext17                              text17       002FF8
__ptext18                              text18       003B4C
__ptext19                              text19       00170A
__ptext2                               text2        003C28
__ptext20                              text20       003A44
__ptext21                              text21       00392A
__ptext22                              text22       00279E
__ptext23                              text23       0029AC
__ptext24                              text24       0028A6
__ptext25                              text25       003960
__ptext26                              text26       0033D4
__ptext27                              text27       003216
__ptext28                              text28       002B58
__ptext29                              text29       0038EE
__ptext3                               text3        00150A
__ptext30                              text30       0018CC
__ptext31                              text31       002C1A
__ptext32                              text32       003A6C
__ptext33                              text33       003746
__ptext34                              text34       003496
__ptext35                              text35       002F62
__ptext36                              text36       0037DC
__ptext37                              text37       003990
__ptext38                              text38       003A1A
[...]
 This function calls:
		_MTouchAcquisition
 This function is called by:
		Interrupt level 2
 This function uses a non-reentrant model


 *************** function _MTouchAcquisition *****************
 Defined at:
		line 249 in file "../lib/mTouchCap/mTouchSensor.c"
 Parameters:    Size  Location     Type
		None
 Auto vars:     Size  Location     Type
  pCurrentSens    2   30[BANK0 ] PTR struct tag_SENSOR
		 -> sensors(352), 
  pPreviousSen    2   27[BANK0 ] PTR struct tag_SENSOR
		 -> sensors(352), 
  pLastSensor     2   25[BANK0 ] PTR struct tag_SENSOR
		 -> sensors(352), 
  data            2   23[BANK0 ] short 
  i               1   29[BANK0 ] unsigned char 
 Return value:  Size  Location     Type
		None               void
 Registers used:
		wreg, fsr1l, fsr1h, fsr2l, fsr2h, status,2, status,0, prodl, prodh, cstack
 Tracked objects:
		On entry : 
		On exit  : 
		Unchanged: 
 Data sizes:     COMRAM   BANK0   BANK1   BANK2   BANK3   BANK4   BANK5   BANK6   BANK7   BANK8   BANK9  BANK10  BANK11  BANK12  BANK13  BANK14  BANK15
      Params:         0       0       0       0       0       0       0       0       0       0       0       0       0       0       0       0       0
      Locals:         0       9       0       0       0       0       0       0       0       0       0       0       0       0       0       0       0
      Temps:          0       3       0       0       0       0       0       0       0       0       0       0       0       0       0       0       0
      Totals:         0      12       0       0       0       0       0       0       0       0       0       0       0       0       0       0       0
Total ram usage:       12 bytes
 Hardware stack levels used:    1
 Hardware stack levels required when called:    2
 This function calls:
		_MTouchAcquisitionCVD
		_MTouchSensorDecode
 This function is called by:
		_HI_ISR
 This function uses a non-reentrant model


 *************** function _MTouchSensorDecode *****************
 Defined at:
		line 136 in file "../lib/mTouchCap/mTouchSensor.c"
 Parameters:    Size  Location     Type
  pSensor         2    9[BANK0 ] PTR struct tag_SENSOR
		 -> sensors(352), 
 Auto vars:     Size  Location     Type
  delta           2   15[BANK0 ] short 
 Return value:  Size  Location     Type
		None               void
 Registers used:
		wreg, fsr1l, fsr1h, fsr2l, fsr2h, status,2, status,0, prodl, cstack
 Tracked objects:
		On entry : 
		On exit  : 
		Unchanged: 
 Data sizes:     COMRAM   BANK0   BANK1   BANK2   BANK3   BANK4   BANK5   BANK6   BANK7   BANK8   BANK9  BANK10  BANK11  BANK12  BANK13  BANK14  BANK15
      Params:         0       2       0       0       0       0       0       0       0       0       0       0       0       0       0       0       0
      Locals:         0       2       0       0       0       0       0       0       0       0       0       0       0       0       0       0       0
      Temps:          0       4       0       0       0       0       0       0       0       0       0       0       0       0       0       0       0
      Totals:         0       8       0       0       0       0       0       0       0       0       0       0       0       0       0       0       0
Total ram usage:        8 bytes
 Hardware stack levels used:    1
 Hardware stack levels required when called:    1
 This function calls:
		_MTouchUpdateSensorAverage
 This function is called by:
		_MTouchAcquisition
 This function uses a non-reentrant model


 *************** function _MTouchUpdateSensorAverage *****************
 Defined at:
		line 214 in file "../lib/mTouchCap/mTouchSensor.c"
 Parameters:    Size  Location     Type
  pSensor         2    0[BANK0 ] PTR struct tag_SENSOR
		 -> sensors(352), 
  rate            2    2[BANK0 ] unsigned short 
 Auto vars:     Size  Location     Type
		None
 Return value:  Size  Location     Type
		None               void
 Registers used:
		wreg, fsr2l, fsr2h, status,2, status,0
 Tracked objects:
		On entry : 
		On exit  : 
		Unchanged: 
 Data sizes:     COMRAM   BANK0   BANK1   BANK2   BANK3   BANK4   BANK5   BANK6   BANK7   BANK8   BANK9  BANK10  BANK11  BANK12  BANK13  BANK14  BANK15
      Params:         0       4       0       0       0       0       0       0       0       0       0       0       0       0       0       0       0
      Locals:         0       0       0       0       0       0       0       0       0       0       0       0       0       0       0       0       0
      Temps:          0       5       0       0       0       0       0       0       0       0       0       0       0       0       0       0       0
      Totals:         0       9       0       0       0       0       0       0       0       0       0       0       0       0       0       0       0
Total ram usage:        9 bytes
 Hardware stack levels used:    1
 This function calls:
		Nothing
 This function is called by:
		_MTouchSensorDecode
 This function uses a non-reentrant model


 *************** function _MTouchAcquisitionCVD *****************
 Defined at:
		line 121 in file "../lib/mTouchCap/mTouchAcquistion.c"
 Parameters:    Size  Location     Type
  pCurrentSens    2    0[BANK0 ] PTR struct tag_SENSOR
		 -> sensors(352), 
  pPreviousSen    2    2[BANK0 ] PTR struct tag_SENSOR
		 -> sensors(352), 
 Auto vars:     Size  Location     Type
  curTris         2   17[BANK0 ] PTR volatile unsigned ch
		 -> TRISA(1), TRISB(1), 
  curLat          2   14[BANK0 ] PTR volatile unsigned ch
		 -> LATA(1), LATB(1), 
  prevLat         2   12[BANK0 ] PTR volatile unsigned ch
		 -> LATA(1), LATB(1), 
  prevTris        2    8[BANK0 ] PTR volatile unsigned ch
		 -> TRISA(1), TRISB(1), 
  result          2    6[BANK0 ] short 
  curIOMask       1   19[BANK0 ] unsigned char 
  prevIOMask      1   16[BANK0 ] unsigned char 
  curChannelNu    1   11[BANK0 ] unsigned char 
  prevChannelN    1   10[BANK0 ] unsigned char 
 Return value:  Size  Location     Type
                  2    0[BANK0 ] short 
 Registers used:
		wreg, fsr2l, fsr2h, status,2, status,0
 Tracked objects:
		On entry : 
		On exit  : 
		Unchanged: 
 Data sizes:     COMRAM   BANK0   BANK1   BANK2   BANK3   BANK4   BANK5   BANK6   BANK7   BANK8   BANK9  BANK10  BANK11  BANK12  BANK13  BANK14  BANK15
      Params:         0       4       0       0       0       0       0       0       0       0       0       0       0       0       0       0       0
      Locals:         0      14       0       0       0       0       0       0       0       0       0       0       0       0       0       0       0
      Temps:          0       2       0       0       0       0       0       0       0       0       0       0       0       0       0       0       0
      Totals:         0      20       0       0       0       0       0       0       0       0       0       0       0       0       0       0       0
Total ram usage:       20 bytes
 Hardware stack levels used:    1
 This function calls:
		Nothing
 This function is called by:
		_MTouchAcquisition
 This function uses a non-reentrant model



MODULE INFORMATION

Module		Function		Class		Link	Load	Size
C:\Program Files (x86)\Microchip\xc8\v1.33\sources\common\flsub.c
		___flsub       		CODE           	38EE	0000	60

C:\Program Files (x86)\Microchip\xc8\v1.33\sources\common\flsub.c estimated size: 60

C:\Program Files (x86)\Microchip\xc8\v1.33\sources\pic18\plib\EEP\write_B.c
		_Write_b_eep   		CODE           	386C	0000	68

C:\Program Files (x86)\Microchip\xc8\v1.33\sources\pic18\plib\EEP\write_B.c estimated size: 68

../isr.c
		_HI_ISR        		CODE           	0008	0000	13046
		_LO_ISR        		CODE           	0018	0000	984
		_Beep          		CODE           	3BA4	0000	24

../isr.c estimated size: 14054

../lib/messages.c
		_ProcessMessage		CODE           	319C	0000	112
		_SendMessage   		CODE           	3BD4	0000	16
		_BSemOn        		CODE           	3BE4	0000	16
		_InitMessages  		CODE           	38B0	0000	62

../lib/messages.c estimated size: 206

C:\Program Files (x86)\Microchip\xc8\v1.33\sources\common\doprnt.c
		_scale         		CODE           	0DD0	0000	468
		_sprintf       		CODE           	03F4	0000	2274
		_fround        		CODE           	170A	0000	366

C:\Program Files (x86)\Microchip\xc8\v1.33\sources\common\doprnt.c estimated size: 3108

C:\Program Files (x86)\Microchip\xc8\v1.33\sources\common\lltofl.c
		___lltofl      		CODE           	3960	0000	48

C:\Program Files (x86)\Microchip\xc8\v1.33\sources\common\lltofl.c estimated size: 48

C:\Program Files (x86)\Microchip\xc8\v1.33\sources\common\ftdivl.c
		__tdiv_to_l_   		CODE           	29AC	0000	222

C:\Program Files (x86)\Microchip\xc8\v1.33\sources\common\ftdivl.c estimated size: 222

C:\Program Files (x86)\Microchip\xc8\v1.33\sources\pic18\plib\EEP\busy_eep.c
		_Busy_eep      		CODE           	3C1A	0000	6

C:\Program Files (x86)\Microchip\xc8\v1.33\sources\pic18\plib\EEP\busy_eep.c estimated size: 6

../lib/ks0108.c
		_ks0108Enable  		CODE           	39C0	0000	46
		_ks0108ReadData		CODE           	336C	0000	104
		_ks0108GotoXY  		CODE           	34F4	0000	94
		_LabelSetTxt   		CODE           	242A	0000	244
		_ks0108SetDot  		CODE           	36AC	0000	54
		_ks0108Fill    		CODE           	3990	0000	48
		_ks0108PutChar 		CODE           	268E	0000	234
		_ks0108Init    		CODE           	37DC	0000	74
		_ks0108WriteCom		CODE           	3A92	0000	38
		_ks0108Line    		CODE           	2F62	0000	150
		_ks0108ClearDot		CODE           	3552	0000	78
		_ks0108WriteDat		CODE           	3826	0000	70
		_ks0108Rect    		CODE           	3496	0000	72
		_LabelCreate   		CODE           	32FE	0000	110

../lib/ks0108.c estimated size: 1416

C:\Program Files (x86)\Microchip\xc8\v1.33\sources\common\awmod.c
		___awmod       		CODE           	3118	0000	132

C:\Program Files (x86)\Microchip\xc8\v1.33\sources\common\awmod.c estimated size: 132

C:\Program Files (x86)\Microchip\xc8\v1.33\sources\common\Umul16.c
		___wmul        		CODE           	3AB8	0000	38

C:\Program Files (x86)\Microchip\xc8\v1.33\sources\common\Umul16.c estimated size: 38

C:\Program Files (x86)\Microchip\xc8\v1.33\sources\common\llmod.c
		___llmod       		CODE           	33D4	0000	98

C:\Program Files (x86)\Microchip\xc8\v1.33\sources\common\llmod.c estimated size: 98

C:\Program Files (x86)\Microchip\xc8\v1.33\sources\common\flmul.c
		___flmul       		CODE           	279E	0000	222

C:\Program Files (x86)\Microchip\xc8\v1.33\sources\common\flmul.c estimated size: 222

../Main.c
		_tsk_display   		CODE           	1EF0	0000	348
		_tsk_ds18b20   		CODE           	1D76	0000	322
		_main          		CODE           	255E	0000	272
		_tsk_process_bt		CODE           	22E4	0000	326

../Main.c estimated size: 1268

../lib/ow.c
		_write_1wire   		CODE           	2A8A	0000	182
		_init_1wire    		CODE           	2ECA	0000	102
		_read_1wire    		CODE           	2D82	0000	142
		_ds18b20_read  		CODE           	219C	0000	300
		_ow_delay      		CODE           	3BBC	0000	24
		_ds18b20_start 		CODE           	36FA	0000	64

../lib/ow.c estimated size: 814

C:\Program Files (x86)\Microchip\xc8\v1.33\sources\common\fldivl.c
		__div_to_l_    		CODE           	28A6	0000	250

C:\Program Files (x86)\Microchip\xc8\v1.33\sources\common\fldivl.c estimated size: 250

../lib/mTouchCap/mTouchAcquistion.c
		_MTouchAcquisit		CODE           	12DC	0000	446

../lib/mTouchCap/mTouchAcquistion.c estimated size: 446

C:\Program Files (x86)\Microchip\xc8\v1.33\sources\common\awdiv.c
		___awdiv       		CODE           	2FF8	0000	148

C:\Program Files (x86)\Microchip\xc8\v1.33\sources\common\awdiv.c estimated size: 148

C:\Program Files (x86)\Microchip\xc8\v1.33\sources\pic18\plib\EEP\read_B.c
		_Read_b_eep    		CODE           	3B2A	0000	34

C:\Program Files (x86)\Microchip\xc8\v1.33\sources\pic18\plib\EEP\read_B.c estimated size: 34

C:\Program Files (x86)\Microchip\xc8\v1.33\sources\common\fltol.c
		___fltol       		CODE           	2B58	0000	182

C:\Program Files (x86)\Microchip\xc8\v1.33\sources\common\fltol.c estimated size: 182

C:\Program Files (x86)\Microchip\xc8\v1.33\sources\common\lbmod.c
		___lbmod       		CODE           	3A44	0000	40

C:\Program Files (x86)\Microchip\xc8\v1.33\sources\common\lbmod.c estimated size: 40

C:\Program Files (x86)\Microchip\xc8\v1.33\sources\common\lldiv.c
		___lldiv       		CODE           	3216	0000	118

C:\Program Files (x86)\Microchip\xc8\v1.33\sources\common\lldiv.c estimated size: 118

shared
		PL12           		CODE           	12B2	0000	14
		PL50           		CODE           	2546	0000	24
		PL8            		CODE           	0FDC	0000	8
		PL22           		CODE           	0D26	0000	22
		PL60           		CODE           	14AC	0000	18
		PL100          		CODE           	1090	0000	12
		PL32           		CODE           	103A	0000	20
		PL70           		CODE           	1082	0000	14
		PL42           		CODE           	12C0	0000	14
		PL80           		CODE           	2F4A	0000	24
		PL110          		CODE           	1BE4	0000	18
		PL14           		CODE           	0CD6	0000	60
		PL52           		CODE           	2E10	0000	24
		PL90           		CODE           	0D88	0000	22
		PL24           		CODE           	0FE4	0000	22
		PL62           		CODE           	14BE	0000	16
		PL120          		CODE           	22C8	0000	14
		PL34           		CODE           	104E	0000	8
		PL72           		CODE           	0D4A	0000	14
		__stringdata   		MEDIUMCONST    	FFC6	0000	56
		PL44           		CODE           	0D3C	0000	14
		PL82           		CODE           	0D58	0000	24
		PL130          		CODE           	22D6	0000	14
		PL16           		CODE           	0D12	0000	20
		PL54           		CODE           	149A	0000	18
		PL92           		CODE           	34DE	0000	22
		PL26           		CODE           	0FFA	0000	50
		PL64           		CODE           	18A4	0000	20
		__powers_      		MEDIUMCONST    	DCDB	0000	52
		_dscrc_table   		MEDIUMCONST    	DAA7	0000	256
		PL102          		CODE           	1A4A	0000	18
		PL140          		CODE           	1EE6	0000	10
		PL36           		CODE           	1892	0000	18
		PL74           		CODE           	2F30	0000	26
		_font13        		MEDIUMCONST    	F452	0000	2892
		PL46           		CODE           	1056	0000	14
		PL84           		CODE           	0D70	0000	24
		_dpowers       		MEDIUMCONST    	FF9E	0000	40
		PL112          		CODE           	0DAA	0000	10
		PL150          		CODE           	2CCC	0000	12
		PL18           		CODE           	2B40	0000	24
		PL56           		CODE           	1BD4	0000	16
		PL94           		CODE           	0D9E	0000	12
		_eedata        		MEDIUMCONST    	DBA7	0000	256
		PL28           		CODE           	102C	0000	14
		PL66           		CODE           	1064	0000	30
		PL122          		CODE           	218C	0000	16
		PL38           		CODE           	1BBC	0000	24
		PL76           		CODE           	16EC	0000	14
		PL48           		CODE           	252E	0000	24
		PL86           		CODE           	14CE	0000	24
		PL132          		CODE           	0DB4	0000	14
		PL58           		CODE           	12CE	0000	14
		PL96           		CODE           	18B8	0000	20
		PL68           		CODE           	1EB8	0000	32
		PL104          		CODE           	14E6	0000	18
		PL142          		CODE           	289A	0000	12
		PL78           		CODE           	36E2	0000	24
		_font23        		MEDIUMCONST    	DD0F	0000	5955
		PL88           		CODE           	2176	0000	22
		PL114          		CODE           	266E	0000	16
		PL152          		CODE           	35A0	0000	12
		PL98           		CODE           	2778	0000	20
		__npowers_     		MEDIUMCONST    	DCA7	0000	52
		PL124          		CODE           	16FA	0000	16
		__initializatio		CODE           	2E28	0000	152
		PL134          		CODE           	0DC2	0000	14
		PL106          		CODE           	278C	0000	18
		PL144          		CODE           	1A5C	0000	12
		PL116          		CODE           	267E	0000	16
		PL154          		CODE           	320C	0000	10
		PL126          		CODE           	1ED8	0000	14
		PL136          		CODE           	288C	0000	14
		PL108          		CODE           	14F8	0000	18
		PL146          		CODE           	2C0E	0000	12
		PL118          		CODE           	287C	0000	16
		PL128          		CODE           	1D68	0000	14
		PL138          		CODE           	373A	0000	12
		PL2            		CODE           	0FA4	0000	24
		PL148          		CODE           	29A0	0000	12
		PL10           		CODE           	1878	0000	18
		PL4            		CODE           	0FBC	0000	24
		PL20           		CODE           	188A	0000	8
		PL30           		CODE           	2D52	0000	48
		PL6            		CODE           	0FD4	0000	8
		PL40           		CODE           	251E	0000	16

shared estimated size: 11139

../lib/mTouchCap/mTouchControl.c
		_MTouchDecode  		CODE           	3C28	0000	4

../lib/mTouchCap/mTouchControl.c estimated size: 4

C:\Program Files (x86)\Microchip\xc8\v1.33\sources\common\fladd.c
		___fladd       		CODE           	18CC	0000	382

C:\Program Files (x86)\Microchip\xc8\v1.33\sources\common\fladd.c estimated size: 382

C:\Program Files (x86)\Microchip\xc8\v1.33\sources\common\double.c
		___flpack      		CODE           	2C1A	0000	178

C:\Program Files (x86)\Microchip\xc8\v1.33\sources\common\double.c estimated size: 178

../lib/eeprom.c
		_set_ee_default		CODE           	3606	0000	86
		_read___ee     		CODE           	3B04	0000	38
		_write___ee    		CODE           	39EE	0000	44

../lib/eeprom.c estimated size: 168

../lib/usart.c
		_putbyte       		CODE           	3C0E	0000	12
		_uart16_init   		CODE           	3B6A	0000	30
		_timed_getc    		CODE           	3ADE	0000	38
		_getbyte       		CODE           	3C02	0000	12

../lib/usart.c estimated size: 92

../lib/modbus_RTU.c
		_crc_mb        		CODE           	365C	0000	80
		_crc_mb_calc   		CODE           	3436	0000	96
		_crc_mb_init   		CODE           	3BF4	0000	14
		_crc_mb_check  		CODE           	35AC	0000	90

../lib/modbus_RTU.c estimated size: 280

../lib/delay.c
		_DelayMs       		CODE           	3A1A	0000	42

../lib/delay.c estimated size: 42

C:\Program Files (x86)\Microchip\xc8\v1.33\sources\common\flge.c
		___flge        		CODE           	3746	0000	76

C:\Program Files (x86)\Microchip\xc8\v1.33\sources\common\flge.c estimated size: 76

../misc.c
		_InitializeSyst		CODE           	109C	0000	534

../misc.c estimated size: 534

../lib/mTouchCap/mTouchSensor.c
		_MTouchSetSenso		CODE           	1BF6	0000	370
		_MTouchAcquisit		CODE           	204C	0000	298
		_MTouchInit    		CODE           	3B88	0000	28
		_MTouchSensorDe		CODE           	1A68	0000	340
		_MTouchUpdateSe		CODE           	2CD8	0000	122

../lib/mTouchCap/mTouchSensor.c estimated size: 1158

C:\Program Files (x86)\Microchip\xc8\v1.33\sources\common\flneg.c
		___flneg       		CODE           	3A6C	0000	38

C:\Program Files (x86)\Microchip\xc8\v1.33\sources\common\flneg.c estimated size: 38

C:\Program Files (x86)\Microchip\xc8\v1.33\sources\common\awtofl.c
		___awtofl      		CODE           	3792	0000	74

C:\Program Files (x86)\Microchip\xc8\v1.33\sources\common\awtofl.c estimated size: 74

C:\Program Files (x86)\Microchip\xc8\v1.33\sources\common\lbdiv.c
		___lbdiv       		CODE           	392A	0000	54

C:\Program Files (x86)\Microchip\xc8\v1.33\sources\common\lbdiv.c estimated size: 54

../lib/mTouchCap/mTouchButton.c
		_MTouchSetButto		CODE           	308C	0000	140
		_MTouchDecodeBu		CODE           	150A	0000	482

../lib/mTouchCap/mTouchButton.c estimated size: 622

C:\Program Files (x86)\Microchip\xc8\v1.33\sources\common\isdigit.c
		_isdigit       		CODE           	3B4C	0000	30

C:\Program Files (x86)\Microchip\xc8\v1.33\sources\common\isdigit.c estimated size: 30

