Microchip MPLAB XC8 Compiler V1.33 ()

Linker command line:

--edf=C:\Program Files\Microchip\xc8\v1.33\dat\en_msgs.txt -cs \
  -h+dist/default/production\KrasTouchPanel.X.production.sym \
  --cmf=dist/default/production\KrasTouchPanel.X.production.cmf -z \
  -Q18F46K22 -oC:\Users\OZERSK~1.VYA\AppData\Local\Temp\s3bo.6 \
  -Mdist/default/production/KrasTouchPanel.X.production.map -E1 -ver=XC8 \
  -ASTACK=0A00h-0f37h -pstack=STACK -ACODE=00h-0FFFFh -ACONST=00h-0FFFFh \
  -ASMALLCONST=01000h-010FFhx240 -AMEDIUMCONST=01000h-0FFFFh \
  -ACOMRAM=01h-05Fh -AABS1=00h-0F37h -ABIGRAM=01h-0F37h \
  -ARAM=060h-0FFh,0100h-01FFhx14,0F00h-0F37h -ABANK0=060h-0FFh \
  -ABANK1=0100h-01FFh -ABANK2=0200h-02FFh -ABANK3=0300h-03FFh \
  -ABANK4=0400h-04FFh -ABANK5=0500h-05FFh -ABANK6=0600h-06FFh \
  -ABANK7=0700h-07FFh -ABANK8=0800h-08FFh -ABANK9=0900h-09FFh \
  -ABANK10=0A00h-0AFFh -ABANK11=0B00h-0BFFh -ABANK12=0C00h-0CFFh \
  -ABANK13=0D00h-0DFFh -ABANK14=0E00h-0EFFh -ABANK15=0F00h-0F37h \
  -ASFR=0F38h-0F5Fh,0F60h-0FFFh \
  -preset_vec=00h,intcode=08h,intcodelo=018h,powerup,init,end_init \
  -pramtop=01000h -psmallconst=SMALLCONST -pmediumconst=MEDIUMCONST \
  -pconst=CONST -AFARRAM=00h-00h -ACONFIG=0300000h-030000Dh -pconfig=CONFIG \
  -AIDLOC=0200000h-0200007h -pidloc=IDLOC -AEEDATA=0F00000h-0F003FFh \
  -peeprom_data=EEDATA \
  -prdata=COMRAM,nvrram=COMRAM,nvbit=COMRAM,rbss=COMRAM,rbit=COMRAM \
  -pfarbss=FARRAM,fardata=FARRAM,nvFARRAM=FARRAM \
  -pintsave_regs=BIGRAM,bigbss=BIGRAM,bigdata=BIGRAM -pbss=RAM \
  -pidata=CODE,irdata=CODE,ibigdata=CODE,ifardata=CODE \
  C:\Users\OZERSK~1.VYA\AppData\Local\Temp\s3bo.obj \
  dist/default/production\KrasTouchPanel.X.production.obj 

Object code version is 3.11

Machine type is 18F46K22

Call graph: (short form)




                Name                               Link     Load   Length Selector   Space Scale
C:\Users\OZERSK~1.VYA\AppData\Local\Temp\s3bo.obj
                end_init                            148      148        4        C       0
                reset_vec                             0        0        4        0       0
                config                           300000   300000        E   300000       0
dist/default/production\KrasTouchPanel.X.production.obj
                eeprom_data                      F00000   F00000      100   F00000       0
                intcodelo                            18       18      130        C       0
                intcode                               8        8       10        4       0
                mediumconst                        C42E     C42E     3BD2     6217       0
                text67                             2896     2896      2B2        C       0
                text66                             4B5E     4B5E       DA        C       0
                text65                             2F9E     2F9E      208        C       0
                text64                             359E     359E      1F0        C       0
                intcode_body                       4E90     4E90       BA        C       0
                text62                             5920     5920       1C        C       0
                text61                             5878     5878       28        C       0
                text60                             5970     5970       18        C       0
                text59                             58A0     58A0       24        C       0
                text58                             5988     5988        C        C       0
                text57                             5784     5784       34        C       0
                text55                             5116     5116       90        C       0
                text54                             58C4     58C4       22        C       0
                text53                             4DD0     4DD0       C0        C       0
                text52                             2B48     2B48      22E        C       0
                text51                             58E6     58E6       1E        C       0
                text50                             1AD2     1AD2      48C        C       0
                text49                             574E     574E       36        C       0
                text48                             5688     5688       48        C       0
                text47                             57EA     57EA       32        C       0
                text46                             52C0     52C0       8C        C       0
                text45                             5086     5086       90        C       0
                text44                             5592     5592       5A        C       0
                text43                             534C     534C       8A        C       0
                text42                             53D6     53D6       88        C       0
                text41                             3D14     3D14      1C4        C       0
                text40                             33AA     33AA      1F4        C       0
                text39                             4FEE     4FEE       98        C       0
                text38                             497C     497C      100        C       0
                text37                             581C     581C       30        C       0
                text36                             563A     563A       4E        C       0
                text35                             54CC     54CC       66        C       0
                text34                             5904     5904       1C        C       0
                text33                             4762     4762      110        C       0
                text32                             5712     5712       3C        C       0
                text31                             405E     405E      17E        C       0
                text30                             25A2     25A2      2F4        C       0
                text29                             55EC     55EC       4E        C       0
                text28                             4354     4354      174        C       0
                text27                             4C38     4C38       D4        C       0
                text26                             4F4A     4F4A       A4        C       0
                text25                             57B8     57B8       32        C       0
                text24                             2D76     2D76      228        C       0
                text23                             378E     378E      1E0        C       0
                text22                             4A7C     4A7C       E2        C       0
                text21                             4D0C     4D0C       C4        C       0
                text20                             396E     396E      1DE        C       0
                text19                             1F5E     1F5E      33E        C       0
                text18                             584C     584C       2C        C       0
                text17                              FBC      FBC      59A        C       0
                text16                              14C      14C      E70        C       0
                text15                             1556     1556      57C        C       0
                text14                             5532     5532       60        C       0
                text13                             5956     5956       1A        C       0
                text12                             4872     4872      10A        C       0
                text11                             4632     4632      130        C       0
                text10                             3ED8     3ED8      186        C       0
                text9                              3B4C     3B4C      1C8        C       0
                text8                              545E     545E       6E        C       0
                text7                              31A6     31A6      204        C       0
                text6                              593C     593C       1A        C       0
                text5                              229C     229C      306        C       0
                text4                              599E     599E        6        C       0
                text3                              44C8     44C8      16A        C       0
                text2                              56D0     56D0       42        C       0
                text1                              5234     5234       8C        C       0
                text0                              41DC     41DC      178        C       0
                cstackCOMRAM                          1        1       2E        1       1
                cstackBANK0                          60       60       74       60       1
                cstackBANK1                         1BF      1BF       2F      100       1
                cstackBANK5                         500      500       1E      500       1
                bssBIGRAM                           51E      51E      160      51E       1
                bssBANK4                            400      400      100      400       1
                bssBANK3                            300      300       E7      300       1
                bssBANK2                            200      200       F8      200       1
                dataBANK1                           1EE      1EE        A      100       1
                bssBANK1                            100      100       BF      100       1
                bssBANK0                             D4       D4       14       60       1
                bssCOMRAM                            2F       2F       19        1       1
                cinit                              51A6     51A6       8E        C       0
                idataBANK1                         5994     5994        A        C       0

TOTAL           Name                               Link     Load   Length     Space
        CLASS   STACK          

        CLASS   CODE           
                end_init                            148      148        4         0
                intcodelo                            18       18      130         0
                intcode                               8        8       10         0
                reset_vec                             0        0        4         0
                text67                             2896     2896      2B2         0
                text66                             4B5E     4B5E       DA         0
                text65                             2F9E     2F9E      208         0
                text64                             359E     359E      1F0         0
                intcode_body                       4E90     4E90       BA         0
                text62                             5920     5920       1C         0
                text61                             5878     5878       28         0
                text60                             5970     5970       18         0
                text59                             58A0     58A0       24         0
                text58                             5988     5988        C         0
                text57                             5784     5784       34         0
                text55                             5116     5116       90         0
                text54                             58C4     58C4       22         0
                text53                             4DD0     4DD0       C0         0
                text52                             2B48     2B48      22E         0
                text51                             58E6     58E6       1E         0
                text50                             1AD2     1AD2      48C         0
                text49                             574E     574E       36         0
                text48                             5688     5688       48         0
                text47                             57EA     57EA       32         0
                text46                             52C0     52C0       8C         0
                text45                             5086     5086       90         0
                text44                             5592     5592       5A         0
                text43                             534C     534C       8A         0
                text42                             53D6     53D6       88         0
                text41                             3D14     3D14      1C4         0
                text40                             33AA     33AA      1F4         0
                text39                             4FEE     4FEE       98         0
                text38                             497C     497C      100         0
                text37                             581C     581C       30         0
                text36                             563A     563A       4E         0
                text35                             54CC     54CC       66         0
                text34                             5904     5904       1C         0
                text33                             4762     4762      110         0
                text32                             5712     5712       3C         0
                text31                             405E     405E      17E         0
                text30                             25A2     25A2      2F4         0
                text29                             55EC     55EC       4E         0
                text28                             4354     4354      174         0
                text27                             4C38     4C38       D4         0
                text26                             4F4A     4F4A       A4         0
                text25                             57B8     57B8       32         0
                text24                             2D76     2D76      228         0
                text23                             378E     378E      1E0         0
                text22                             4A7C     4A7C       E2         0
                text21                             4D0C     4D0C       C4         0
                text20                             396E     396E      1DE         0
                text19                             1F5E     1F5E      33E         0
                text18                             584C     584C       2C         0
                text17                              FBC      FBC      59A         0
                text16                              14C      14C      E70         0
                text15                             1556     1556      57C         0
                text14                             5532     5532       60         0
                text13                             5956     5956       1A         0
                text12                             4872     4872      10A         0
                text11                             4632     4632      130         0
                text10                             3ED8     3ED8      186         0
                text9                              3B4C     3B4C      1C8         0
                text8                              545E     545E       6E         0
                text7                              31A6     31A6      204         0
                text6                              593C     593C       1A         0
                text5                              229C     229C      306         0
                text4                              599E     599E        6         0
                text3                              44C8     44C8      16A         0
                text2                              56D0     56D0       42         0
                text1                              5234     5234       8C         0
                text0                              41DC     41DC      178         0
                cinit                              51A6     51A6       8E         0
                idataBANK1                         5994     5994        A         0

        CLASS   CONST          

        CLASS   SMALLCONST     

        CLASS   MEDIUMCONST    
                mediumconst                        C42E     C42E     3BD2         0

        CLASS   COMRAM         
                cstackCOMRAM                          1        1       2E         1
                bssCOMRAM                            2F       2F       19         1

        CLASS   ABS1           

        CLASS   BIGRAM         
                bssBIGRAM                           51E      51E      160         1

        CLASS   RAM            

        CLASS   BANK0          
                cstackBANK0                          60       60       74         1
                bssBANK0                             D4       D4       14         1

        CLASS   BANK1          
                cstackBANK1                         1BF      1BF       2F         1
                dataBANK1                           1EE      1EE        A         1
                bssBANK1                            100      100       BF         1

        CLASS   BANK2          
                bssBANK2                            200      200       F8         1

        CLASS   BANK3          
                bssBANK3                            300      300       E7         1

        CLASS   BANK4          
                bssBANK4                            400      400      100         1

        CLASS   BANK5          
                cstackBANK5                         500      500       1E         1

        CLASS   BANK6          

        CLASS   BANK7          

        CLASS   BANK8          

        CLASS   BANK9          

        CLASS   BANK10         

        CLASS   BANK11         

        CLASS   BANK12         

        CLASS   BANK13         

        CLASS   BANK14         

        CLASS   BANK15         

        CLASS   SFR            

        CLASS   FARRAM         

        CLASS   CONFIG         
                config                           300000   300000        E         0

        CLASS   IDLOC          

        CLASS   EEDATA         
                eeprom_data                      F00000   F00000      100         0



SEGMENTS        Name                           Load    Length   Top    Selector   Space  Class

                reset_vec                      000000  000004  000004         0       0  CODE    
                cstackCOMRAM                   000001  000047  000048         1       1  COMRAM  
                intcode                        000008  000010  000018         4       0  CODE    
                intcodelo                      000018  00598C  0059A4         C       0  CODE    
                cstackBANK0                    000060  000088  0000E8        60       1  BANK0   
                bssBANK1                       000100  0000F8  0001F8       100       1  BANK1   
                bssBANK2                       000200  0000F8  0002F8       200       1  BANK2   
                bssBANK3                       000300  0000E7  0003E7       300       1  BANK3   
                bssBANK4                       000400  000100  000500       400       1  BANK4   
                cstackBANK5                    000500  00001E  00051E       500       1  BANK5   
                bssBIGRAM                      00051E  000160  00067E       51E       1  BIGRAM  
                mediumconst                    00C42E  003BD2  010000      6217       0  MEDIUMCO
                config                         300000  00000E  30000E    300000       0  CONFIG  
                eeprom_data                    F00000  000100  F00100    F00000       0  EEDATA  


UNUSED ADDRESS RANGES

        Name                Unused          Largest block    Delta
        BANK0            0000E8-0000FF               18
        BANK1            0001F8-0001FF                8
        BANK10           000A00-000AFF              100
        BANK11           000B00-000BFF              100
        BANK12           000C00-000CFF              100
        BANK13           000D00-000DFF              100
        BANK14           000E00-000EFF              100
        BANK15           000F00-000F37               38
        BANK2            0002F8-0002FF                8
        BANK3            0003E7-0003FF               19
        BANK6            00067E-0006FF               82
        BANK7            000700-0007FF              100
        BANK8            000800-0008FF              100
        BANK9            000900-0009FF              100
        BIGRAM           000048-00005F               18
                         0000E8-0000FF               18
                         0001F8-0001FF                8
                         0002F8-0002FF                8
                         0003E7-0003FF               19
                         00067E-000F37              8BA
        CODE             000004-000007                4
                         0059A4-00C42D             6A8A
        COMRAM           000048-00005F               18
        CONST            000004-000007                4
                         0059A4-00C42D             6A8A
        EEDATA           F00100-F003FF              300
        IDLOC            200000-200007                8
        MEDIUMCONST      0059A4-00C42D             6A8A
        RAM              0000E8-0000FF               18
                         0001F8-0001FF                8
                         0002F8-0002FF                8
                         0003E7-0003FF               19
                         00067E-000F37              100
        SFR              000F38-000FFF               28
        SMALLCONST       0059A4-00C42D              100
        STACK            000A00-000F37              538

                                  Symbol Table

?_MTouchAcquisitionCVD                 cstackCOMRAM 000018
?___awdiv                              cstackBANK0  00007E
?___awmod                              cstackBANK0  000078
?___awtofl                             cstackBANK0  000082
?___fladd                              cstackBANK0  0000A7
?___flmul                              cstackBANK0  000087
?___flneg                              cstackBANK0  000078
?___flpack                             cstackBANK0  000078
?___flsub                              cstackBANK0  0000B6
?___fltol                              cstackBANK0  0000A3
?___lldiv                              cstackBANK0  000078
?___llmod                              cstackBANK0  000085
?___lltofl                             cstackBANK0  000082
?___wmul                               cstackBANK0  000078
?__div_to_l_                           cstackBANK0  000078
?__tdiv_to_l_                          cstackBANK0  000078
?_ds18b20_read                         cstackBANK0  0000B6
?_fround                               cstackBANK0  00009A
?_scale                                cstackBANK0  00009A
?_sprintf                              cstackBANK0  0000BE
Beep@ms10                              cstackBANK0  000078
DelayMs@cnt                            cstackBANK0  000078
DelayMs@i                              cstackBANK0  000079
GetMessage@Msg                         cstackBANK0  000078
HI_ISR@beep                            bssCOMRAM    00003D
InitMessages@i                         cstackBANK0  000078
InitializeSystem@pll_startup_counter   cstackBANK0  000088
LO_ISR@i                               cstackCOMRAM 000017
LabelCreate@font                       cstackBANK0  0000A7
LabelCreate@lb                         cstackBANK0  0000A3
LabelCreate@ln                         cstackBANK0  0000A9
LabelCreate@x                          cstackBANK0  0000A5
LabelCreate@y                          cstackBANK0  0000A6
LabelSetTxt@end                        cstackBANK0  0000A1
LabelSetTxt@i                          cstackBANK0  0000A2
LabelSetTxt@lb                         cstackBANK0  00009B
LabelSetTxt@str                        cstackBANK0  00009D
LabelSetTxt@w                          cstackBANK0  0000A0
MTouchAcquisition@data                 cstackBANK0  000060
MTouchAcquisition@i                    cstackBANK0  000066
MTouchAcquisition@pCurrentSensor       cstackBANK0  000067
MTouchAcquisition@pLastSensor          cstackBANK0  000062
MTouchAcquisition@pPreviousSensor      cstackBANK0  000064
MTouchAcquisition@startSensorNumber    bssCOMRAM    00003E
MTouchAcquisitionCVD@curChannelNumber  cstackCOMRAM 000023
MTouchAcquisitionCVD@curIOMask         cstackCOMRAM 00002B
MTouchAcquisitionCVD@curLat            cstackCOMRAM 000026
MTouchAcquisitionCVD@curTris           cstackCOMRAM 000029
MTouchAcquisitionCVD@pCurrentSensor    cstackCOMRAM 000018
MTouchAcquisitionCVD@pPreviousSensor   cstackCOMRAM 00001A
MTouchAcquisitionCVD@prevChannelNumber cstackCOMRAM 000022
MTouchAcquisitionCVD@prevIOMask        cstackCOMRAM 000028
MTouchAcquisitionCVD@prevLat           cstackCOMRAM 000024
MTouchAcquisitionCVD@prevTris          cstackCOMRAM 000020
MTouchAcquisitionCVD@result            cstackCOMRAM 00001E
MTouchDecodeButtons@decode             cstackBANK0  000080
MTouchDecodeButtons@i                  cstackBANK0  00007E
MTouchDecodeButtons@pButton            cstackBANK0  000084
MTouchDecodeButtons@pMostPressedButton cstackBANK0  000081
MTouchDecodeButtons@pSensor            cstackBANK0  00007C
MTouchDecodeButtons@sensorState        cstackBANK0  000083
MTouchDecodeButtons@state              cstackBANK0  00007F
MTouchSensorDecode@delta               cstackCOMRAM 000027
MTouchSensorDecode@pSensor             cstackCOMRAM 000021
MTouchSetButton@buttonNumber           cstackBANK0  00007C
MTouchSetButton@decode                 cstackBANK0  000079
MTouchSetButton@pButton                cstackBANK0  00007D
MTouchSetButton@sensorNumber           cstackBANK0  000078
MTouchSetSensor@channelNumber          cstackBANK0  00007D
MTouchSetSensor@chargeDelay            cstackBANK0  000082
MTouchSetSensor@ioBitNumber            cstackBANK0  00007C
MTouchSetSensor@lat                    cstackBANK0  00007A
MTouchSetSensor@oversampling           cstackBANK0  000080
MTouchSetSensor@pSensor                cstackBANK0  000086
MTouchSetSensor@sensorNumber           cstackBANK0  000085
MTouchSetSensor@threshold              cstackBANK0  00007E
MTouchSetSensor@tris                   cstackBANK0  000078
MTouchUpdateSensorAverage@pSensor      cstackCOMRAM 000018
MTouchUpdateSensorAverage@rate         cstackCOMRAM 00001A
ProcessMessages@i                      cstackBANK0  000078
SendMessage@Msg                        cstackCOMRAM 000001
_ADCON0                                (abs)        000FC2
_ADCON0bits                            (abs)        000FC2
_ADCON1                                (abs)        000FC1
_ADCON2                                (abs)        000FC0
_ADCON2bits                            (abs)        000FC0
_ADRESH                                (abs)        000FC4
_ADRESL                                (abs)        000FC3
_ANSELA                                (abs)        000F38
_ANSELB                                (abs)        000F39
_ANSELC                                (abs)        000F3A
_ANSELD                                (abs)        000F3B
_ANSELE                                (abs)        000F3C
_BRG161                                (abs)        007DC3
_BRGH1                                 (abs)        007D62
_BSem                                  bssCOMRAM    00002F
_Beep                                  text6        00593C
_BroadcastMessages                     bssBANK0     0000DF
_CCP4CONbits                           (abs)        000F57
_CCP5CON                               (abs)        000F54
_CCPR1L                                (abs)        000FBE
_CCPR2L                                (abs)        000F67
_CCPR4L                                (abs)        000F58
_CREN1                                 (abs)        007D5C
_DC1B0                                 (abs)        007DEC
_DC1B1                                 (abs)        007DED
_DC2B0                                 (abs)        007B34
_DC2B1                                 (abs)        007B35
_DelayMs                               text37       00581C
_EEADR                                 (abs)        000FA9
_EEADRH                                (abs)        000FAA
_EECON1bits                            (abs)        000FA6
_EECON2                                (abs)        000FA7
_EEDATA                                (abs)        000FA8
_FERR1                                 (abs)        007D5A
_GIE                                   (abs)        007F97
_GetMessage                            text2        0056D0
_HI_ISR                                intcode      000008
_INTCONbits                            (abs)        000FF2
_IPR1bits                              (abs)        000F9F
_IPR5bits                              (abs)        000F7F
_InitMessages                          text55       005116
_InitializeSystem                      text50       001AD2
_LATA                                  (abs)        000F89
_LATAbits                              (abs)        000F89
_LATB                                  (abs)        000F8A
_LATBbits                              (abs)        000F8A
_LATC                                  (abs)        000F8B
_LATC0                                 (abs)        007C58
_LATC2                                 (abs)        007C5A
_LATC3                                 (abs)        007C5B
_LATCbits                              (abs)        000F8B
_LATD                                  (abs)        000F8C
_LATE0                                 (abs)        007C68
_LATE1                                 (abs)        007C69
_LATE2                                 (abs)        007C6A
_LO_ISR                                intcodelo    000018
_LabelCreate                           text39       004FEE
_LabelSetTxt                           text40       0033AA
_MTouchAcquisition                     text64       00359E
_MTouchAcquisitionCVD                  text67       002896
_MTouchDecode                          text4        00599E
_MTouchDecodeButtons                   text5        00229C
_MTouchInit                            text54       0058C4
_MTouchSensorDecode                    text65       002F9E
_MTouchSetButton                       text53       004DD0
_MTouchSetSensor                       text52       002B48
_MTouchUpdateSensorAverage             text66       004B5E
_Messages                              bssBANK1     000137
_OERR1                                 (abs)        007D59
_OSCCON                                (abs)        000FD3
_OSCTUNEbits                           (abs)        000F9B
_PIE1bits                              (abs)        000F9D
_PIE5bits                              (abs)        000F7D
_PIR1bits                              (abs)        000F9E
_PIR5bits                              (abs)        000F7E
_PORTC                                 (abs)        000F82
_PORTD                                 (abs)        000F83
_PR2                                   (abs)        000FBB
_PR4                                   (abs)        000F52
_ProcessMessages                       text38       00497C
_RCIE                                  (abs)        007CED
_RCIF                                  (abs)        007CF5
_RCIP                                  (abs)        007CFD
_RCONbits                              (abs)        000FD0
_RCREG                                 (abs)        000FAE
_RX91                                  (abs)        007D5E
_RxBuff                                bssBANK4     000400
_RxTxBuff                              bssBANK3     000300
_SPBRG                                 (abs)        000FAF
_SPEN1                                 (abs)        007D5F
_SREN1                                 (abs)        007D5D
_SWDTEN                                (abs)        007E88
_SYNC1                                 (abs)        007D64
_SendMessage                           text62       005920
_T2CONbits                             (abs)        000FBA
_T4CONbits                             (abs)        000F51
_TMR2                                  (abs)        000FBC
_TMR4                                  (abs)        000F53
_TRISA                                 (abs)        000F92
_TRISAbits                             (abs)        000F92
_TRISB                                 (abs)        000F93
_TRISBbits                             (abs)        000F93
_TRISC                                 (abs)        000F94
_TRISCbits                             (abs)        000F94
_TRISD                                 (abs)        000F95
_TRISEbits                             (abs)        000F96
_TRMT1                                 (abs)        007D61
_TX91                                  (abs)        007D66
_TXEN1                                 (abs)        007D65
_TXIE                                  (abs)        007CEC
_TXREG                                 (abs)        000FAD
__CFG_BOREN$SBORDIS                    (abs)        000000
__CFG_BORV$190                         (abs)        000000
__CFG_CCP2MX$PORTC1                    (abs)        000000
__CFG_CCP3MX$PORTB5                    (abs)        000000
__CFG_CP0$OFF                          (abs)        000000
__CFG_CP1$OFF                          (abs)        000000
__CFG_CP2$OFF                          (abs)        000000
__CFG_CP3$OFF                          (abs)        000000
__CFG_CPB$OFF                          (abs)        000000
__CFG_CPD$OFF                          (abs)        000000
__CFG_EBTR0$OFF                        (abs)        000000
__CFG_EBTR1$OFF                        (abs)        000000
__CFG_EBTR2$OFF                        (abs)        000000
__CFG_EBTR3$OFF                        (abs)        000000
__CFG_EBTRB$OFF                        (abs)        000000
__CFG_FCMEN$OFF                        (abs)        000000
__CFG_FOSC$INTIO67                     (abs)        000000
__CFG_HFOFST$ON                        (abs)        000000
__CFG_IESO$OFF                         (abs)        000000
__CFG_LVP$OFF                          (abs)        000000
__CFG_MCLRE$EXTMCLR                    (abs)        000000
__CFG_P2BMX$PORTD2                     (abs)        000000
__CFG_PBADEN$OFF                       (abs)        000000
__CFG_PLLCFG$ON                        (abs)        000000
__CFG_PRICLKEN$ON                      (abs)        000000
__CFG_PWRTEN$OFF                       (abs)        000000
__CFG_STVREN$ON                        (abs)        000000
__CFG_T3CMX$PORTC0                     (abs)        000000
__CFG_WDTEN$SWON                       (abs)        000000
__CFG_WDTPS$32768                      (abs)        000000
__CFG_WRT0$OFF                         (abs)        000000
__CFG_WRT1$OFF                         (abs)        000000
__CFG_WRT2$OFF                         (abs)        000000
__CFG_WRT3$OFF                         (abs)        000000
__CFG_WRTB$OFF                         (abs)        000000
__CFG_WRTC$OFF                         (abs)        000000
__CFG_WRTD$OFF                         (abs)        000000
__CFG_XINST$OFF                        (abs)        000000
__HRAM                                 (abs)        000000
__Habs1                                abs1         000000
__Hbank0                               bank0        000000
__Hbank1                               bank1        000000
__Hbank10                              bank10       000000
__Hbank11                              bank11       000000
__Hbank12                              bank12       000000
__Hbank13                              bank13       000000
__Hbank14                              bank14       000000
__Hbank15                              bank15       000000
__Hbank2                               bank2        000000
__Hbank3                               bank3        000000
__Hbank4                               bank4        000000
__Hbank5                               bank5        000000
__Hbank6                               bank6        000000
__Hbank7                               bank7        000000
__Hbank8                               bank8        000000
__Hbank9                               bank9        000000
__Hbigbss                              bigbss       000000
__Hbigdata                             bigdata      000000
__Hbigram                              bigram       000000
__Hbss                                 bss          000000
__HbssBANK0                            bssBANK0     000000
__HbssBANK1                            bssBANK1     000000
__HbssBANK2                            bssBANK2     000000
__HbssBANK3                            bssBANK3     000000
__HbssBANK4                            bssBANK4     000000
__HbssBIGRAM                           bssBIGRAM    000000
__HbssCOMRAM                           bssCOMRAM    000000
__Hcinit                               cinit        000000
__Hclrtext                             clrtext      000000
__Hcomram                              comram       000000
__Hconfig                              config       30000E
__Hconst                               const        000000
__HcstackBANK0                         cstackBANK0  000000
__HcstackBANK1                         cstackBANK1  000000
__HcstackBANK5                         cstackBANK5  000000
__HcstackCOMRAM                        cstackCOMRAM 000000
__Hdata                                data         000000
__HdataBANK1                           dataBANK1    000000
__Heeprom_data                         eeprom_data  F00100
__Hend_init                            end_init     00014C
__Hfarbss                              farbss       000000
__Hfardata                             fardata      000000
__Hibigdata                            ibigdata     000000
__Hidata                               idata        000000
__HidataBANK1                          idataBANK1   000000
__Hidloc                               idloc        000000
__Hifardata                            ifardata     000000
__Hinit                                init         000148
__Hintcode                             intcode      000018
__Hintcode_body                        intcode_body 000000
__Hintcodelo                           intcodelo    000148
__Hintentry                            intentry     000000
__Hintret                              intret       000000
__Hintsave_regs                        intsave_regs 000000
__Hirdata                              irdata       000000
__Hmediumconst                         mediumconst  010000
__HnvFARRAM                            nvFARRAM     000000
__Hnvbit                               nvbit        000000
__Hnvrram                              nvrram       000000
__Hparam                               rparam       000000
__Hpowerup                             powerup      000148
__Hram                                 ram          000000
__Hramtop                              ramtop       001000
__Hrbit                                rbit         000000
__Hrbss                                rbss         000000
__Hrdata                               rdata        000000
__Hreset_vec                           reset_vec    000004
__Hrparam                              rparam       000000
__Hsfr                                 sfr          000000
__Hsmallconst                          smallconst   000000
__Hspace_0                             (abs)        F00100
__Hspace_1                             (abs)        00067E
__Hspace_2                             (abs)        000000
__Hstack                               stack        000000
__Hstruct                              struct       000000
__Htemp                                temp         000000
__Htext                                text         000000
__Htext0                               text0        000000
__Htext1                               text1        000000
__Htext10                              text10       000000
__Htext11                              text11       000000
__Htext12                              text12       000000
__Htext13                              text13       000000
__Htext14                              text14       000000
__Htext15                              text15       000000
__Htext16                              text16       000000
__Htext17                              text17       000000
__Htext18                              text18       000000
__Htext19                              text19       000000
__Htext2                               text2        000000
__Htext20                              text20       000000
__Htext21                              text21       000000
__Htext22                              text22       000000
__Htext23                              text23       000000
__Htext24                              text24       000000
__Htext25                              text25       000000
__Htext26                              text26       000000
__Htext27                              text27       000000
__Htext28                              text28       000000
__Htext29                              text29       000000
__Htext3                               text3        000000
__Htext30                              text30       000000
__Htext31                              text31       000000
__Htext32                              text32       000000
__Htext33                              text33       000000
__Htext34                              text34       000000
__Htext35                              text35       000000
__Htext36                              text36       000000
__Htext37                              text37       000000
__Htext38                              text38       000000
__Htext39                              text39       000000
__Htext4                               text4        000000
__Htext40                              text40       000000
__Htext41                              text41       000000
__Htext42                              text42       000000
__Htext43                              text43       000000
__Htext44                              text44       000000
__Htext45                              text45       000000
__Htext46                              text46       000000
__Htext47                              text47       000000
__Htext48                              text48       000000
__Htext49                              text49       000000
__Htext5                               text5        000000
__Htext50                              text50       000000
__Htext51                              text51       000000
__Htext52                              text52       000000
__Htext53                              text53       000000
__Htext54                              text54       000000
__Htext55                              text55       000000
__Htext57                              text57       000000
__Htext58                              text58       000000
__Htext59                              text59       000000
__Htext6                               text6        000000
__Htext60                              text60       000000
__Htext61                              text61       000000
__Htext62                              text62       000000
__Htext64                              text64       000000
__Htext65                              text65       000000
__Htext66                              text66       000000
__Htext67                              text67       000000
__Htext7                               text7        000000
__Htext8                               text8        000000
__Htext9                               text9        000000
__LRAM                                 (abs)        000001
__Labs1                                abs1         000000
__Lbank0                               bank0        000000
__Lbank1                               bank1        000000
__Lbank10                              bank10       000000
__Lbank11                              bank11       000000
__Lbank12                              bank12       000000
__Lbank13                              bank13       000000
__Lbank14                              bank14       000000
__Lbank15                              bank15       000000
__Lbank2                               bank2        000000
__Lbank3                               bank3        000000
__Lbank4                               bank4        000000
__Lbank5                               bank5        000000
__Lbank6                               bank6        000000
__Lbank7                               bank7        000000
__Lbank8                               bank8        000000
__Lbank9                               bank9        000000
__Lbigbss                              bigbss       000000
__Lbigdata                             bigdata      000000
__Lbigram                              bigram       000000
__Lbss                                 bss          000000
__LbssBANK0                            bssBANK0     000000
__LbssBANK1                            bssBANK1     000000
__LbssBANK2                            bssBANK2     000000
__LbssBANK3                            bssBANK3     000000
__LbssBANK4                            bssBANK4     000000
__LbssBIGRAM                           bssBIGRAM    000000
__LbssCOMRAM                           bssCOMRAM    000000
__Lcinit                               cinit        000000
__Lclrtext                             clrtext      000000
__Lcomram                              comram       000000
__Lconfig                              config       300000
__Lconst                               const        000000
__LcstackBANK0                         cstackBANK0  000000
__LcstackBANK1                         cstackBANK1  000000
__LcstackBANK5                         cstackBANK5  000000
__LcstackCOMRAM                        cstackCOMRAM 000000
__Ldata                                data         000000
__LdataBANK1                           dataBANK1    000000
__Leeprom_data                         eeprom_data  F00000
__Lend_init                            end_init     000148
__Lfarbss                              farbss       000000
__Lfardata                             fardata      000000
__Libigdata                            ibigdata     000000
__Lidata                               idata        000000
__LidataBANK1                          idataBANK1   000000
__Lidloc                               idloc        000000
__Lifardata                            ifardata     000000
__Linit                                init         000148
__Lintcode                             intcode      000008
__Lintcode_body                        intcode_body 000000
__Lintcodelo                           intcodelo    000018
__Lintentry                            intentry     000000
__Lintret                              intret       000000
__Lintsave_regs                        intsave_regs 000000
__Lirdata                              irdata       000000
__Lmediumconst                         mediumconst  00C42E
__LnvFARRAM                            nvFARRAM     000000
__Lnvbit                               nvbit        000000
__Lnvrram                              nvrram       000000
__Lparam                               rparam       000000
__Lpowerup                             powerup      000148
__Lram                                 ram          000000
__Lramtop                              ramtop       001000
__Lrbit                                rbit         000000
__Lrbss                                rbss         000000
__Lrdata                               rdata        000000
__Lreset_vec                           reset_vec    000000
__Lrparam                              rparam       000000
__Lsfr                                 sfr          000000
__Lsmallconst                          smallconst   000000
__Lspace_0                             (abs)        000000
__Lspace_1                             (abs)        000000
__Lspace_2                             (abs)        000000
__Lstack                               stack        000000
__Lstruct                              struct       000000
__Ltemp                                temp         000000
__Ltext                                text         000000
__Ltext0                               text0        000000
__Ltext1                               text1        000000
__Ltext10                              text10       000000
__Ltext11                              text11       000000
__Ltext12                              text12       000000
__Ltext13                              text13       000000
__Ltext14                              text14       000000
__Ltext15                              text15       000000
__Ltext16                              text16       000000
__Ltext17                              text17       000000
__Ltext18                              text18       000000
__Ltext19                              text19       000000
__Ltext2                               text2        000000
__Ltext20                              text20       000000
__Ltext21                              text21       000000
__Ltext22                              text22       000000
__Ltext23                              text23       000000
__Ltext24                              text24       000000
__Ltext25                              text25       000000
__Ltext26                              text26       000000
__Ltext27                              text27       000000
__Ltext28                              text28       000000
__Ltext29                              text29       000000
__Ltext3                               text3        000000
__Ltext30                              text30       000000
__Ltext31                              text31       000000
__Ltext32                              text32       000000
__Ltext33                              text33       000000
__Ltext34                              text34       000000
__Ltext35                              text35       000000
__Ltext36                              text36       000000
__Ltext37                              text37       000000
__Ltext38                              text38       000000
__Ltext39                              text39       000000
__Ltext4                               text4        000000
__Ltext40                              text40       000000
__Ltext41                              text41       000000
__Ltext42                              text42       000000
__Ltext43                              text43       000000
__Ltext44                              text44       000000
__Ltext45                              text45       000000
__Ltext46                              text46       000000
__Ltext47                              text47       000000
__Ltext48                              text48       000000
__Ltext49                              text49       000000
__Ltext5                               text5        000000
__Ltext50                              text50       000000
__Ltext51                              text51       000000
__Ltext52                              text52       000000
__Ltext53                              text53       000000
__Ltext54                              text54       000000
__Ltext55                              text55       000000
__Ltext57                              text57       000000
__Ltext58                              text58       000000
__Ltext59                              text59       000000
__Ltext6                               text6        000000
__Ltext60                              text60       000000
__Ltext61                              text61       000000
__Ltext62                              text62       000000
__Ltext64                              text64       000000
__Ltext65                              text65       000000
__Ltext66                              text66       000000
__Ltext67                              text67       000000
__Ltext7                               text7        000000
__Ltext8                               text8        000000
__Ltext9                               text9        000000
__S0                                   (abs)        F00100
__S1                                   (abs)        00067E
__S2                                   (abs)        000000
___awdiv                               text22       004A7C
___awdiv@counter                       cstackBANK0  000082
___awdiv@dividend                      cstackBANK0  00007E
___awdiv@divisor                       cstackBANK0  000080
___awdiv@quotient                      cstackBANK0  000084
___awdiv@sign                          cstackBANK0  000083
___awmod                               text21       004D0C
___awmod@counter                       cstackBANK0  00007C
___awmod@dividend                      cstackBANK0  000078
___awmod@divisor                       cstackBANK0  00007A
___awmod@sign                          cstackBANK0  00007D
___awtofl                              text14       005532
___awtofl@c                            cstackBANK0  000082
___awtofl@sign                         cstackBANK0  000086
___fladd                               text30       0025A2
___fladd@exp1                          cstackBANK0  0000B5
___fladd@exp2                          cstackBANK0  0000B4
___fladd@f1                            cstackBANK0  0000A7
___fladd@f2                            cstackBANK0  0000AB
___fladd@sign                          cstackBANK0  0000B3
___flge                                text33       004762
___flge@ff1                            cstackBANK0  000078
___flge@ff2                            cstackBANK0  00007C
___flmul                               text20       00396E
___flmul@cntr                          cstackBANK0  000098
___flmul@exp                           cstackBANK0  000093
___flmul@f1                            cstackBANK0  000087
___flmul@f2                            cstackBANK0  00008B
___flmul@f3_as_product                 cstackBANK0  000094
___flmul@sign                          cstackBANK0  000099
___flneg                               text32       005712
___flneg@f1                            cstackBANK0  000078
___flpack                              text31       00405E
___flpack@arg                          cstackBANK0  000078
___flpack@exp                          cstackBANK0  00007C
___flpack@sign                         cstackBANK0  00007D
___flsub                               text29       0055EC
___flsub@f1                            cstackBANK0  0000B6
___flsub@f2                            cstackBANK0  0000BA
___fltol                               text28       004354
___fltol@exp1                          cstackBANK0  0000AC
___fltol@f1                            cstackBANK0  0000A3
___fltol@sign1                         cstackBANK0  0000AB
___gie                                 bssBANK0     0000E0
___inthi_sp                            stack        000000
___intlo_sp                            stack        000000
___lldiv                               text27       004C38
___lldiv@counter                       cstackBANK0  000084
___lldiv@dividend                      cstackBANK0  000078
___lldiv@divisor                       cstackBANK0  00007C
___lldiv@quotient                      cstackBANK0  000080
___llmod                               text26       004F4A
___llmod@counter                       cstackBANK0  00008D
___llmod@dividend                      cstackBANK0  000085
___llmod@divisor                       cstackBANK0  000089
___lltofl                              text25       0057B8
___lltofl@c                            cstackBANK0  000082
___sp                                  stack        000000
___wmul                                text49       00574E
___wmul@multiplicand                   cstackBANK0  00007A
___wmul@multiplier                     cstackBANK0  000078
___wmul@product                        cstackBANK0  00007C
__accesstop                            (abs)        000060
__activetblptr                         (abs)        000002
__div_to_l_                            text24       002D76
__div_to_l_@cntr                       cstackBANK0  000088
__div_to_l_@exp1                       cstackBANK0  000089
__div_to_l_@f1                         cstackBANK0  000078
__div_to_l_@f2                         cstackBANK0  00007C
__div_to_l_@quot                       cstackBANK0  000084
__end_of_Beep                          text6        005956
__end_of_DelayMs                       text37       00584C
__end_of_GetMessage                    text2        005712
__end_of_HI_ISR                        intcode_body 004F4A
__end_of_InitMessages                  text55       0051A6
__end_of_InitializeSystem              text50       001F5E
__end_of_LO_ISR                        intcodelo    000148
__end_of_LabelCreate                   text39       005086
__end_of_LabelSetTxt                   text40       00359E
__end_of_MTouchAcquisition             text64       00378E
__end_of_MTouchAcquisitionCVD          text67       002B48
__end_of_MTouchDecode                  text4        0059A4
__end_of_MTouchDecodeButtons           text5        0025A2
__end_of_MTouchInit                    text54       0058E6
__end_of_MTouchSensorDecode            text65       0031A6
__end_of_MTouchSetButton               text53       004E90
__end_of_MTouchSetSensor               text52       002D76
__end_of_MTouchUpdateSensorAverage     text66       004C38
__end_of_ProcessMessages               text38       004A7C
__end_of_SendMessage                   text62       00593C
__end_of___awdiv                       text22       004B5E
__end_of___awmod                       text21       004DD0
__end_of___awtofl                      text14       005592
__end_of___fladd                       text30       002896
__end_of___flge                        text33       004872
__end_of___flmul                       text20       003B4C
__end_of___flneg                       text32       00574E
__end_of___flpack                      text31       0041DC
__end_of___flsub                       text29       00563A
__end_of___fltol                       text28       0044C8
__end_of___lldiv                       text27       004D0C
__end_of___llmod                       text26       004FEE
__end_of___lltofl                      text25       0057EA
__end_of___wmul                        text49       005784
__end_of__div_to_l_                    text24       002F9E
__end_of__initialization               cinit        00522A
__end_of__npowers_                     mediumconst  00F3A6
__end_of__powers_                      mediumconst  00F3DA
__end_of__stringdata                   mediumconst  00FFFF
__end_of__tdiv_to_l_                   text23       00396E
__end_of_dpowers                       mediumconst  00F402
__end_of_ds18b20_read                  text9        003D14
__end_of_ds18b20_start                 text8        0054CC
__end_of_dscrc_table                   mediumconst  00F23C
__end_of_eedata                        mediumconst  00F33C
__end_of_font13                        mediumconst  00FF6E
__end_of_font23                        mediumconst  00DB72
__end_of_fround                        text19       00229C
__end_of_getbyte                       text58       005994
__end_of_gost12                        mediumconst  00F13C
__end_of_in_packet_template            mediumconst  00F372
__end_of_init_1wire                    text12       00497C
__end_of_isdigit                       text18       005878
__end_of_ks0108ClearDot                text43       0053D6
__end_of_ks0108Enable                  text48       0056D0
__end_of_ks0108Fill                    text36       005688
__end_of_ks0108GotoXY                  text46       00534C
__end_of_ks0108Init                    text35       005532
__end_of_ks0108PutChar                 text41       003ED8
__end_of_ks0108ReadData                text45       005116
__end_of_ks0108SetDot                  text42       00545E
__end_of_ks0108WriteCommand            text47       00581C
__end_of_ks0108WriteData               text44       0055EC
__end_of_main                          text0        004354
__end_of_ow_delay                      text13       005970
__end_of_putbyte                       text60       005988
__end_of_putstrc                       text59       0058C4
__end_of_read_1wire                    text11       004762
__end_of_scale                         text17       001556
__end_of_sprintf                       text16       000FBC
__end_of_timed_getc                    text57       0057B8
__end_of_tsk_btn                       text34       005920
__end_of_tsk_display                   text15       001AD2
__end_of_tsk_ds18b20                   text7        0033AA
__end_of_tsk_process_btn               text3        004632
__end_of_tsk_rx                        text1        0052C0
__end_of_uart16_init                   text51       005904
__end_of_write_1wire                   text10       00405E
__end_ofi1_DelayMs                     text61       0058A0
__end_ofis_ee_wr@F8825                 mediumconst  00F422
__initialization                       cinit        0051A6
__mediumconst                          mediumconst  00C42E
__npowers_                             mediumconst  00F372
__pbssBANK0                            bssBANK0     0000D4
__pbssBANK1                            bssBANK1     000100
__pbssBANK2                            bssBANK2     000200
__pbssBANK3                            bssBANK3     000300
__pbssBANK4                            bssBANK4     000400
__pbssBIGRAM                           bssBIGRAM    00051E
__pbssCOMRAM                           bssCOMRAM    00002F
__pcinit                               cinit        0051A6
__pcstackBANK0                         cstackBANK0  000060
__pcstackBANK1                         cstackBANK1  0001BF
__pcstackBANK5                         cstackBANK5  000500
__pcstackCOMRAM                        cstackCOMRAM 000001
__pdataBANK1                           dataBANK1    0001EE
__pidataBANK1                          idataBANK1   005994
__pintcode                             intcode      000008
__pintcode_body                        intcode_body 004E90
__pintcodelo                           intcodelo    000018
__pmediumconst                         mediumconst  00C42E
__powers_                              mediumconst  00F3A6
__ptext0                               text0        0041DC
__ptext1                               text1        005234
__ptext10                              text10       003ED8
__ptext11                              text11       004632
__ptext12                              text12       004872
__ptext13                              text13       005956
__ptext14                              text14       005532
__ptext15                              text15       001556
__ptext16                              text16       00014C
__ptext17                              text17       000FBC
__ptext18                              text18       00584C
__ptext19                              text19       001F5E
__ptext2                               text2        0056D0
__ptext20                              text20       00396E
__ptext21                              text21       004D0C
__ptext22                              text22       004A7C
__ptext23                              text23       00378E
__ptext24                              text24       002D76
__ptext25                              text25       0057B8
__ptext26                              text26       004F4A
__ptext27                              text27       004C38
__ptext28                              text28       004354
__ptext29                              text29       0055EC
__ptext3                               text3        0044C8
__ptext30                              text30       0025A2
__ptext31                              text31       00405E
__ptext32                              text32       005712
__ptext33                              text33       004762
__ptext34                              text34       005904
__ptext35                              text35       0054CC
__ptext36                              text36       00563A
__ptext37                              text37       00581C
__ptext38                              text38       00497C
__ptext39                              text39       004FEE
__ptext4                               text4        00599E
__ptext40                              text40       0033AA
__ptext41                              text41       003D14
__ptext42                              text42       0053D6
__ptext43                              text43       00534C
__ptext44                              text44       005592
__ptext45                              text45       005086
__ptext46                              text46       0052C0
__ptext47                              text47       0057EA
__ptext48                              text48       005688
__ptext49                              text49       00574E
__ptext5                               text5        00229C
__ptext50                              text50       001AD2
__ptext51                              text51       0058E6
__ptext52                              text52       002B48
__ptext53                              text53       004DD0
__ptext54                              text54       0058C4
__ptext55                              text55       005116
__ptext57                              text57       005784
__ptext58                              text58       005988
__ptext59                              text59       0058A0
__ptext6                               text6        00593C
__ptext60                              text60       005970
__ptext61                              text61       005878
__ptext62                              text62       005920
__ptext64                              text64       00359E
__ptext65                              text65       002F9E
__ptext66                              text66       004B5E
__ptext67                              text67       002896
__ptext7                               text7        0031A6
__ptext8                               text8        00545E
__ptext9                               text9        003B4C
__ramtop                               ramtop       001000
__size_of_Beep                         (abs)        000000
__size_of_DelayMs                      (abs)        000000
__size_of_GetMessage                   (abs)        000000
__size_of_HI_ISR                       (abs)        000000
__size_of_InitMessages                 (abs)        000000
__size_of_InitializeSystem             (abs)        000000
__size_of_LO_ISR                       (abs)        000000
__size_of_LabelCreate                  (abs)        000000
__size_of_LabelSetTxt                  (abs)        000000
__size_of_MTouchAcquisition            (abs)        000000
__size_of_MTouchAcquisitionCVD         (abs)        000000
__size_of_MTouchDecode                 (abs)        000000
__size_of_MTouchDecodeButtons          (abs)        000000
__size_of_MTouchInit                   (abs)        000000
__size_of_MTouchSensorDecode           (abs)        000000
__size_of_MTouchSetButton              (abs)        000000
__size_of_MTouchSetSensor              (abs)        000000
__size_of_MTouchUpdateSensorAverage    (abs)        000000
__size_of_ProcessMessages              (abs)        000000
__size_of_SendMessage                  (abs)        000000
__size_of___awdiv                      (abs)        000000
__size_of___awmod                      (abs)        000000
__size_of___awtofl                     (abs)        000000
__size_of___fladd                      (abs)        000000
__size_of___flge                       (abs)        000000
__size_of___flmul                      (abs)        000000
__size_of___flneg                      (abs)        000000
__size_of___flpack                     (abs)        000000
__size_of___flsub                      (abs)        000000
__size_of___fltol                      (abs)        000000
__size_of___lldiv                      (abs)        000000
__size_of___llmod                      (abs)        000000
__size_of___lltofl                     (abs)        000000
__size_of___wmul                       (abs)        000000
__size_of__div_to_l_                   (abs)        000000
__size_of__tdiv_to_l_                  (abs)        000000
__size_of_ds18b20_read                 (abs)        000000
__size_of_ds18b20_start                (abs)        000000
__size_of_fround                       (abs)        000000
__size_of_getbyte                      (abs)        000000
__size_of_init_1wire                   (abs)        000000
__size_of_isdigit                      (abs)        000000
__size_of_ks0108ClearDot               (abs)        000000
__size_of_ks0108Enable                 (abs)        000000
__size_of_ks0108Fill                   (abs)        000000
__size_of_ks0108GotoXY                 (abs)        000000
__size_of_ks0108Init                   (abs)        000000
__size_of_ks0108PutChar                (abs)        000000
__size_of_ks0108ReadData               (abs)        000000
__size_of_ks0108SetDot                 (abs)        000000
__size_of_ks0108WriteCommand           (abs)        000000
__size_of_ks0108WriteData              (abs)        000000
__size_of_main                         (abs)        000000
__size_of_ow_delay                     (abs)        000000
__size_of_putbyte                      (abs)        000000
__size_of_putstrc                      (abs)        000000
__size_of_read_1wire                   (abs)        000000
__size_of_scale                        (abs)        000000
__size_of_sprintf                      (abs)        000000
__size_of_timed_getc                   (abs)        000000
__size_of_tsk_btn                      (abs)        000000
__size_of_tsk_display                  (abs)        000000
__size_of_tsk_ds18b20                  (abs)        000000
__size_of_tsk_process_btn              (abs)        000000
__size_of_tsk_rx                       (abs)        000000
__size_of_uart16_init                  (abs)        000000
__size_of_write_1wire                  (abs)        000000
__size_ofi1_DelayMs                    (abs)        000000
__smallconst                           smallconst   000000
__stringdata                           mediumconst  00FF6E
__sys_tick                             bssBANK1     00015C
__tdiv_to_l_                           text23       00378E
__tdiv_to_l_@cntr                      cstackBANK0  000087
__tdiv_to_l_@exp1                      cstackBANK0  000088
__tdiv_to_l_@f1                        cstackBANK0  000078
__tdiv_to_l_@f2                        cstackBANK0  00007C
__tdiv_to_l_@quot                      cstackBANK0  000083
_a                                     bssCOMRAM    00003F
_b                                     bssCOMRAM    000040
_beep_count                            bssCOMRAM    000041
_beep_timer                            bssCOMRAM    000037
_buttons                               bssBANK2     000200
_c                                     bssBANK1     00015E
_curr_task                             bssCOMRAM    000042
_d                                     bssBANK1     000160
_delayus_variable                      bssCOMRAM    000043
_dpowers                               mediumconst  00F3DA
_ds18b20_read                          text9        003B4C
_ds18b20_start                         text8        00545E
_dscrc_table                           mediumconst  00F13C
_dummy                                 bssCOMRAM    000044
_e                                     bssBANK1     00014A
_eedata                                mediumconst  00F23C
_f                                     bssBANK1     00014E
_f_T_salona                            dataBANK1    0001EE
_font13                                mediumconst  00F422
_font23                                mediumconst  00C42F
_fround                                text19       001F5E
_fround$3349                           cstackBANK0  0000A2
_fround$3350                           cstackBANK0  00009E
_getbyte                               text58       005988
_gost12                                mediumconst  00DB72
_in_packet                             bssBANK1     000100
_in_packet_template                    mediumconst  00F33C
_init_1wire                            text12       004872
_isdigit                               text18       00584C
_isdigit$2937                          cstackBANK0  000079
_j_rx                                  bssBANK1     000162
_k                                     bssBANK1     000152
_ks0108ClearDot                        text43       00534C
_ks0108Enable                          text48       005688
_ks0108Fill                            text36       00563A
_ks0108GotoXY                          text46       0052C0
_ks0108Init                            text35       0054CC
_ks0108PutChar                         text41       003D14
_ks0108ReadData                        text45       005086
_ks0108SetDot                          text42       0053D6
_ks0108WriteCommand                    text47       0057EA
_ks0108WriteData                       text44       005592
_l                                     bssBANK1     000156
_lb_cond                               bssBANK1     000177
_lb_paket                              bssBANK2     000268
_lb_temp                               bssBANK1     00019B
_lb_v1                                 bssBANK2     00028C
_lb_v2                                 bssBANK2     0002B0
_lb_vent                               bssBANK2     0002D4
_main                                  text0        0041DC
_out_packet                            bssBANK3     0003A8
_ow_bit                                bssBANK0     0000E1
_ow_delay                              text13       005956
_pos                                   bssBANK0     0000E5
_putbyte                               text60       005970
_putstrc                               text59       0058A0
_read_1wire                            text11       004632
_scale                                 text17       000FBC
_scale$3351                            cstackBANK0  00009E
_scratch                               bssBANK1     000141
_sensors                               bssBIGRAM    00051E
_sprintf                               text16       00014C
_sprintf$2529                          cstackBANK1  0001C9
_sprintf$3352                          cstackBANK1  0001C5
_stat                                  bssBANK0     0000D4
_str                                   bssBANK3     000380
_sys_tick                              bssCOMRAM    000039
_timed_getc                            text57       005784
_timeout_error                         bssCOMRAM    000045
_tsk_btn                               text34       005904
_tsk_display                           text15       001556
_tsk_ds18b20                           text7        0031A6
_tsk_process_btn                       text3        0044C8
_tsk_process_btn$1432                  cstackBANK0  000086
_tsk_rx                                text1        005234
_uart16_init                           text51       0058E6
_write_1wire                           text10       003ED8
ds18b20_read@dowcrc                    cstackBANK0  0000C2
ds18b20_read@f                         cstackBANK0  0000BE
ds18b20_read@i                         cstackBANK0  0000C3
ds18b20_read@t                         cstackBANK0  0000BC
end_of_initialization                  cinit        00522A
fround@prec                            cstackBANK0  0000A6
i1DelayMs@cnt                          cstackCOMRAM 000001
i1DelayMs@i                            cstackCOMRAM 000002
i1_DelayMs                             text61       005878
init_1wire@st                          cstackBANK0  00007C
int_func                               intcode_body 004E90
intlevel0                              text         000000
intlevel1                              text         000000
intlevel2                              text         000000
intlevel3                              text         000000
is_ee_wr@F8825                         mediumconst  00F402
isdigit@c                              cstackBANK0  00007A
ks0108ClearDot@data                    cstackBANK0  000085
ks0108ClearDot@x                       cstackBANK0  000084
ks0108ClearDot@y                       cstackBANK0  000081
ks0108Fill@i                           cstackBANK0  000080
ks0108Fill@j                           cstackBANK0  00007F
ks0108Fill@mode                        cstackBANK0  00007E
ks0108GotoXY@chip                      cstackBANK0  00007B
ks0108GotoXY@cmd                       cstackBANK0  00007C
ks0108GotoXY@x                         cstackBANK0  00007D
ks0108GotoXY@y                         cstackBANK0  00007A
ks0108PutChar@_fontHeight              cstackBANK0  00008C
ks0108PutChar@_fontWidth               cstackBANK0  00008D
ks0108PutChar@base                     cstackBANK0  000099
ks0108PutChar@chWidth                  cstackBANK0  000095
ks0108PutChar@mask                     cstackBANK0  000098
ks0108PutChar@mode                     cstackBANK0  000088
ks0108PutChar@pChImage                 cstackBANK0  00008E
ks0108PutChar@p_font                   cstackBANK0  000086
ks0108PutChar@s                        cstackBANK0  00008B
ks0108PutChar@temp                     cstackBANK0  000092
ks0108PutChar@x                        cstackBANK0  000097
ks0108PutChar@xCnt                     cstackBANK0  000090
ks0108PutChar@x_                       cstackBANK0  000093
ks0108PutChar@y                        cstackBANK0  000096
ks0108PutChar@yCnt                     cstackBANK0  000091
ks0108PutChar@y_                       cstackBANK0  000094
[...]
      Params:         0       0       0       0       0       0       0       0       0       0       0       0       0       0       0       0       0
      Locals:         1       0       0       0       0       0       0       0       0       0       0       0       0       0       0       0       0
      Temps:          0       0       0       0       0       0       0       0       0       0       0       0       0       0       0       0       0
      Totals:         1       0       0       0       0       0       0       0       0       0       0       0       0       0       0       0       0
Total ram usage:        1 bytes
 Hardware stack levels used:    1
 Hardware stack levels required when called:    5
 This function calls:
		i1_DelayMs
 This function is called by:
		_putstrc
		_putstr
		_crc_send
 This function uses a non-reentrant model


 *************** function i1_DelayMs *****************
 Defined at:
		line 41 in file "../lib/delay.c"
 Parameters:    Size  Location     Type
  cnt             1    wreg     unsigned char 
 Auto vars:     Size  Location     Type
  cnt             1    0[COMRAM] unsigned char 
  DelayMs         1    1[COMRAM] unsigned char 
 Return value:  Size  Location     Type
		None               void
 Registers used:
		wreg, status,2
 Tracked objects:
		On entry : 
		On exit  : 
		Unchanged: 
 Data sizes:     COMRAM   BANK0   BANK1   BANK2   BANK3   BANK4   BANK5   BANK6   BANK7   BANK8   BANK9  BANK10  BANK11  BANK12  BANK13  BANK14  BANK15
      Params:         0       0       0       0       0       0       0       0       0       0       0       0       0       0       0       0       0
      Locals:         2       0       0       0       0       0       0       0       0       0       0       0       0       0       0       0       0
      Temps:          0       0       0       0       0       0       0       0       0       0       0       0       0       0       0       0       0
      Totals:         2       0       0       0       0       0       0       0       0       0       0       0       0       0       0       0       0
Total ram usage:        2 bytes
 Hardware stack levels used:    1
 Hardware stack levels required when called:    4
 This function calls:
		Nothing
 This function is called by:
		_putbyte
 This function uses a non-reentrant model


 *************** function _SendMessage *****************
 Defined at:
		line 43 in file "../lib/messages.c"
 Parameters:    Size  Location     Type
  Msg             1    wreg     unsigned char 
 Auto vars:     Size  Location     Type
  Msg             1    0[COMRAM] unsigned char 
 Return value:  Size  Location     Type
		None               void
 Registers used:
		wreg, fsr2l, fsr2h, status,2, status,0, prodl, prodh
 Tracked objects:
		On entry : 
		On exit  : 
		Unchanged: 
 Data sizes:     COMRAM   BANK0   BANK1   BANK2   BANK3   BANK4   BANK5   BANK6   BANK7   BANK8   BANK9  BANK10  BANK11  BANK12  BANK13  BANK14  BANK15
      Params:         0       0       0       0       0       0       0       0       0       0       0       0       0       0       0       0       0
      Locals:         1       0       0       0       0       0       0       0       0       0       0       0       0       0       0       0       0
      Temps:          0       0       0       0       0       0       0       0       0       0       0       0       0       0       0       0       0
      Totals:         1       0       0       0       0       0       0       0       0       0       0       0       0       0       0       0       0
Total ram usage:        1 bytes
 Hardware stack levels used:    1
 Hardware stack levels required when called:    4
 This function calls:
		Nothing
 This function is called by:
		_LO_ISR
 This function uses a non-reentrant model


 *************** function _HI_ISR *****************
 Defined at:
		line 32 in file "../isr.c"
 Parameters:    Size  Location     Type
		None
 Auto vars:     Size  Location     Type
		None
 Return value:  Size  Location     Type
		None               void
 Registers used:
		wreg, fsr1l, fsr1h, fsr2l, fsr2h, status,2, status,0, prodl, prodh, cstack
 Tracked objects:
		On entry : 
		On exit  : 
		Unchanged: 
 Data sizes:     COMRAM   BANK0   BANK1   BANK2   BANK3   BANK4   BANK5   BANK6   BANK7   BANK8   BANK9  BANK10  BANK11  BANK12  BANK13  BANK14  BANK15
      Params:         0       0       0       0       0       0       0       0       0       0       0       0       0       0       0       0       0
      Locals:         0       0       0       0       0       0       0       0       0       0       0       0       0       0       0       0       0
      Temps:          0      15       0       0       0       0       0       0       0       0       0       0       0       0       0       0       0
      Totals:         0      15       0       0       0       0       0       0       0       0       0       0       0       0       0       0       0
Total ram usage:       15 bytes
 Hardware stack levels used:    1
 Hardware stack levels required when called:    3
 This function calls:
		_MTouchAcquisition
 This function is called by:
		Interrupt level 2
 This function uses a non-reentrant model


 *************** function _MTouchAcquisition *****************
 Defined at:
		line 249 in file "../lib/mTouchCap/mTouchSensor.c"
 Parameters:    Size  Location     Type
		None
 Auto vars:     Size  Location     Type
  pCurrentSens    2    7[BANK0 ] PTR struct tag_SENSOR
		 -> sensors(352), 
  pPreviousSen    2    4[BANK0 ] PTR struct tag_SENSOR
		 -> sensors(352), 
  pLastSensor     2    2[BANK0 ] PTR struct tag_SENSOR
		 -> sensors(352), 
  data            2    0[BANK0 ] short 
  i               1    6[BANK0 ] unsigned char 
 Return value:  Size  Location     Type
		None               void
 Registers used:
		wreg, fsr1l, fsr1h, fsr2l, fsr2h, status,2, status,0, prodl, prodh, cstack
 Tracked objects:
		On entry : 
		On exit  : 
		Unchanged: 
 Data sizes:     COMRAM   BANK0   BANK1   BANK2   BANK3   BANK4   BANK5   BANK6   BANK7   BANK8   BANK9  BANK10  BANK11  BANK12  BANK13  BANK14  BANK15
      Params:         0       0       0       0       0       0       0       0       0       0       0       0       0       0       0       0       0
      Locals:         0       9       0       0       0       0       0       0       0       0       0       0       0       0       0       0       0
      Temps:          3       0       0       0       0       0       0       0       0       0       0       0       0       0       0       0       0
      Totals:         3       9       0       0       0       0       0       0       0       0       0       0       0       0       0       0       0
Total ram usage:       12 bytes
 Hardware stack levels used:    1
 Hardware stack levels required when called:    2
 This function calls:
		_MTouchAcquisitionCVD
		_MTouchSensorDecode
 This function is called by:
		_HI_ISR
 This function uses a non-reentrant model


 *************** function _MTouchSensorDecode *****************
 Defined at:
		line 136 in file "../lib/mTouchCap/mTouchSensor.c"
 Parameters:    Size  Location     Type
  pSensor         2   32[COMRAM] PTR struct tag_SENSOR
		 -> sensors(352), 
 Auto vars:     Size  Location     Type
  delta           2   38[COMRAM] short 
 Return value:  Size  Location     Type
		None               void
 Registers used:
		wreg, fsr1l, fsr1h, fsr2l, fsr2h, status,2, status,0, prodl, cstack
 Tracked objects:
		On entry : 
		On exit  : 
		Unchanged: 
 Data sizes:     COMRAM   BANK0   BANK1   BANK2   BANK3   BANK4   BANK5   BANK6   BANK7   BANK8   BANK9  BANK10  BANK11  BANK12  BANK13  BANK14  BANK15
      Params:         2       0       0       0       0       0       0       0       0       0       0       0       0       0       0       0       0
      Locals:         2       0       0       0       0       0       0       0       0       0       0       0       0       0       0       0       0
      Temps:          4       0       0       0       0       0       0       0       0       0       0       0       0       0       0       0       0
      Totals:         8       0       0       0       0       0       0       0       0       0       0       0       0       0       0       0       0
Total ram usage:        8 bytes
 Hardware stack levels used:    1
 Hardware stack levels required when called:    1
 This function calls:
		_MTouchUpdateSensorAverage
 This function is called by:
		_MTouchAcquisition
 This function uses a non-reentrant model


 *************** function _MTouchUpdateSensorAverage *****************
 Defined at:
		line 214 in file "../lib/mTouchCap/mTouchSensor.c"
 Parameters:    Size  Location     Type
  pSensor         2   23[COMRAM] PTR struct tag_SENSOR
		 -> sensors(352), 
  rate            2   25[COMRAM] unsigned short 
 Auto vars:     Size  Location     Type
		None
 Return value:  Size  Location     Type
		None               void
 Registers used:
		wreg, fsr2l, fsr2h, status,2, status,0
 Tracked objects:
		On entry : 
		On exit  : 
		Unchanged: 
 Data sizes:     COMRAM   BANK0   BANK1   BANK2   BANK3   BANK4   BANK5   BANK6   BANK7   BANK8   BANK9  BANK10  BANK11  BANK12  BANK13  BANK14  BANK15
      Params:         4       0       0       0       0       0       0       0       0       0       0       0       0       0       0       0       0
      Locals:         0       0       0       0       0       0       0       0       0       0       0       0       0       0       0       0       0
      Temps:          5       0       0       0       0       0       0       0       0       0       0       0       0       0       0       0       0
      Totals:         9       0       0       0       0       0       0       0       0       0       0       0       0       0       0       0       0
Total ram usage:        9 bytes
 Hardware stack levels used:    1
 This function calls:
		Nothing
 This function is called by:
		_MTouchSensorDecode
 This function uses a non-reentrant model


 *************** function _MTouchAcquisitionCVD *****************
 Defined at:
		line 121 in file "../lib/mTouchCap/mTouchAcquistion.c"
 Parameters:    Size  Location     Type
  pCurrentSens    2   23[COMRAM] PTR struct tag_SENSOR
		 -> sensors(352), 
  pPreviousSen    2   25[COMRAM] PTR struct tag_SENSOR
		 -> sensors(352), 
 Auto vars:     Size  Location     Type
  curTris         2   40[COMRAM] PTR volatile unsigned ch
		 -> TRISA(1), TRISB(1), 
  curLat          2   37[COMRAM] PTR volatile unsigned ch
		 -> LATA(1), LATB(1), 
  prevLat         2   35[COMRAM] PTR volatile unsigned ch
		 -> LATA(1), LATB(1), 
  prevTris        2   31[COMRAM] PTR volatile unsigned ch
		 -> TRISA(1), TRISB(1), 
  result          2   29[COMRAM] short 
  curIOMask       1   42[COMRAM] unsigned char 
  prevIOMask      1   39[COMRAM] unsigned char 
  curChannelNu    1   34[COMRAM] unsigned char 
  prevChannelN    1   33[COMRAM] unsigned char 
 Return value:  Size  Location     Type
                  2   23[COMRAM] short 
 Registers used:
		wreg, fsr2l, fsr2h, status,2, status,0
 Tracked objects:
		On entry : 
		On exit  : 
		Unchanged: 
 Data sizes:     COMRAM   BANK0   BANK1   BANK2   BANK3   BANK4   BANK5   BANK6   BANK7   BANK8   BANK9  BANK10  BANK11  BANK12  BANK13  BANK14  BANK15
      Params:         4       0       0       0       0       0       0       0       0       0       0       0       0       0       0       0       0
      Locals:        14       0       0       0       0       0       0       0       0       0       0       0       0       0       0       0       0
      Temps:          2       0       0       0       0       0       0       0       0       0       0       0       0       0       0       0       0
      Totals:        20       0       0       0       0       0       0       0       0       0       0       0       0       0       0       0       0
Total ram usage:       20 bytes
 Hardware stack levels used:    1
 This function calls:
		Nothing
 This function is called by:
		_MTouchAcquisition
 This function uses a non-reentrant model



MODULE INFORMATION

Module		Function		Class		Link	Load	Size
C:\Program Files\Microchip\xc8\v1.33\sources\common\llmod.c
		___llmod       		CODE           	4F4A	0000	164

C:\Program Files\Microchip\xc8\v1.33\sources\common\llmod.c estimated size: 164

../isr.c
		_HI_ISR        		CODE           	0008	0000	20290
		_LO_ISR        		CODE           	0018	0000	304
		_Beep          		CODE           	593C	0000	26

../isr.c estimated size: 20620

C:\Program Files\Microchip\xc8\v1.33\sources\common\flmul.c
		___flmul       		CODE           	396E	0000	478

C:\Program Files\Microchip\xc8\v1.33\sources\common\flmul.c estimated size: 478

../lib/messages.c
		_ProcessMessage		CODE           	497C	0000	256
		_SendMessage   		CODE           	5920	0000	28
		_GetMessage    		CODE           	56D0	0000	66
		_InitMessages  		CODE           	5116	0000	144

../lib/messages.c estimated size: 494

C:\Program Files\Microchip\xc8\v1.33\sources\common\fldivl.c
		__div_to_l_    		CODE           	2D76	0000	552

C:\Program Files\Microchip\xc8\v1.33\sources\common\fldivl.c estimated size: 552

../lib/ks0108.c
		_ks0108Enable  		CODE           	5688	0000	72
		_ks0108ReadData		CODE           	5086	0000	144
		_ks0108GotoXY  		CODE           	52C0	0000	140
		_LabelSetTxt   		CODE           	33AA	0000	500
		_ks0108SetDot  		CODE           	53D6	0000	136
		_ks0108Fill    		CODE           	563A	0000	78
		_ks0108PutChar 		CODE           	3D14	0000	452
		_ks0108Init    		CODE           	54CC	0000	102
		_ks0108WriteCom		CODE           	57EA	0000	50
		_ks0108ClearDot		CODE           	534C	0000	138
		_ks0108WriteDat		CODE           	5592	0000	90
		_LabelCreate   		CODE           	4FEE	0000	152

../lib/ks0108.c estimated size: 2054

C:\Program Files\Microchip\xc8\v1.33\sources\common\isdigit.c
		_isdigit       		CODE           	584C	0000	44

C:\Program Files\Microchip\xc8\v1.33\sources\common\isdigit.c estimated size: 44

C:\Program Files\Microchip\xc8\v1.33\sources\common\awdiv.c
		___awdiv       		CODE           	4A7C	0000	226

C:\Program Files\Microchip\xc8\v1.33\sources\common\awdiv.c estimated size: 226

C:\Program Files\Microchip\xc8\v1.33\sources\common\double.c
		___flpack      		CODE           	405E	0000	382

C:\Program Files\Microchip\xc8\v1.33\sources\common\double.c estimated size: 382

C:\Program Files\Microchip\xc8\v1.33\sources\common\fltol.c
		___fltol       		CODE           	4354	0000	372

C:\Program Files\Microchip\xc8\v1.33\sources\common\fltol.c estimated size: 372

C:\Program Files\Microchip\xc8\v1.33\sources\common\lldiv.c
		___lldiv       		CODE           	4C38	0000	212

C:\Program Files\Microchip\xc8\v1.33\sources\common\lldiv.c estimated size: 212

C:\Program Files\Microchip\xc8\v1.33\sources\common\fladd.c
		___fladd       		CODE           	25A2	0000	756

C:\Program Files\Microchip\xc8\v1.33\sources\common\fladd.c estimated size: 756

../Main.c
		_tsk_display   		CODE           	1556	0000	1404
		_tsk_ds18b20   		CODE           	31A6	0000	516
		_main          		CODE           	41DC	0000	376
		_tsk_rx        		CODE           	5234	0000	140
		_tsk_process_bt		CODE           	44C8	0000	362
		_tsk_btn       		CODE           	5904	0000	28

../Main.c estimated size: 2826

C:\Program Files\Microchip\xc8\v1.33\sources\common\awtofl.c
		___awtofl      		CODE           	5532	0000	96

C:\Program Files\Microchip\xc8\v1.33\sources\common\awtofl.c estimated size: 96

../lib/ow.c
		_write_1wire   		CODE           	3ED8	0000	390
		_init_1wire    		CODE           	4872	0000	266
		_read_1wire    		CODE           	4632	0000	304
		_ds18b20_read  		CODE           	3B4C	0000	456
		_ow_delay      		CODE           	5956	0000	26
		_ds18b20_start 		CODE           	545E	0000	110

../lib/ow.c estimated size: 1552

../lib/mTouchCap/mTouchAcquistion.c
		_MTouchAcquisit		CODE           	2896	0000	690

../lib/mTouchCap/mTouchAcquistion.c estimated size: 690

shared
		_gost12        		MEDIUMCONST    	DB72	0000	5578
		__stringdata   		MEDIUMCONST    	FF6E	0000	145
		_in_packet_temp		MEDIUMCONST    	F33C	0000	54
		is_ee_wr@F8825 		MEDIUMCONST    	F402	0000	32
		__powers_      		MEDIUMCONST    	F3A6	0000	52
		_dscrc_table   		MEDIUMCONST    	F13C	0000	256
		_font13        		MEDIUMCONST    	F422	0000	2892
		_dpowers       		MEDIUMCONST    	F3DA	0000	40
		_eedata        		MEDIUMCONST    	F23C	0000	256
		_font23        		MEDIUMCONST    	C42F	0000	5955
		__npowers_     		MEDIUMCONST    	F372	0000	52
		i1_DelayMs     		CODE           	5878	0000	40
		__initializatio		CODE           	51A6	0000	132

shared estimated size: 15484

../lib/mTouchCap/mTouchControl.c
		_MTouchDecode  		CODE           	599E	0000	6

../lib/mTouchCap/mTouchControl.c estimated size: 6

C:\Program Files\Microchip\xc8\v1.33\sources\common\doprnt.c
		_scale         		CODE           	0FBC	0000	1434
		_sprintf       		CODE           	014C	0000	3696
		_fround        		CODE           	1F5E	0000	830

C:\Program Files\Microchip\xc8\v1.33\sources\common\doprnt.c estimated size: 5960

C:\Program Files\Microchip\xc8\v1.33\sources\common\flneg.c
		___flneg       		CODE           	5712	0000	60

C:\Program Files\Microchip\xc8\v1.33\sources\common\flneg.c estimated size: 60

C:\Program Files\Microchip\xc8\v1.33\sources\common\lltofl.c
		___lltofl      		CODE           	57B8	0000	50

C:\Program Files\Microchip\xc8\v1.33\sources\common\lltofl.c estimated size: 50

C:\Program Files\Microchip\xc8\v1.33\sources\common\ftdivl.c
		__tdiv_to_l_   		CODE           	378E	0000	480

C:\Program Files\Microchip\xc8\v1.33\sources\common\ftdivl.c estimated size: 480

C:\Program Files\Microchip\xc8\v1.33\sources\common\flsub.c
		___flsub       		CODE           	55EC	0000	78

C:\Program Files\Microchip\xc8\v1.33\sources\common\flsub.c estimated size: 78

../lib/usart.c
		_putbyte       		CODE           	5970	0000	24
		_uart16_init   		CODE           	58E6	0000	30
		_timed_getc    		CODE           	5784	0000	52
		_putstrc       		CODE           	58A0	0000	36
		_getbyte       		CODE           	5988	0000	12

../lib/usart.c estimated size: 154

C:\Program Files\Microchip\xc8\v1.33\sources\common\flge.c
		___flge        		CODE           	4762	0000	272

C:\Program Files\Microchip\xc8\v1.33\sources\common\flge.c estimated size: 272

C:\Program Files\Microchip\xc8\v1.33\sources\common\Umul16.c
		___wmul        		CODE           	574E	0000	54

C:\Program Files\Microchip\xc8\v1.33\sources\common\Umul16.c estimated size: 54

../lib/delay.c
		_DelayMs       		CODE           	581C	0000	48

../lib/delay.c estimated size: 48

../misc.c
		_InitializeSyst		CODE           	1AD2	0000	1164

../misc.c estimated size: 1164

../lib/mTouchCap/mTouchSensor.c
		_MTouchSetSenso		CODE           	2B48	0000	558
		_MTouchAcquisit		CODE           	359E	0000	496
		_MTouchInit    		CODE           	58C4	0000	34
		_MTouchSensorDe		CODE           	2F9E	0000	520
		_MTouchUpdateSe		CODE           	4B5E	0000	218

../lib/mTouchCap/mTouchSensor.c estimated size: 1826

../lib/mTouchCap/mTouchButton.c
		_MTouchSetButto		CODE           	4DD0	0000	192
		_MTouchDecodeBu		CODE           	229C	0000	774

../lib/mTouchCap/mTouchButton.c estimated size: 966

C:\Program Files\Microchip\xc8\v1.33\sources\common\awmod.c
		___awmod       		CODE           	4D0C	0000	196

C:\Program Files\Microchip\xc8\v1.33\sources\common\awmod.c estimated size: 196

